L 04/22/2026 - 07:13:37: SourceMod error session started
L 04/22/2026 - 07:13:37: Info (map "dm_gallery") (file "D:\Game\CSSPB\cstrike\addons\sourcemod\logs\errors_20260422.log")
L 04/22/2026 - 07:13:37: [SM] Exception reported: Entity 1 is invalid
L 04/22/2026 - 07:13:37: [SM] Blaming: WeaponGiver.smx
L 04/22/2026 - 07:13:37: [SM] Call stack trace:
L 04/22/2026 - 07:13:37: [SM]   [0] SDKHook
L 04/22/2026 - 07:13:37: [SM]   [1] Line 563, D:\Game\CSSPB v2.0\cstrike\addons\sourcemod\scripting\WeaponGiver.sp::OnClientConnected
L 04/22/2026 - 07:16:52: Error log file session closed.
L 04/22/2026 - 15:42:42: SourceMod error session started
L 04/22/2026 - 15:42:42: Info (map "dm_gallery") (file "D:\Game\CSSPB\cstrike\addons\sourcemod\logs\errors_20260422.log")
L 04/22/2026 - 15:42:42: [SM] Exception reported: Entity 1 is invalid
L 04/22/2026 - 15:42:42: [SM] Blaming: WeaponGiver.smx
L 04/22/2026 - 15:42:42: [SM] Call stack trace:
L 04/22/2026 - 15:42:42: [SM]   [0] SDKHook
L 04/22/2026 - 15:42:43: [SM]   [1] Line 563, D:\Game\CSSPB v2.0\cstrike\addons\sourcemod\scripting\WeaponGiver.sp::OnClientConnected
L 04/22/2026 - 15:46:02: Error log file session closed.
L 04/22/2026 - 21:51:15: SourceMod error session started
L 04/22/2026 - 21:51:15: Info (map "dm_gallery") (file "D:\Game\CSSPB\cstrike\addons\sourcemod\logs\errors_20260422.log")
L 04/22/2026 - 21:51:15: [SM] Exception reported: Entity 1 is invalid
L 04/22/2026 - 21:51:15: [SM] Blaming: WeaponGiver.smx
L 04/22/2026 - 21:51:15: [SM] Call stack trace:
L 04/22/2026 - 21:51:15: [SM]   [0] SDKHook
L 04/22/2026 - 21:51:15: [SM]   [1] Line 563, D:\Game\CSSPB v2.0\cstrike\addons\sourcemod\scripting\WeaponGiver.sp::OnClientConnected
L 04/22/2026 - 21:54:36: Error log file session closed.
L 04/22/2026 - 23:10:20: SourceMod error session started
L 04/22/2026 - 23:10:20: Info (map "dm_gallery") (file "D:\Game\CSSPB\cstrike\addons\sourcemod\logs\errors_20260422.log")
L 04/22/2026 - 23:10:20: [SM] Exception reported: Entity 1 is invalid
L 04/22/2026 - 23:10:20: [SM] Blaming: WeaponGiver.smx
L 04/22/2026 - 23:10:20: [SM] Call stack trace:
L 04/22/2026 - 23:10:20: [SM]   [0] SDKHook
L 04/22/2026 - 23:10:20: [SM]   [1] Line 563, D:\Game\CSSPB v2.0\cstrike\addons\sourcemod\scripting\WeaponGiver.sp::OnClientConnected
L 04/22/2026 - 23:11:38: Error log file session closed.
L 04/22/2026 - 23:25:35: SourceMod error session started
L 04/22/2026 - 23:25:35: Info (map "dm_gallery") (file "D:\Game\CSSPB\cstrike\addons\sourcemod\logs\errors_20260422.log")
L 04/22/2026 - 23:25:35: [SM] Exception reported: Entity 1 is invalid
L 04/22/2026 - 23:25:35: [SM] Blaming: WeaponGiver.smx
L 04/22/2026 - 23:25:35: [SM] Call stack trace:
L 04/22/2026 - 23:25:35: [SM]   [0] SDKHook
L 04/22/2026 - 23:25:35: [SM]   [1] Line 563, D:\Game\CSSPB v2.0\cstrike\addons\sourcemod\scripting\WeaponGiver.sp::OnClientConnected
L 04/22/2026 - 23:27:02: Error log file session closed.
L 04/22/2026 - 23:27:30: SourceMod error session started
L 04/22/2026 - 23:27:30: Info (map "dm_gallery") (file "D:\Game\CSSPB\cstrike\addons\sourcemod\logs\errors_20260422.log")
L 04/22/2026 - 23:27:30: [SM] Exception reported: Entity 1 is invalid
L 04/22/2026 - 23:27:30: [SM] Blaming: WeaponGiver.smx
L 04/22/2026 - 23:27:30: [SM] Call stack trace:
L 04/22/2026 - 23:27:30: [SM]   [0] SDKHook
L 04/22/2026 - 23:27:30: [SM]   [1] Line 563, D:\Game\CSSPB v2.0\cstrike\addons\sourcemod\scripting\WeaponGiver.sp::OnClientConnected
L 04/22/2026 - 23:30:36: Error log file session closed.
L 04/22/2026 - 23:41:12: SourceMod error session started
L 04/22/2026 - 23:41:12: Info (map "dm_gallery") (file "D:\Game\CSSPB\cstrike\addons\sourcemod\logs\errors_20260422.log")
L 04/22/2026 - 23:41:12: [SM] Exception reported: Entity 1 is invalid
L 04/22/2026 - 23:41:12: [SM] Blaming: WeaponGiver.smx
L 04/22/2026 - 23:41:12: [SM] Call stack trace:
L 04/22/2026 - 23:41:12: [SM]   [0] SDKHook
L 04/22/2026 - 23:41:12: [SM]   [1] Line 563, D:\Game\CSSPB v2.0\cstrike\addons\sourcemod\scripting\WeaponGiver.sp::OnClientConnected
L 04/22/2026 - 23:42:07: Error log file session closed.
L 04/22/2026 - 23:42:46: SourceMod error session started
L 04/22/2026 - 23:42:46: Info (map "de_dust2") (file "D:\Game\CSSPB\cstrike\addons\sourcemod\logs\errors_20260422.log")
L 04/22/2026 - 23:42:46: [SM] Exception reported: Entity 1 is invalid
L 04/22/2026 - 23:42:46: [SM] Blaming: WeaponGiver.smx
L 04/22/2026 - 23:42:46: [SM] Call stack trace:
L 04/22/2026 - 23:42:46: [SM]   [0] SDKHook
L 04/22/2026 - 23:42:46: [SM]   [1] Line 563, D:\Game\CSSPB v2.0\cstrike\addons\sourcemod\scripting\WeaponGiver.sp::OnClientConnected
L 04/22/2026 - 23:47:17: Error log file session closed.
L 04/22/2026 - 23:47:51: SourceMod error session started
L 04/22/2026 - 23:47:51: Info (map "de_dust2") (file "D:\Game\CSSPB\cstrike\addons\sourcemod\logs\errors_20260422.log")
L 04/22/2026 - 23:47:51: [SM] Exception reported: Entity 1 is invalid
L 04/22/2026 - 23:47:51: [SM] Blaming: WeaponGiver.smx
L 04/22/2026 - 23:47:51: [SM] Call stack trace:
L 04/22/2026 - 23:47:51: [SM]   [0] SDKHook
L 04/22/2026 - 23:47:51: [SM]   [1] Line 563, D:\Game\CSSPB v2.0\cstrike\addons\sourcemod\scripting\WeaponGiver.sp::OnClientConnected
L 04/22/2026 - 23:50:21: Error log file session closed.
L 04/22/2026 - 23:50:47: SourceMod error session started
L 04/22/2026 - 23:50:47: Info (map "de_dust2") (file "D:\Game\CSSPB\cstrike\addons\sourcemod\logs\errors_20260422.log")
L 04/22/2026 - 23:50:47: [SM] Exception reported: Entity 1 is invalid
L 04/22/2026 - 23:50:47: [SM] Blaming: WeaponGiver.smx
L 04/22/2026 - 23:50:47: [SM] Call stack trace:
L 04/22/2026 - 23:50:47: [SM]   [0] SDKHook
L 04/22/2026 - 23:50:47: [SM]   [1] Line 563, D:\Game\CSSPB v2.0\cstrike\addons\sourcemod\scripting\WeaponGiver.sp::OnClientConnected
L 04/22/2026 - 23:51:35: Error log file session closed.
L 04/22/2026 - 23:52:16: SourceMod error session started
L 04/22/2026 - 23:52:16: Info (map "de_dust2") (file "D:\Game\CSSPB\cstrike\addons\sourcemod\logs\errors_20260422.log")
L 04/22/2026 - 23:52:16: [SM] Exception reported: Entity 1 is invalid
L 04/22/2026 - 23:52:16: [SM] Blaming: WeaponGiver.smx
L 04/22/2026 - 23:52:16: [SM] Call stack trace:
L 04/22/2026 - 23:52:16: [SM]   [0] SDKHook
L 04/22/2026 - 23:52:16: [SM]   [1] Line 563, D:\Game\CSSPB v2.0\cstrike\addons\sourcemod\scripting\WeaponGiver.sp::OnClientConnected
L 04/22/2026 - 23:52:38: Error log file session closed.
L 04/22/2026 - 23:53:10: SourceMod error session started
L 04/22/2026 - 23:53:10: Info (map "de_dust2") (file "D:\Game\CSSPB\cstrike\addons\sourcemod\logs\errors_20260422.log")
L 04/22/2026 - 23:53:10: [SM] Exception reported: Entity 1 is invalid
L 04/22/2026 - 23:53:10: [SM] Blaming: WeaponGiver.smx
L 04/22/2026 - 23:53:10: [SM] Call stack trace:
L 04/22/2026 - 23:53:10: [SM]   [0] SDKHook
L 04/22/2026 - 23:53:10: [SM]   [1] Line 563, D:\Game\CSSPB v2.0\cstrike\addons\sourcemod\scripting\WeaponGiver.sp::OnClientConnected
L 04/22/2026 - 23:55:14: [SM] Exception reported: Client index 0 is invalid
L 04/22/2026 - 23:55:14: [SM] Blaming: OverlayPackPB.smx
L 04/22/2026 - 23:55:14: [SM] Call stack trace:
L 04/22/2026 - 23:55:14: [SM]   [0] EmitSound
L 04/22/2026 - 23:55:14: [SM]   [1] Line 433, sdktools_sound::EmitSoundToClient
L 04/22/2026 - 23:55:14: [SM]   [2] Line 489, D:\Game\CSSPB v2.0\cstrike\addons\sourcemod\scripting\OverlayPackPB.sp::OnPlayerHurt
L 04/22/2026 - 23:55:14: [SM] Exception reported: Client index 0 is invalid
L 04/22/2026 - 23:55:14: [SM] Blaming: OverlayPackPB.smx
L 04/22/2026 - 23:55:14: [SM] Call stack trace:
L 04/22/2026 - 23:55:14: [SM]   [0] EmitSound
L 04/22/2026 - 23:55:14: [SM]   [1] Line 433, sdktools_sound::EmitSoundToClient
L 04/22/2026 - 23:55:14: [SM]   [2] Line 489, D:\Game\CSSPB v2.0\cstrike\addons\sourcemod\scripting\OverlayPackPB.sp::OnPlayerHurt
L 04/22/2026 - 23:57:26: [SM] Exception reported: Client index 0 is invalid
L 04/22/2026 - 23:57:26: [SM] Blaming: OverlayPackPB.smx
L 04/22/2026 - 23:57:26: [SM] Call stack trace:
L 04/22/2026 - 23:57:26: [SM]   [0] EmitSound
L 04/22/2026 - 23:57:26: [SM]   [1] Line 433, sdktools_sound::EmitSoundToClient
L 04/22/2026 - 23:57:26: [SM]   [2] Line 489, D:\Game\CSSPB v2.0\cstrike\addons\sourcemod\scripting\OverlayPackPB.sp::OnPlayerHurt
L 04/22/2026 - 23:58:08: Error log file session closed.
L 04/22/2026 - 23:58:34: SourceMod error session started
L 04/22/2026 - 23:58:34: Info (map "de_dust2") (file "D:\Game\CSSPB\cstrike\addons\sourcemod\logs\errors_20260422.log")
L 04/22/2026 - 23:58:34: [SM] Exception reported: Entity 1 is invalid
L 04/22/2026 - 23:58:34: [SM] Blaming: WeaponGiver.smx
L 04/22/2026 - 23:58:34: [SM] Call stack trace:
L 04/22/2026 - 23:58:34: [SM]   [0] SDKHook
L 04/22/2026 - 23:58:35: [SM]   [1] Line 563, D:\Game\CSSPB v2.0\cstrike\addons\sourcemod\scripting\WeaponGiver.sp::OnClientConnected
L 04/23/2026 - 00:03:03: Error log file session closed.
