L 04/24/2026 - 06:45:16: SourceMod error session started
L 04/24/2026 - 06:45:16: Info (map "dm_gallery") (file "D:\Game\CSSPB\cstrike\addons\sourcemod\logs\errors_20260424.log")
L 04/24/2026 - 06:45:16: [SM] Exception reported: Entity 1 is invalid
L 04/24/2026 - 06:45:16: [SM] Blaming: WeaponGiver.smx
L 04/24/2026 - 06:45:16: [SM] Call stack trace:
L 04/24/2026 - 06:45:16: [SM]   [0] SDKHook
L 04/24/2026 - 06:45:16: [SM]   [1] Line 563, D:\Game\CSSPB v2.0\cstrike\addons\sourcemod\scripting\WeaponGiver.sp::OnClientConnected
L 04/24/2026 - 06:48:46: Error log file session closed.
L 04/24/2026 - 06:54:57: SourceMod error session started
L 04/24/2026 - 06:54:57: Info (map "de_dust2") (file "D:\Game\CSSPB\cstrike\addons\sourcemod\logs\errors_20260424.log")
L 04/24/2026 - 06:54:57: [SM] Exception reported: Entity 1 is invalid
L 04/24/2026 - 06:54:57: [SM] Blaming: WeaponGiver.smx
L 04/24/2026 - 06:54:57: [SM] Call stack trace:
L 04/24/2026 - 06:54:57: [SM]   [0] SDKHook
L 04/24/2026 - 06:54:57: [SM]   [1] Line 563, D:\Game\CSSPB v2.0\cstrike\addons\sourcemod\scripting\WeaponGiver.sp::OnClientConnected
L 04/24/2026 - 06:57:22: Error log file session closed.
L 04/24/2026 - 06:57:46: SourceMod error session started
L 04/24/2026 - 06:57:46: Info (map "de_dust2") (file "D:\Game\CSSPB\cstrike\addons\sourcemod\logs\errors_20260424.log")
L 04/24/2026 - 06:57:46: [SM] Exception reported: Entity 1 is invalid
L 04/24/2026 - 06:57:46: [SM] Blaming: WeaponGiver.smx
L 04/24/2026 - 06:57:46: [SM] Call stack trace:
L 04/24/2026 - 06:57:46: [SM]   [0] SDKHook
L 04/24/2026 - 06:57:46: [SM]   [1] Line 563, D:\Game\CSSPB v2.0\cstrike\addons\sourcemod\scripting\WeaponGiver.sp::OnClientConnected
L 04/24/2026 - 06:57:56: Error log file session closed.
L 04/24/2026 - 06:58:21: SourceMod error session started
L 04/24/2026 - 06:58:21: Info (map "de_dust2") (file "D:\Game\CSSPB\cstrike\addons\sourcemod\logs\errors_20260424.log")
L 04/24/2026 - 06:58:21: [SM] Exception reported: Entity 1 is invalid
L 04/24/2026 - 06:58:21: [SM] Blaming: WeaponGiver.smx
L 04/24/2026 - 06:58:21: [SM] Call stack trace:
L 04/24/2026 - 06:58:21: [SM]   [0] SDKHook
L 04/24/2026 - 06:58:21: [SM]   [1] Line 563, D:\Game\CSSPB v2.0\cstrike\addons\sourcemod\scripting\WeaponGiver.sp::OnClientConnected
L 04/24/2026 - 06:58:45: Error log file session closed.
L 04/24/2026 - 06:59:11: SourceMod error session started
L 04/24/2026 - 06:59:11: Info (map "de_dust2") (file "D:\Game\CSSPB\cstrike\addons\sourcemod\logs\errors_20260424.log")
L 04/24/2026 - 06:59:11: [SM] Exception reported: Entity 1 is invalid
L 04/24/2026 - 06:59:11: [SM] Blaming: WeaponGiver.smx
L 04/24/2026 - 06:59:11: [SM] Call stack trace:
L 04/24/2026 - 06:59:11: [SM]   [0] SDKHook
L 04/24/2026 - 06:59:11: [SM]   [1] Line 563, D:\Game\CSSPB v2.0\cstrike\addons\sourcemod\scripting\WeaponGiver.sp::OnClientConnected
L 04/24/2026 - 06:59:39: Error log file session closed.
L 04/24/2026 - 07:02:58: SourceMod error session started
L 04/24/2026 - 07:02:58: Info (map "de_dust2") (file "D:\Game\CSSPB\cstrike\addons\sourcemod\logs\errors_20260424.log")
L 04/24/2026 - 07:02:58: [SM] Exception reported: Entity 1 is invalid
L 04/24/2026 - 07:02:58: [SM] Blaming: WeaponGiver.smx
L 04/24/2026 - 07:02:58: [SM] Call stack trace:
L 04/24/2026 - 07:02:58: [SM]   [0] SDKHook
L 04/24/2026 - 07:02:58: [SM]   [1] Line 563, D:\Game\CSSPB v2.0\cstrike\addons\sourcemod\scripting\WeaponGiver.sp::OnClientConnected
L 04/24/2026 - 07:03:06: Error log file session closed.
L 04/24/2026 - 07:03:46: SourceMod error session started
L 04/24/2026 - 07:03:46: Info (map "de_dust2") (file "D:\Game\CSSPB\cstrike\addons\sourcemod\logs\errors_20260424.log")
L 04/24/2026 - 07:03:46: [SM] Exception reported: Entity 1 is invalid
L 04/24/2026 - 07:03:46: [SM] Blaming: WeaponGiver.smx
L 04/24/2026 - 07:03:46: [SM] Call stack trace:
L 04/24/2026 - 07:03:46: [SM]   [0] SDKHook
L 04/24/2026 - 07:03:46: [SM]   [1] Line 563, D:\Game\CSSPB v2.0\cstrike\addons\sourcemod\scripting\WeaponGiver.sp::OnClientConnected
L 04/24/2026 - 07:04:01: Error log file session closed.
L 04/24/2026 - 07:10:36: SourceMod error session started
L 04/24/2026 - 07:10:36: Info (map "dm_gallery") (file "D:\Game\CSSPB\cstrike\addons\sourcemod\logs\errors_20260424.log")
L 04/24/2026 - 07:10:36: [SM] Exception reported: Entity 1 is invalid
L 04/24/2026 - 07:10:36: [SM] Blaming: WeaponGiver.smx
L 04/24/2026 - 07:10:36: [SM] Call stack trace:
L 04/24/2026 - 07:10:36: [SM]   [0] SDKHook
L 04/24/2026 - 07:10:36: [SM]   [1] Line 563, D:\Game\CSSPB v2.0\cstrike\addons\sourcemod\scripting\WeaponGiver.sp::OnClientConnected
L 04/24/2026 - 07:10:54: Error log file session closed.
L 04/24/2026 - 07:11:43: SourceMod error session started
L 04/24/2026 - 07:11:43: Info (map "dm_gallery") (file "D:\Game\CSSPB\cstrike\addons\sourcemod\logs\errors_20260424.log")
L 04/24/2026 - 07:11:43: [SM] Exception reported: Entity 1 is invalid
L 04/24/2026 - 07:11:43: [SM] Blaming: WeaponGiver.smx
L 04/24/2026 - 07:11:43: [SM] Call stack trace:
L 04/24/2026 - 07:11:43: [SM]   [0] SDKHook
L 04/24/2026 - 07:11:43: [SM]   [1] Line 563, D:\Game\CSSPB v2.0\cstrike\addons\sourcemod\scripting\WeaponGiver.sp::OnClientConnected
L 04/24/2026 - 07:13:28: Error log file session closed.
L 04/24/2026 - 07:19:21: SourceMod error session started
L 04/24/2026 - 07:19:21: Info (map "dm_gallery") (file "D:\Game\CSSPB\cstrike\addons\sourcemod\logs\errors_20260424.log")
L 04/24/2026 - 07:19:21: [SM] Exception reported: Entity 1 is invalid
L 04/24/2026 - 07:19:21: [SM] Blaming: WeaponGiver.smx
L 04/24/2026 - 07:19:21: [SM] Call stack trace:
L 04/24/2026 - 07:19:21: [SM]   [0] SDKHook
L 04/24/2026 - 07:19:21: [SM]   [1] Line 563, D:\Game\CSSPB v2.0\cstrike\addons\sourcemod\scripting\WeaponGiver.sp::OnClientConnected
L 04/24/2026 - 07:22:24: Error log file session closed.
L 04/24/2026 - 07:23:17: SourceMod error session started
L 04/24/2026 - 07:23:17: Info (map "de_dust2") (file "D:\Game\CSSPB\cstrike\addons\sourcemod\logs\errors_20260424.log")
L 04/24/2026 - 07:23:17: [SM] Exception reported: Entity 1 is invalid
L 04/24/2026 - 07:23:17: [SM] Blaming: WeaponGiver.smx
L 04/24/2026 - 07:23:17: [SM] Call stack trace:
L 04/24/2026 - 07:23:17: [SM]   [0] SDKHook
L 04/24/2026 - 07:23:17: [SM]   [1] Line 563, D:\Game\CSSPB v2.0\cstrike\addons\sourcemod\scripting\WeaponGiver.sp::OnClientConnected
L 04/24/2026 - 07:24:09: Error log file session closed.
L 04/24/2026 - 07:24:45: SourceMod error session started
L 04/24/2026 - 07:24:45: Info (map "de_dust2") (file "D:\Game\CSSPB\cstrike\addons\sourcemod\logs\errors_20260424.log")
L 04/24/2026 - 07:24:45: [SM] Exception reported: Entity 1 is invalid
L 04/24/2026 - 07:24:45: [SM] Blaming: WeaponGiver.smx
L 04/24/2026 - 07:24:45: [SM] Call stack trace:
L 04/24/2026 - 07:24:45: [SM]   [0] SDKHook
L 04/24/2026 - 07:24:45: [SM]   [1] Line 563, D:\Game\CSSPB v2.0\cstrike\addons\sourcemod\scripting\WeaponGiver.sp::OnClientConnected
L 04/24/2026 - 07:25:49: Error log file session closed.
L 04/24/2026 - 07:28:25: SourceMod error session started
L 04/24/2026 - 07:28:25: Info (map "de_dust2") (file "D:\Game\CSSPB\cstrike\addons\sourcemod\logs\errors_20260424.log")
L 04/24/2026 - 07:28:25: [SM] Exception reported: Entity 1 is invalid
L 04/24/2026 - 07:28:25: [SM] Blaming: WeaponGiver.smx
L 04/24/2026 - 07:28:25: [SM] Call stack trace:
L 04/24/2026 - 07:28:25: [SM]   [0] SDKHook
L 04/24/2026 - 07:28:25: [SM]   [1] Line 563, D:\Game\CSSPB v2.0\cstrike\addons\sourcemod\scripting\WeaponGiver.sp::OnClientConnected
L 04/24/2026 - 07:29:04: Error log file session closed.
L 04/24/2026 - 07:29:31: SourceMod error session started
L 04/24/2026 - 07:29:31: Info (map "de_dust2") (file "D:\Game\CSSPB\cstrike\addons\sourcemod\logs\errors_20260424.log")
L 04/24/2026 - 07:29:31: [SM] Exception reported: Entity 1 is invalid
L 04/24/2026 - 07:29:31: [SM] Blaming: WeaponGiver.smx
L 04/24/2026 - 07:29:31: [SM] Call stack trace:
L 04/24/2026 - 07:29:31: [SM]   [0] SDKHook
L 04/24/2026 - 07:29:31: [SM]   [1] Line 563, D:\Game\CSSPB v2.0\cstrike\addons\sourcemod\scripting\WeaponGiver.sp::OnClientConnected
L 04/24/2026 - 07:30:04: Error log file session closed.
L 04/24/2026 - 07:30:32: SourceMod error session started
L 04/24/2026 - 07:30:32: Info (map "de_dust2") (file "D:\Game\CSSPB\cstrike\addons\sourcemod\logs\errors_20260424.log")
L 04/24/2026 - 07:30:32: [SM] Exception reported: Entity 1 is invalid
L 04/24/2026 - 07:30:32: [SM] Blaming: WeaponGiver.smx
L 04/24/2026 - 07:30:32: [SM] Call stack trace:
L 04/24/2026 - 07:30:32: [SM]   [0] SDKHook
L 04/24/2026 - 07:30:32: [SM]   [1] Line 563, D:\Game\CSSPB v2.0\cstrike\addons\sourcemod\scripting\WeaponGiver.sp::OnClientConnected
L 04/24/2026 - 07:31:47: Error log file session closed.
L 04/24/2026 - 07:32:30: SourceMod error session started
L 04/24/2026 - 07:32:30: Info (map "de_dust2") (file "D:\Game\CSSPB\cstrike\addons\sourcemod\logs\errors_20260424.log")
L 04/24/2026 - 07:32:30: [SM] Exception reported: Entity 1 is invalid
L 04/24/2026 - 07:32:30: [SM] Blaming: WeaponGiver.smx
L 04/24/2026 - 07:32:30: [SM] Call stack trace:
L 04/24/2026 - 07:32:30: [SM]   [0] SDKHook
L 04/24/2026 - 07:32:30: [SM]   [1] Line 563, D:\Game\CSSPB v2.0\cstrike\addons\sourcemod\scripting\WeaponGiver.sp::OnClientConnected
L 04/24/2026 - 07:35:42: Error log file session closed.
L 04/24/2026 - 07:43:15: SourceMod error session started
L 04/24/2026 - 07:43:15: Info (map "de_dust2") (file "D:\Game\CSSPB\cstrike\addons\sourcemod\logs\errors_20260424.log")
L 04/24/2026 - 07:43:15: [SM] Exception reported: Entity 1 is invalid
L 04/24/2026 - 07:43:15: [SM] Blaming: WeaponGiver.smx
L 04/24/2026 - 07:43:15: [SM] Call stack trace:
L 04/24/2026 - 07:43:15: [SM]   [0] SDKHook
L 04/24/2026 - 07:43:15: [SM]   [1] Line 563, D:\Game\CSSPB v2.0\cstrike\addons\sourcemod\scripting\WeaponGiver.sp::OnClientConnected
L 04/24/2026 - 07:44:15: Error log file session closed.
L 04/24/2026 - 07:47:55: SourceMod error session started
L 04/24/2026 - 07:47:55: Info (map "de_dust2") (file "D:\Game\CSSPB\cstrike\addons\sourcemod\logs\errors_20260424.log")
L 04/24/2026 - 07:47:55: [SM] Exception reported: Entity 1 is invalid
L 04/24/2026 - 07:47:55: [SM] Blaming: WeaponGiver.smx
L 04/24/2026 - 07:47:55: [SM] Call stack trace:
L 04/24/2026 - 07:47:55: [SM]   [0] SDKHook
L 04/24/2026 - 07:47:55: [SM]   [1] Line 563, D:\Game\CSSPB v2.0\cstrike\addons\sourcemod\scripting\WeaponGiver.sp::OnClientConnected
L 04/24/2026 - 07:51:51: Error log file session closed.
L 04/24/2026 - 07:52:31: SourceMod error session started
L 04/24/2026 - 07:52:31: Info (map "de_dust2") (file "D:\Game\CSSPB\cstrike\addons\sourcemod\logs\errors_20260424.log")
L 04/24/2026 - 07:52:31: [SM] Exception reported: Entity 1 is invalid
L 04/24/2026 - 07:52:31: [SM] Blaming: WeaponGiver.smx
L 04/24/2026 - 07:52:31: [SM] Call stack trace:
L 04/24/2026 - 07:52:31: [SM]   [0] SDKHook
L 04/24/2026 - 07:52:31: [SM]   [1] Line 563, D:\Game\CSSPB v2.0\cstrike\addons\sourcemod\scripting\WeaponGiver.sp::OnClientConnected
L 04/24/2026 - 07:54:23: Error log file session closed.
L 04/24/2026 - 07:55:44: SourceMod error session started
L 04/24/2026 - 07:55:44: Info (map "de_dust2") (file "D:\Game\CSSPB\cstrike\addons\sourcemod\logs\errors_20260424.log")
L 04/24/2026 - 07:55:44: [SM] Exception reported: Entity 1 is invalid
L 04/24/2026 - 07:55:44: [SM] Blaming: WeaponGiver.smx
L 04/24/2026 - 07:55:44: [SM] Call stack trace:
L 04/24/2026 - 07:55:44: [SM]   [0] SDKHook
L 04/24/2026 - 07:55:44: [SM]   [1] Line 563, D:\Game\CSSPB v2.0\cstrike\addons\sourcemod\scripting\WeaponGiver.sp::OnClientConnected
L 04/24/2026 - 07:57:51: Error log file session closed.
