L 04/23/2026 - 00:03:28: SourceMod error session started
L 04/23/2026 - 00:03:28: Info (map "de_dust2") (file "D:\Game\CSSPB\cstrike\addons\sourcemod\logs\errors_20260423.log")
L 04/23/2026 - 00:03:28: [SM] Exception reported: Entity 1 is invalid
L 04/23/2026 - 00:03:28: [SM] Blaming: WeaponGiver.smx
L 04/23/2026 - 00:03:28: [SM] Call stack trace:
L 04/23/2026 - 00:03:28: [SM]   [0] SDKHook
L 04/23/2026 - 00:03:28: [SM]   [1] Line 563, D:\Game\CSSPB v2.0\cstrike\addons\sourcemod\scripting\WeaponGiver.sp::OnClientConnected
L 04/23/2026 - 00:04:19: Error log file session closed.
L 04/23/2026 - 00:05:21: SourceMod error session started
L 04/23/2026 - 00:05:21: Info (map "de_dust2") (file "D:\Game\CSSPB\cstrike\addons\sourcemod\logs\errors_20260423.log")
L 04/23/2026 - 00:05:21: [SM] Exception reported: Entity 1 is invalid
L 04/23/2026 - 00:05:21: [SM] Blaming: WeaponGiver.smx
L 04/23/2026 - 00:05:21: [SM] Call stack trace:
L 04/23/2026 - 00:05:21: [SM]   [0] SDKHook
L 04/23/2026 - 00:05:21: [SM]   [1] Line 563, D:\Game\CSSPB v2.0\cstrike\addons\sourcemod\scripting\WeaponGiver.sp::OnClientConnected
L 04/23/2026 - 00:08:22: Error log file session closed.
L 04/23/2026 - 00:08:50: SourceMod error session started
L 04/23/2026 - 00:08:50: Info (map "de_dust2") (file "D:\Game\CSSPB\cstrike\addons\sourcemod\logs\errors_20260423.log")
L 04/23/2026 - 00:08:50: [SM] Exception reported: Entity 1 is invalid
L 04/23/2026 - 00:08:50: [SM] Blaming: WeaponGiver.smx
L 04/23/2026 - 00:08:50: [SM] Call stack trace:
L 04/23/2026 - 00:08:50: [SM]   [0] SDKHook
L 04/23/2026 - 00:08:50: [SM]   [1] Line 563, D:\Game\CSSPB v2.0\cstrike\addons\sourcemod\scripting\WeaponGiver.sp::OnClientConnected
L 04/23/2026 - 00:09:32: Error log file session closed.
L 04/23/2026 - 00:10:00: SourceMod error session started
L 04/23/2026 - 00:10:00: Info (map "de_dust2") (file "D:\Game\CSSPB\cstrike\addons\sourcemod\logs\errors_20260423.log")
L 04/23/2026 - 00:10:00: [SM] Exception reported: Entity 1 is invalid
L 04/23/2026 - 00:10:00: [SM] Blaming: WeaponGiver.smx
L 04/23/2026 - 00:10:00: [SM] Call stack trace:
L 04/23/2026 - 00:10:00: [SM]   [0] SDKHook
L 04/23/2026 - 00:10:00: [SM]   [1] Line 563, D:\Game\CSSPB v2.0\cstrike\addons\sourcemod\scripting\WeaponGiver.sp::OnClientConnected
L 04/23/2026 - 00:13:07: Error log file session closed.
L 04/23/2026 - 00:13:31: SourceMod error session started
L 04/23/2026 - 00:13:31: Info (map "de_dust2") (file "D:\Game\CSSPB\cstrike\addons\sourcemod\logs\errors_20260423.log")
L 04/23/2026 - 00:13:31: [SM] Exception reported: Entity 1 is invalid
L 04/23/2026 - 00:13:31: [SM] Blaming: WeaponGiver.smx
L 04/23/2026 - 00:13:31: [SM] Call stack trace:
L 04/23/2026 - 00:13:31: [SM]   [0] SDKHook
L 04/23/2026 - 00:13:31: [SM]   [1] Line 563, D:\Game\CSSPB v2.0\cstrike\addons\sourcemod\scripting\WeaponGiver.sp::OnClientConnected
L 04/23/2026 - 00:15:20: Error log file session closed.
L 04/23/2026 - 00:15:45: SourceMod error session started
L 04/23/2026 - 00:15:45: Info (map "de_dust2") (file "D:\Game\CSSPB\cstrike\addons\sourcemod\logs\errors_20260423.log")
L 04/23/2026 - 00:15:45: [SM] Exception reported: Entity 1 is invalid
L 04/23/2026 - 00:15:45: [SM] Blaming: WeaponGiver.smx
L 04/23/2026 - 00:15:45: [SM] Call stack trace:
L 04/23/2026 - 00:15:45: [SM]   [0] SDKHook
L 04/23/2026 - 00:15:45: [SM]   [1] Line 563, D:\Game\CSSPB v2.0\cstrike\addons\sourcemod\scripting\WeaponGiver.sp::OnClientConnected
L 04/23/2026 - 00:16:10: Error log file session closed.
L 04/23/2026 - 00:16:35: SourceMod error session started
L 04/23/2026 - 00:16:35: Info (map "de_dust2") (file "D:\Game\CSSPB\cstrike\addons\sourcemod\logs\errors_20260423.log")
L 04/23/2026 - 00:16:35: [SM] Exception reported: Entity 1 is invalid
L 04/23/2026 - 00:16:35: [SM] Blaming: WeaponGiver.smx
L 04/23/2026 - 00:16:35: [SM] Call stack trace:
L 04/23/2026 - 00:16:35: [SM]   [0] SDKHook
L 04/23/2026 - 00:16:35: [SM]   [1] Line 563, D:\Game\CSSPB v2.0\cstrike\addons\sourcemod\scripting\WeaponGiver.sp::OnClientConnected
L 04/23/2026 - 00:18:48: Error log file session closed.
L 04/23/2026 - 00:19:14: SourceMod error session started
L 04/23/2026 - 00:19:14: Info (map "de_dust2") (file "D:\Game\CSSPB\cstrike\addons\sourcemod\logs\errors_20260423.log")
L 04/23/2026 - 00:19:14: [SM] Exception reported: Entity 1 is invalid
L 04/23/2026 - 00:19:14: [SM] Blaming: WeaponGiver.smx
L 04/23/2026 - 00:19:14: [SM] Call stack trace:
L 04/23/2026 - 00:19:14: [SM]   [0] SDKHook
L 04/23/2026 - 00:19:14: [SM]   [1] Line 563, D:\Game\CSSPB v2.0\cstrike\addons\sourcemod\scripting\WeaponGiver.sp::OnClientConnected
L 04/23/2026 - 00:22:18: [SM] Exception reported: Client index 0 is invalid
L 04/23/2026 - 00:22:18: [SM] Blaming: OverlayPackPB.smx
L 04/23/2026 - 00:22:18: [SM] Call stack trace:
L 04/23/2026 - 00:22:18: [SM]   [0] EmitSound
L 04/23/2026 - 00:22:18: [SM]   [1] Line 433, sdktools_sound::EmitSoundToClient
L 04/23/2026 - 00:22:18: [SM]   [2] Line 489, D:\Game\CSSPB v2.0\cstrike\addons\sourcemod\scripting\OverlayPackPB.sp::OnPlayerHurt
L 04/23/2026 - 00:22:25: Error log file session closed.
L 04/23/2026 - 00:22:51: SourceMod error session started
L 04/23/2026 - 00:22:51: Info (map "de_dust2") (file "D:\Game\CSSPB\cstrike\addons\sourcemod\logs\errors_20260423.log")
L 04/23/2026 - 00:22:51: [SM] Exception reported: Entity 1 is invalid
L 04/23/2026 - 00:22:51: [SM] Blaming: WeaponGiver.smx
L 04/23/2026 - 00:22:51: [SM] Call stack trace:
L 04/23/2026 - 00:22:51: [SM]   [0] SDKHook
L 04/23/2026 - 00:22:51: [SM]   [1] Line 563, D:\Game\CSSPB v2.0\cstrike\addons\sourcemod\scripting\WeaponGiver.sp::OnClientConnected
L 04/23/2026 - 00:26:09: [SM] Exception reported: Client index 0 is invalid
L 04/23/2026 - 00:26:09: [SM] Blaming: OverlayPackPB.smx
L 04/23/2026 - 00:26:09: [SM] Call stack trace:
L 04/23/2026 - 00:26:09: [SM]   [0] EmitSound
L 04/23/2026 - 00:26:09: [SM]   [1] Line 433, sdktools_sound::EmitSoundToClient
L 04/23/2026 - 00:26:09: [SM]   [2] Line 489, D:\Game\CSSPB v2.0\cstrike\addons\sourcemod\scripting\OverlayPackPB.sp::OnPlayerHurt
L 04/23/2026 - 00:26:09: [SM] Exception reported: Client index 0 is invalid
L 04/23/2026 - 00:26:09: [SM] Blaming: OverlayPackPB.smx
L 04/23/2026 - 00:26:09: [SM] Call stack trace:
L 04/23/2026 - 00:26:09: [SM]   [0] EmitSound
L 04/23/2026 - 00:26:09: [SM]   [1] Line 433, sdktools_sound::EmitSoundToClient
L 04/23/2026 - 00:26:09: [SM]   [2] Line 489, D:\Game\CSSPB v2.0\cstrike\addons\sourcemod\scripting\OverlayPackPB.sp::OnPlayerHurt
L 04/23/2026 - 00:27:12: Error log file session closed.
L 04/23/2026 - 00:27:45: SourceMod error session started
L 04/23/2026 - 00:27:45: Info (map "de_dust2") (file "D:\Game\CSSPB\cstrike\addons\sourcemod\logs\errors_20260423.log")
L 04/23/2026 - 00:27:45: [SM] Exception reported: Entity 1 is invalid
L 04/23/2026 - 00:27:45: [SM] Blaming: WeaponGiver.smx
L 04/23/2026 - 00:27:45: [SM] Call stack trace:
L 04/23/2026 - 00:27:45: [SM]   [0] SDKHook
L 04/23/2026 - 00:27:45: [SM]   [1] Line 563, D:\Game\CSSPB v2.0\cstrike\addons\sourcemod\scripting\WeaponGiver.sp::OnClientConnected
L 04/23/2026 - 00:27:58: Error log file session closed.
L 04/23/2026 - 00:28:22: SourceMod error session started
L 04/23/2026 - 00:28:22: Info (map "de_dust2") (file "D:\Game\CSSPB\cstrike\addons\sourcemod\logs\errors_20260423.log")
L 04/23/2026 - 00:28:22: [SM] Exception reported: Entity 1 is invalid
L 04/23/2026 - 00:28:22: [SM] Blaming: WeaponGiver.smx
L 04/23/2026 - 00:28:22: [SM] Call stack trace:
L 04/23/2026 - 00:28:22: [SM]   [0] SDKHook
L 04/23/2026 - 00:28:22: [SM]   [1] Line 563, D:\Game\CSSPB v2.0\cstrike\addons\sourcemod\scripting\WeaponGiver.sp::OnClientConnected
L 04/23/2026 - 00:31:02: [SM] Exception reported: Client index 0 is invalid
L 04/23/2026 - 00:31:02: [SM] Blaming: OverlayPackPB.smx
L 04/23/2026 - 00:31:02: [SM] Call stack trace:
L 04/23/2026 - 00:31:02: [SM]   [0] EmitSound
L 04/23/2026 - 00:31:02: [SM]   [1] Line 433, sdktools_sound::EmitSoundToClient
L 04/23/2026 - 00:31:02: [SM]   [2] Line 489, D:\Game\CSSPB v2.0\cstrike\addons\sourcemod\scripting\OverlayPackPB.sp::OnPlayerHurt
L 04/23/2026 - 00:31:30: [SM] Exception reported: Client index 0 is invalid
L 04/23/2026 - 00:31:30: [SM] Blaming: OverlayPackPB.smx
L 04/23/2026 - 00:31:30: [SM] Call stack trace:
L 04/23/2026 - 00:31:30: [SM]   [0] EmitSound
L 04/23/2026 - 00:31:30: [SM]   [1] Line 433, sdktools_sound::EmitSoundToClient
L 04/23/2026 - 00:31:30: [SM]   [2] Line 489, D:\Game\CSSPB v2.0\cstrike\addons\sourcemod\scripting\OverlayPackPB.sp::OnPlayerHurt
L 04/23/2026 - 00:31:32: Error log file session closed.
L 04/23/2026 - 00:43:03: SourceMod error session started
L 04/23/2026 - 00:43:03: Info (map "dm_gallery") (file "D:\Game\CSSPB\cstrike\addons\sourcemod\logs\errors_20260423.log")
L 04/23/2026 - 00:43:03: [SM] Exception reported: Entity 1 is invalid
L 04/23/2026 - 00:43:03: [SM] Blaming: WeaponGiver.smx
L 04/23/2026 - 00:43:03: [SM] Call stack trace:
L 04/23/2026 - 00:43:03: [SM]   [0] SDKHook
L 04/23/2026 - 00:43:03: [SM]   [1] Line 563, D:\Game\CSSPB v2.0\cstrike\addons\sourcemod\scripting\WeaponGiver.sp::OnClientConnected
L 04/23/2026 - 00:45:11: Error log file session closed.
L 04/23/2026 - 00:45:46: SourceMod error session started
L 04/23/2026 - 00:45:46: Info (map "dm_gallery") (file "D:\Game\CSSPB\cstrike\addons\sourcemod\logs\errors_20260423.log")
L 04/23/2026 - 00:45:46: [SM] Exception reported: Entity 1 is invalid
L 04/23/2026 - 00:45:46: [SM] Blaming: WeaponGiver.smx
L 04/23/2026 - 00:45:46: [SM] Call stack trace:
L 04/23/2026 - 00:45:46: [SM]   [0] SDKHook
L 04/23/2026 - 00:45:46: [SM]   [1] Line 563, D:\Game\CSSPB v2.0\cstrike\addons\sourcemod\scripting\WeaponGiver.sp::OnClientConnected
L 04/23/2026 - 00:49:03: Error log file session closed.
L 04/23/2026 - 00:55:25: SourceMod error session started
L 04/23/2026 - 00:55:25: Info (map "dm_gallery") (file "D:\Game\CSSPB\cstrike\addons\sourcemod\logs\errors_20260423.log")
L 04/23/2026 - 00:55:25: [SM] Exception reported: Entity 1 is invalid
L 04/23/2026 - 00:55:25: [SM] Blaming: WeaponGiver.smx
L 04/23/2026 - 00:55:25: [SM] Call stack trace:
L 04/23/2026 - 00:55:25: [SM]   [0] SDKHook
L 04/23/2026 - 00:55:25: [SM]   [1] Line 563, D:\Game\CSSPB v2.0\cstrike\addons\sourcemod\scripting\WeaponGiver.sp::OnClientConnected
L 04/23/2026 - 00:57:42: Error log file session closed.
L 04/23/2026 - 00:58:13: SourceMod error session started
L 04/23/2026 - 00:58:13: Info (map "dm_gallery") (file "D:\Game\CSSPB\cstrike\addons\sourcemod\logs\errors_20260423.log")
L 04/23/2026 - 00:58:13: [SM] Exception reported: Entity 1 is invalid
L 04/23/2026 - 00:58:13: [SM] Blaming: WeaponGiver.smx
L 04/23/2026 - 00:58:13: [SM] Call stack trace:
L 04/23/2026 - 00:58:13: [SM]   [0] SDKHook
L 04/23/2026 - 00:58:13: [SM]   [1] Line 563, D:\Game\CSSPB v2.0\cstrike\addons\sourcemod\scripting\WeaponGiver.sp::OnClientConnected
L 04/23/2026 - 01:00:58: Error log file session closed.
L 04/23/2026 - 01:13:14: SourceMod error session started
L 04/23/2026 - 01:13:14: Info (map "dm_gallery") (file "D:\Game\CSSPB\cstrike\addons\sourcemod\logs\errors_20260423.log")
L 04/23/2026 - 01:13:14: [SM] Exception reported: Array index out-of-bounds (index 93, limit 93)
L 04/23/2026 - 01:13:14: [SM] Blaming: kento_radio.smx
L 04/23/2026 - 01:13:14: [SM] Call stack trace:
L 04/23/2026 - 01:13:14: [SM]   [1] Line 497, D:\Game\CSSPB\cstrike\addons\sourcemod\scripting\kento_radio.sp::LoadRadio
L 04/23/2026 - 01:13:14: [SM]   [2] Line 344, D:\Game\CSSPB\cstrike\addons\sourcemod\scripting\kento_radio.sp::OnMapStart
L 04/23/2026 - 01:13:14: [SM] Exception reported: Entity 1 is invalid
L 04/23/2026 - 01:13:14: [SM] Blaming: WeaponGiver.smx
L 04/23/2026 - 01:13:14: [SM] Call stack trace:
L 04/23/2026 - 01:13:14: [SM]   [0] SDKHook
L 04/23/2026 - 01:13:14: [SM]   [1] Line 563, D:\Game\CSSPB v2.0\cstrike\addons\sourcemod\scripting\WeaponGiver.sp::OnClientConnected
L 04/23/2026 - 01:16:35: Error log file session closed.
L 04/23/2026 - 01:28:56: SourceMod error session started
L 04/23/2026 - 01:28:56: Info (map "dm_gallery") (file "D:\Game\CSSPB\cstrike\addons\sourcemod\logs\errors_20260423.log")
L 04/23/2026 - 01:28:56: [SM] Exception reported: Array index out-of-bounds (index 93, limit 93)
L 04/23/2026 - 01:28:56: [SM] Blaming: kento_radio.smx
L 04/23/2026 - 01:28:56: [SM] Call stack trace:
L 04/23/2026 - 01:28:56: [SM]   [1] Line 497, D:\Game\CSSPB\cstrike\addons\sourcemod\scripting\kento_radio.sp::LoadRadio
L 04/23/2026 - 01:28:56: [SM]   [2] Line 344, D:\Game\CSSPB\cstrike\addons\sourcemod\scripting\kento_radio.sp::OnMapStart
L 04/23/2026 - 01:28:57: [SM] Exception reported: Entity 1 is invalid
L 04/23/2026 - 01:28:57: [SM] Blaming: WeaponGiver.smx
L 04/23/2026 - 01:28:57: [SM] Call stack trace:
L 04/23/2026 - 01:28:57: [SM]   [0] SDKHook
L 04/23/2026 - 01:28:57: [SM]   [1] Line 563, D:\Game\CSSPB v2.0\cstrike\addons\sourcemod\scripting\WeaponGiver.sp::OnClientConnected
L 04/23/2026 - 01:30:31: Error log file session closed.
L 04/23/2026 - 01:31:19: SourceMod error session started
L 04/23/2026 - 01:31:19: Info (map "dm_gallery") (file "D:\Game\CSSPB\cstrike\addons\sourcemod\logs\errors_20260423.log")
L 04/23/2026 - 01:31:19: [SM] Exception reported: Array index out-of-bounds (index 93, limit 93)
L 04/23/2026 - 01:31:19: [SM] Blaming: kento_radio.smx
L 04/23/2026 - 01:31:19: [SM] Call stack trace:
L 04/23/2026 - 01:31:19: [SM]   [1] Line 497, D:\Game\CSSPB\cstrike\addons\sourcemod\scripting\kento_radio.sp::LoadRadio
L 04/23/2026 - 01:31:19: [SM]   [2] Line 344, D:\Game\CSSPB\cstrike\addons\sourcemod\scripting\kento_radio.sp::OnMapStart
L 04/23/2026 - 01:31:19: [SM] Exception reported: Entity 1 is invalid
L 04/23/2026 - 01:31:19: [SM] Blaming: WeaponGiver.smx
L 04/23/2026 - 01:31:19: [SM] Call stack trace:
L 04/23/2026 - 01:31:19: [SM]   [0] SDKHook
L 04/23/2026 - 01:31:19: [SM]   [1] Line 563, D:\Game\CSSPB v2.0\cstrike\addons\sourcemod\scripting\WeaponGiver.sp::OnClientConnected
L 04/23/2026 - 01:32:18: Error log file session closed.
L 04/23/2026 - 01:32:47: SourceMod error session started
L 04/23/2026 - 01:32:47: Info (map "dm_gallery") (file "D:\Game\CSSPB\cstrike\addons\sourcemod\logs\errors_20260423.log")
L 04/23/2026 - 01:32:47: [SM] Exception reported: Array index out-of-bounds (index 93, limit 93)
L 04/23/2026 - 01:32:47: [SM] Blaming: kento_radio.smx
L 04/23/2026 - 01:32:47: [SM] Call stack trace:
L 04/23/2026 - 01:32:47: [SM]   [1] Line 497, D:\Game\CSSPB\cstrike\addons\sourcemod\scripting\kento_radio.sp::LoadRadio
L 04/23/2026 - 01:32:47: [SM]   [2] Line 344, D:\Game\CSSPB\cstrike\addons\sourcemod\scripting\kento_radio.sp::OnMapStart
L 04/23/2026 - 01:32:47: [SM] Exception reported: Entity 1 is invalid
L 04/23/2026 - 01:32:47: [SM] Blaming: WeaponGiver.smx
L 04/23/2026 - 01:32:47: [SM] Call stack trace:
L 04/23/2026 - 01:32:47: [SM]   [0] SDKHook
L 04/23/2026 - 01:32:47: [SM]   [1] Line 563, D:\Game\CSSPB v2.0\cstrike\addons\sourcemod\scripting\WeaponGiver.sp::OnClientConnected
L 04/23/2026 - 01:34:45: Error log file session closed.
L 04/23/2026 - 01:35:14: SourceMod error session started
L 04/23/2026 - 01:35:14: Info (map "dm_gallery") (file "D:\Game\CSSPB\cstrike\addons\sourcemod\logs\errors_20260423.log")
L 04/23/2026 - 01:35:14: [SM] Exception reported: Array index out-of-bounds (index 93, limit 93)
L 04/23/2026 - 01:35:14: [SM] Blaming: kento_radio.smx
L 04/23/2026 - 01:35:14: [SM] Call stack trace:
L 04/23/2026 - 01:35:14: [SM]   [1] Line 497, D:\Game\CSSPB\cstrike\addons\sourcemod\scripting\kento_radio.sp::LoadRadio
L 04/23/2026 - 01:35:14: [SM]   [2] Line 344, D:\Game\CSSPB\cstrike\addons\sourcemod\scripting\kento_radio.sp::OnMapStart
L 04/23/2026 - 01:35:14: [SM] Exception reported: Entity 1 is invalid
L 04/23/2026 - 01:35:14: [SM] Blaming: WeaponGiver.smx
L 04/23/2026 - 01:35:14: [SM] Call stack trace:
L 04/23/2026 - 01:35:14: [SM]   [0] SDKHook
L 04/23/2026 - 01:35:14: [SM]   [1] Line 563, D:\Game\CSSPB v2.0\cstrike\addons\sourcemod\scripting\WeaponGiver.sp::OnClientConnected
L 04/23/2026 - 01:35:30: Error log file session closed.
L 04/23/2026 - 01:36:07: SourceMod error session started
L 04/23/2026 - 01:36:07: Info (map "dm_gallery") (file "D:\Game\CSSPB\cstrike\addons\sourcemod\logs\errors_20260423.log")
L 04/23/2026 - 01:36:07: [SM] Exception reported: Entity 1 is invalid
L 04/23/2026 - 01:36:07: [SM] Blaming: WeaponGiver.smx
L 04/23/2026 - 01:36:07: [SM] Call stack trace:
L 04/23/2026 - 01:36:07: [SM]   [0] SDKHook
L 04/23/2026 - 01:36:07: [SM]   [1] Line 563, D:\Game\CSSPB v2.0\cstrike\addons\sourcemod\scripting\WeaponGiver.sp::OnClientConnected
L 04/23/2026 - 01:39:28: Error log file session closed.
L 04/23/2026 - 01:39:57: SourceMod error session started
L 04/23/2026 - 01:39:57: Info (map "dm_gallery") (file "D:\Game\CSSPB\cstrike\addons\sourcemod\logs\errors_20260423.log")
L 04/23/2026 - 01:39:57: [SM] Exception reported: Entity 1 is invalid
L 04/23/2026 - 01:39:57: [SM] Blaming: WeaponGiver.smx
L 04/23/2026 - 01:39:57: [SM] Call stack trace:
L 04/23/2026 - 01:39:57: [SM]   [0] SDKHook
L 04/23/2026 - 01:39:57: [SM]   [1] Line 563, D:\Game\CSSPB v2.0\cstrike\addons\sourcemod\scripting\WeaponGiver.sp::OnClientConnected
L 04/23/2026 - 01:42:37: Error log file session closed.
L 04/23/2026 - 01:43:28: SourceMod error session started
L 04/23/2026 - 01:43:28: Info (map "dm_gallery") (file "D:\Game\CSSPB\cstrike\addons\sourcemod\logs\errors_20260423.log")
L 04/23/2026 - 01:43:28: [SM] Exception reported: Entity 1 is invalid
L 04/23/2026 - 01:43:28: [SM] Blaming: WeaponGiver.smx
L 04/23/2026 - 01:43:28: [SM] Call stack trace:
L 04/23/2026 - 01:43:28: [SM]   [0] SDKHook
L 04/23/2026 - 01:43:28: [SM]   [1] Line 563, D:\Game\CSSPB v2.0\cstrike\addons\sourcemod\scripting\WeaponGiver.sp::OnClientConnected
L 04/23/2026 - 01:45:57: Error log file session closed.
L 04/23/2026 - 01:51:29: SourceMod error session started
L 04/23/2026 - 01:51:29: Info (map "dm_gallery") (file "D:\Game\CSSPB\cstrike\addons\sourcemod\logs\errors_20260423.log")
L 04/23/2026 - 01:51:29: [SM] Exception reported: Entity 1 is invalid
L 04/23/2026 - 01:51:29: [SM] Blaming: WeaponGiver.smx
L 04/23/2026 - 01:51:29: [SM] Call stack trace:
L 04/23/2026 - 01:51:29: [SM]   [0] SDKHook
L 04/23/2026 - 01:51:29: [SM]   [1] Line 563, D:\Game\CSSPB v2.0\cstrike\addons\sourcemod\scripting\WeaponGiver.sp::OnClientConnected
L 04/23/2026 - 01:53:21: Error log file session closed.
L 04/23/2026 - 01:53:41: SourceMod error session started
L 04/23/2026 - 01:53:41: Info (map "dm_gallery") (file "D:\Game\CSSPB\cstrike\addons\sourcemod\logs\errors_20260423.log")
L 04/23/2026 - 01:53:41: [SM] Exception reported: Entity 1 is invalid
L 04/23/2026 - 01:53:41: [SM] Blaming: WeaponGiver.smx
L 04/23/2026 - 01:53:41: [SM] Call stack trace:
L 04/23/2026 - 01:53:41: [SM]   [0] SDKHook
L 04/23/2026 - 01:53:41: [SM]   [1] Line 563, D:\Game\CSSPB v2.0\cstrike\addons\sourcemod\scripting\WeaponGiver.sp::OnClientConnected
L 04/23/2026 - 01:56:16: Error log file session closed.
L 04/23/2026 - 08:22:18: SourceMod error session started
L 04/23/2026 - 08:22:18: Info (map "dm_gallery") (file "D:\Game\CSSPB\cstrike\addons\sourcemod\logs\errors_20260423.log")
L 04/23/2026 - 08:22:18: [SM] Exception reported: Entity 1 is invalid
L 04/23/2026 - 08:22:18: [SM] Blaming: WeaponGiver.smx
L 04/23/2026 - 08:22:18: [SM] Call stack trace:
L 04/23/2026 - 08:22:18: [SM]   [0] SDKHook
L 04/23/2026 - 08:22:18: [SM]   [1] Line 563, D:\Game\CSSPB v2.0\cstrike\addons\sourcemod\scripting\WeaponGiver.sp::OnClientConnected
L 04/23/2026 - 08:25:29: Error log file session closed.
L 04/23/2026 - 08:25:59: SourceMod error session started
L 04/23/2026 - 08:25:59: Info (map "dm_gallery") (file "D:\Game\CSSPB\cstrike\addons\sourcemod\logs\errors_20260423.log")
L 04/23/2026 - 08:25:59: [SM] Exception reported: Entity 1 is invalid
L 04/23/2026 - 08:25:59: [SM] Blaming: WeaponGiver.smx
L 04/23/2026 - 08:25:59: [SM] Call stack trace:
L 04/23/2026 - 08:25:59: [SM]   [0] SDKHook
L 04/23/2026 - 08:25:59: [SM]   [1] Line 563, D:\Game\CSSPB v2.0\cstrike\addons\sourcemod\scripting\WeaponGiver.sp::OnClientConnected
L 04/23/2026 - 08:28:51: Error log file session closed.
L 04/23/2026 - 08:45:25: SourceMod error session started
L 04/23/2026 - 08:45:25: Info (map "dm_gallery") (file "D:\Game\CSSPB\cstrike\addons\sourcemod\logs\errors_20260423.log")
L 04/23/2026 - 08:45:25: [SM] Exception reported: Entity 1 is invalid
L 04/23/2026 - 08:45:25: [SM] Blaming: WeaponGiver.smx
L 04/23/2026 - 08:45:25: [SM] Call stack trace:
L 04/23/2026 - 08:45:25: [SM]   [0] SDKHook
L 04/23/2026 - 08:45:25: [SM]   [1] Line 563, D:\Game\CSSPB v2.0\cstrike\addons\sourcemod\scripting\WeaponGiver.sp::OnClientConnected
L 04/23/2026 - 08:48:34: Error log file session closed.
L 04/23/2026 - 08:51:55: SourceMod error session started
L 04/23/2026 - 08:51:55: Info (map "dm_gallery") (file "D:\Game\CSSPB\cstrike\addons\sourcemod\logs\errors_20260423.log")
L 04/23/2026 - 08:51:55: [SM] Exception reported: Entity 1 is invalid
L 04/23/2026 - 08:51:55: [SM] Blaming: WeaponGiver.smx
L 04/23/2026 - 08:51:55: [SM] Call stack trace:
L 04/23/2026 - 08:51:55: [SM]   [0] SDKHook
L 04/23/2026 - 08:51:55: [SM]   [1] Line 563, D:\Game\CSSPB v2.0\cstrike\addons\sourcemod\scripting\WeaponGiver.sp::OnClientConnected
L 04/23/2026 - 08:55:14: Error log file session closed.
L 04/23/2026 - 13:19:11: SourceMod error session started
L 04/23/2026 - 13:19:11: Info (map "dm_gallery") (file "D:\Game\CSSPB\cstrike\addons\sourcemod\logs\errors_20260423.log")
L 04/23/2026 - 13:19:11: [SM] Exception reported: Entity 1 is invalid
L 04/23/2026 - 13:19:11: [SM] Blaming: WeaponGiver.smx
L 04/23/2026 - 13:19:11: [SM] Call stack trace:
L 04/23/2026 - 13:19:11: [SM]   [0] SDKHook
L 04/23/2026 - 13:19:11: [SM]   [1] Line 563, D:\Game\CSSPB v2.0\cstrike\addons\sourcemod\scripting\WeaponGiver.sp::OnClientConnected
L 04/23/2026 - 13:22:12: Error log file session closed.
L 04/23/2026 - 13:24:24: SourceMod error session started
L 04/23/2026 - 13:24:24: Info (map "dm_gallery") (file "D:\Game\CSSPB\cstrike\addons\sourcemod\logs\errors_20260423.log")
L 04/23/2026 - 13:24:24: [SM] Exception reported: Entity 1 is invalid
L 04/23/2026 - 13:24:24: [SM] Blaming: WeaponGiver.smx
L 04/23/2026 - 13:24:24: [SM] Call stack trace:
L 04/23/2026 - 13:24:24: [SM]   [0] SDKHook
L 04/23/2026 - 13:24:24: [SM]   [1] Line 563, D:\Game\CSSPB v2.0\cstrike\addons\sourcemod\scripting\WeaponGiver.sp::OnClientConnected
L 04/23/2026 - 13:26:22: Error log file session closed.
L 04/23/2026 - 13:26:49: SourceMod error session started
L 04/23/2026 - 13:26:49: Info (map "dm_gallery") (file "D:\Game\CSSPB\cstrike\addons\sourcemod\logs\errors_20260423.log")
L 04/23/2026 - 13:26:49: [SM] Exception reported: Entity 1 is invalid
L 04/23/2026 - 13:26:49: [SM] Blaming: WeaponGiver.smx
L 04/23/2026 - 13:26:49: [SM] Call stack trace:
L 04/23/2026 - 13:26:49: [SM]   [0] SDKHook
L 04/23/2026 - 13:26:49: [SM]   [1] Line 563, D:\Game\CSSPB v2.0\cstrike\addons\sourcemod\scripting\WeaponGiver.sp::OnClientConnected
L 04/23/2026 - 13:29:11: Error log file session closed.
L 04/23/2026 - 13:54:24: SourceMod error session started
L 04/23/2026 - 13:54:24: Info (map "dm_gallery") (file "D:\Game\CSSPB\cstrike\addons\sourcemod\logs\errors_20260423.log")
L 04/23/2026 - 13:54:24: [SM] Exception reported: Entity 1 is invalid
L 04/23/2026 - 13:54:24: [SM] Blaming: WeaponGiver.smx
L 04/23/2026 - 13:54:24: [SM] Call stack trace:
L 04/23/2026 - 13:54:24: [SM]   [0] SDKHook
L 04/23/2026 - 13:54:24: [SM]   [1] Line 563, D:\Game\CSSPB v2.0\cstrike\addons\sourcemod\scripting\WeaponGiver.sp::OnClientConnected
L 04/23/2026 - 13:56:50: Error log file session closed.
L 04/23/2026 - 13:58:00: SourceMod error session started
L 04/23/2026 - 13:58:00: Info (map "dm_gallery") (file "D:\Game\CSSPB\cstrike\addons\sourcemod\logs\errors_20260423.log")
L 04/23/2026 - 13:58:00: [SM] Exception reported: Entity 1 is invalid
L 04/23/2026 - 13:58:00: [SM] Blaming: WeaponGiver.smx
L 04/23/2026 - 13:58:00: [SM] Call stack trace:
L 04/23/2026 - 13:58:00: [SM]   [0] SDKHook
L 04/23/2026 - 13:58:00: [SM]   [1] Line 563, D:\Game\CSSPB v2.0\cstrike\addons\sourcemod\scripting\WeaponGiver.sp::OnClientConnected
L 04/23/2026 - 14:00:16: Error log file session closed.
L 04/23/2026 - 20:36:20: SourceMod error session started
L 04/23/2026 - 20:36:20: Info (map "dm_gallery") (file "D:\Game\CSSPB\cstrike\addons\sourcemod\logs\errors_20260423.log")
L 04/23/2026 - 20:36:20: [SM] Exception reported: Entity 1 is invalid
L 04/23/2026 - 20:36:20: [SM] Blaming: WeaponGiver.smx
L 04/23/2026 - 20:36:20: [SM] Call stack trace:
L 04/23/2026 - 20:36:20: [SM]   [0] SDKHook
L 04/23/2026 - 20:36:20: [SM]   [1] Line 563, D:\Game\CSSPB v2.0\cstrike\addons\sourcemod\scripting\WeaponGiver.sp::OnClientConnected
L 04/23/2026 - 20:39:23: Error log file session closed.
L 04/23/2026 - 20:46:55: SourceMod error session started
L 04/23/2026 - 20:46:55: Info (map "dm_gallery") (file "D:\Game\CSSPB\cstrike\addons\sourcemod\logs\errors_20260423.log")
L 04/23/2026 - 20:46:55: [SM] Exception reported: Entity 1 is invalid
L 04/23/2026 - 20:46:55: [SM] Blaming: WeaponGiver.smx
L 04/23/2026 - 20:46:55: [SM] Call stack trace:
L 04/23/2026 - 20:46:55: [SM]   [0] SDKHook
L 04/23/2026 - 20:46:55: [SM]   [1] Line 563, D:\Game\CSSPB v2.0\cstrike\addons\sourcemod\scripting\WeaponGiver.sp::OnClientConnected
L 04/23/2026 - 20:47:04: [SM] Exception reported: Property "m_zoomLevel" not found (entity 163/weapon_m200)
L 04/23/2026 - 20:47:04: [SM] Blaming: zoom_cycle.smx
L 04/23/2026 - 20:47:04: [SM] Call stack trace:
L 04/23/2026 - 20:47:04: [SM]   [0] SetEntProp
L 04/23/2026 - 20:47:04: [SM]   [1] Line 302, D:\Game\CSSPB\cstrike\addons\sourcemod\scripting\zoom_cycle.sp::HandleSingleZoom
L 04/23/2026 - 20:47:04: [SM]   [2] Line 257, D:\Game\CSSPB\cstrike\addons\sourcemod\scripting\zoom_cycle.sp::Event_WeaponZoom
L 04/23/2026 - 20:47:04: [SM] Exception reported: Property "m_zoomLevel" not found (entity 163/weapon_m200)
L 04/23/2026 - 20:47:04: [SM] Blaming: zoom_cycle.smx
L 04/23/2026 - 20:47:04: [SM] Call stack trace:
L 04/23/2026 - 20:47:04: [SM]   [0] SetEntProp
L 04/23/2026 - 20:47:04: [SM]   [1] Line 302, D:\Game\CSSPB\cstrike\addons\sourcemod\scripting\zoom_cycle.sp::HandleSingleZoom
L 04/23/2026 - 20:47:04: [SM]   [2] Line 257, D:\Game\CSSPB\cstrike\addons\sourcemod\scripting\zoom_cycle.sp::Event_WeaponZoom
L 04/23/2026 - 20:47:05: [SM] Exception reported: Property "m_zoomLevel" not found (entity 163/weapon_m200)
L 04/23/2026 - 20:47:05: [SM] Blaming: zoom_cycle.smx
L 04/23/2026 - 20:47:05: [SM] Call stack trace:
L 04/23/2026 - 20:47:05: [SM]   [0] SetEntProp
L 04/23/2026 - 20:47:05: [SM]   [1] Line 302, D:\Game\CSSPB\cstrike\addons\sourcemod\scripting\zoom_cycle.sp::HandleSingleZoom
L 04/23/2026 - 20:47:05: [SM]   [2] Line 257, D:\Game\CSSPB\cstrike\addons\sourcemod\scripting\zoom_cycle.sp::Event_WeaponZoom
L 04/23/2026 - 20:47:10: [SM] Exception reported: Property "m_zoomLevel" not found (entity 190/weapon_m200)
L 04/23/2026 - 20:47:10: [SM] Blaming: zoom_cycle.smx
L 04/23/2026 - 20:47:10: [SM] Call stack trace:
L 04/23/2026 - 20:47:10: [SM]   [0] SetEntProp
L 04/23/2026 - 20:47:10: [SM]   [1] Line 302, D:\Game\CSSPB\cstrike\addons\sourcemod\scripting\zoom_cycle.sp::HandleSingleZoom
L 04/23/2026 - 20:47:10: [SM]   [2] Line 257, D:\Game\CSSPB\cstrike\addons\sourcemod\scripting\zoom_cycle.sp::Event_WeaponZoom
L 04/23/2026 - 20:47:10: [SM] Exception reported: Property "m_zoomLevel" not found (entity 190/weapon_m200)
L 04/23/2026 - 20:47:10: [SM] Blaming: zoom_cycle.smx
L 04/23/2026 - 20:47:10: [SM] Call stack trace:
L 04/23/2026 - 20:47:11: [SM]   [0] SetEntProp
L 04/23/2026 - 20:47:11: [SM]   [1] Line 302, D:\Game\CSSPB\cstrike\addons\sourcemod\scripting\zoom_cycle.sp::HandleSingleZoom
L 04/23/2026 - 20:47:11: [SM]   [2] Line 257, D:\Game\CSSPB\cstrike\addons\sourcemod\scripting\zoom_cycle.sp::Event_WeaponZoom
L 04/23/2026 - 20:47:13: [SM] Exception reported: Property "m_zoomLevel" not found (entity 190/weapon_m200)
L 04/23/2026 - 20:47:13: [SM] Blaming: zoom_cycle.smx
L 04/23/2026 - 20:47:13: [SM] Call stack trace:
L 04/23/2026 - 20:47:13: [SM]   [0] SetEntProp
L 04/23/2026 - 20:47:13: [SM]   [1] Line 302, D:\Game\CSSPB\cstrike\addons\sourcemod\scripting\zoom_cycle.sp::HandleSingleZoom
L 04/23/2026 - 20:47:13: [SM]   [2] Line 257, D:\Game\CSSPB\cstrike\addons\sourcemod\scripting\zoom_cycle.sp::Event_WeaponZoom
L 04/23/2026 - 20:47:13: [SM] Exception reported: Property "m_zoomLevel" not found (entity 190/weapon_m200)
L 04/23/2026 - 20:47:14: [SM] Blaming: zoom_cycle.smx
L 04/23/2026 - 20:47:14: [SM] Call stack trace:
L 04/23/2026 - 20:47:14: [SM]   [0] SetEntProp
L 04/23/2026 - 20:47:14: [SM]   [1] Line 302, D:\Game\CSSPB\cstrike\addons\sourcemod\scripting\zoom_cycle.sp::HandleSingleZoom
L 04/23/2026 - 20:47:14: [SM]   [2] Line 257, D:\Game\CSSPB\cstrike\addons\sourcemod\scripting\zoom_cycle.sp::Event_WeaponZoom
L 04/23/2026 - 20:47:14: [SM] Exception reported: Property "m_zoomLevel" not found (entity 190/weapon_m200)
L 04/23/2026 - 20:47:14: [SM] Blaming: zoom_cycle.smx
L 04/23/2026 - 20:47:14: [SM] Call stack trace:
L 04/23/2026 - 20:47:14: [SM]   [0] SetEntProp
L 04/23/2026 - 20:47:14: [SM]   [1] Line 302, D:\Game\CSSPB\cstrike\addons\sourcemod\scripting\zoom_cycle.sp::HandleSingleZoom
L 04/23/2026 - 20:47:14: [SM]   [2] Line 257, D:\Game\CSSPB\cstrike\addons\sourcemod\scripting\zoom_cycle.sp::Event_WeaponZoom
L 04/23/2026 - 20:47:20: [SM] Exception reported: Property "m_zoomLevel" not found (entity 190/weapon_m200)
L 04/23/2026 - 20:47:20: [SM] Blaming: zoom_cycle.smx
L 04/23/2026 - 20:47:20: [SM] Call stack trace:
L 04/23/2026 - 20:47:20: [SM]   [0] SetEntProp
L 04/23/2026 - 20:47:20: [SM]   [1] Line 302, D:\Game\CSSPB\cstrike\addons\sourcemod\scripting\zoom_cycle.sp::HandleSingleZoom
L 04/23/2026 - 20:47:20: [SM]   [2] Line 257, D:\Game\CSSPB\cstrike\addons\sourcemod\scripting\zoom_cycle.sp::Event_WeaponZoom
L 04/23/2026 - 20:47:20: [SM] Exception reported: Property "m_zoomLevel" not found (entity 190/weapon_m200)
L 04/23/2026 - 20:47:20: [SM] Blaming: zoom_cycle.smx
L 04/23/2026 - 20:47:20: [SM] Call stack trace:
L 04/23/2026 - 20:47:20: [SM]   [0] SetEntProp
L 04/23/2026 - 20:47:20: [SM]   [1] Line 302, D:\Game\CSSPB\cstrike\addons\sourcemod\scripting\zoom_cycle.sp::HandleSingleZoom
L 04/23/2026 - 20:47:20: [SM]   [2] Line 257, D:\Game\CSSPB\cstrike\addons\sourcemod\scripting\zoom_cycle.sp::Event_WeaponZoom
L 04/23/2026 - 20:47:22: [SM] Exception reported: Property "m_zoomLevel" not found (entity 190/weapon_m200)
L 04/23/2026 - 20:47:22: [SM] Blaming: zoom_cycle.smx
L 04/23/2026 - 20:47:22: [SM] Call stack trace:
L 04/23/2026 - 20:47:22: [SM]   [0] SetEntProp
L 04/23/2026 - 20:47:22: [SM]   [1] Line 302, D:\Game\CSSPB\cstrike\addons\sourcemod\scripting\zoom_cycle.sp::HandleSingleZoom
L 04/23/2026 - 20:47:22: [SM]   [2] Line 257, D:\Game\CSSPB\cstrike\addons\sourcemod\scripting\zoom_cycle.sp::Event_WeaponZoom
L 04/23/2026 - 20:47:34: [SM] Exception reported: Property "m_zoomLevel" not found (entity 190/weapon_m200)
L 04/23/2026 - 20:47:34: [SM] Blaming: zoom_cycle.smx
L 04/23/2026 - 20:47:34: [SM] Call stack trace:
L 04/23/2026 - 20:47:34: [SM]   [0] SetEntProp
L 04/23/2026 - 20:47:34: [SM]   [1] Line 302, D:\Game\CSSPB\cstrike\addons\sourcemod\scripting\zoom_cycle.sp::HandleSingleZoom
L 04/23/2026 - 20:47:34: [SM]   [2] Line 257, D:\Game\CSSPB\cstrike\addons\sourcemod\scripting\zoom_cycle.sp::Event_WeaponZoom
L 04/23/2026 - 20:47:35: [SM] Exception reported: Property "m_zoomLevel" not found (entity 190/weapon_m200)
L 04/23/2026 - 20:47:35: [SM] Blaming: zoom_cycle.smx
L 04/23/2026 - 20:47:35: [SM] Call stack trace:
L 04/23/2026 - 20:47:35: [SM]   [0] SetEntProp
L 04/23/2026 - 20:47:36: [SM]   [1] Line 302, D:\Game\CSSPB\cstrike\addons\sourcemod\scripting\zoom_cycle.sp::HandleSingleZoom
L 04/23/2026 - 20:47:36: [SM]   [2] Line 257, D:\Game\CSSPB\cstrike\addons\sourcemod\scripting\zoom_cycle.sp::Event_WeaponZoom
L 04/23/2026 - 20:47:36: [SM] Exception reported: Property "m_zoomLevel" not found (entity 190/weapon_m200)
L 04/23/2026 - 20:47:36: [SM] Blaming: zoom_cycle.smx
L 04/23/2026 - 20:47:36: [SM] Call stack trace:
L 04/23/2026 - 20:47:36: [SM]   [0] SetEntProp
L 04/23/2026 - 20:47:36: [SM]   [1] Line 302, D:\Game\CSSPB\cstrike\addons\sourcemod\scripting\zoom_cycle.sp::HandleSingleZoom
L 04/23/2026 - 20:47:36: [SM]   [2] Line 257, D:\Game\CSSPB\cstrike\addons\sourcemod\scripting\zoom_cycle.sp::Event_WeaponZoom
L 04/23/2026 - 20:47:37: [SM] Exception reported: Property "m_zoomLevel" not found (entity 190/weapon_m200)
L 04/23/2026 - 20:47:37: [SM] Blaming: zoom_cycle.smx
L 04/23/2026 - 20:47:37: [SM] Call stack trace:
L 04/23/2026 - 20:47:37: [SM]   [0] SetEntProp
L 04/23/2026 - 20:47:37: [SM]   [1] Line 302, D:\Game\CSSPB\cstrike\addons\sourcemod\scripting\zoom_cycle.sp::HandleSingleZoom
L 04/23/2026 - 20:47:37: [SM]   [2] Line 257, D:\Game\CSSPB\cstrike\addons\sourcemod\scripting\zoom_cycle.sp::Event_WeaponZoom
L 04/23/2026 - 20:48:42: [SM] Exception reported: Property "m_zoomLevel" not found (entity 149/weapon_l115a1)
L 04/23/2026 - 20:48:42: [SM] Blaming: zoom_cycle.smx
L 04/23/2026 - 20:48:42: [SM] Call stack trace:
L 04/23/2026 - 20:48:42: [SM]   [0] SetEntProp
L 04/23/2026 - 20:48:42: [SM]   [1] Line 302, D:\Game\CSSPB\cstrike\addons\sourcemod\scripting\zoom_cycle.sp::HandleSingleZoom
L 04/23/2026 - 20:48:42: [SM]   [2] Line 257, D:\Game\CSSPB\cstrike\addons\sourcemod\scripting\zoom_cycle.sp::Event_WeaponZoom
L 04/23/2026 - 20:48:43: [SM] Exception reported: Property "m_zoomLevel" not found (entity 149/weapon_l115a1)
L 04/23/2026 - 20:48:43: [SM] Blaming: zoom_cycle.smx
L 04/23/2026 - 20:48:43: [SM] Call stack trace:
L 04/23/2026 - 20:48:43: [SM]   [0] SetEntProp
L 04/23/2026 - 20:48:43: [SM]   [1] Line 302, D:\Game\CSSPB\cstrike\addons\sourcemod\scripting\zoom_cycle.sp::HandleSingleZoom
L 04/23/2026 - 20:48:43: [SM]   [2] Line 257, D:\Game\CSSPB\cstrike\addons\sourcemod\scripting\zoom_cycle.sp::Event_WeaponZoom
L 04/23/2026 - 20:48:46: [SM] Exception reported: Property "m_zoomLevel" not found (entity 149/weapon_l115a1)
L 04/23/2026 - 20:48:46: [SM] Blaming: zoom_cycle.smx
L 04/23/2026 - 20:48:46: [SM] Call stack trace:
L 04/23/2026 - 20:48:46: [SM]   [0] SetEntProp
L 04/23/2026 - 20:48:46: [SM]   [1] Line 302, D:\Game\CSSPB\cstrike\addons\sourcemod\scripting\zoom_cycle.sp::HandleSingleZoom
L 04/23/2026 - 20:48:46: [SM]   [2] Line 257, D:\Game\CSSPB\cstrike\addons\sourcemod\scripting\zoom_cycle.sp::Event_WeaponZoom
L 04/23/2026 - 20:48:48: [SM] Exception reported: Property "m_zoomLevel" not found (entity 149/weapon_l115a1)
L 04/23/2026 - 20:48:48: [SM] Blaming: zoom_cycle.smx
L 04/23/2026 - 20:48:48: [SM] Call stack trace:
L 04/23/2026 - 20:48:48: [SM]   [0] SetEntProp
L 04/23/2026 - 20:48:48: [SM]   [1] Line 302, D:\Game\CSSPB\cstrike\addons\sourcemod\scripting\zoom_cycle.sp::HandleSingleZoom
L 04/23/2026 - 20:48:48: [SM]   [2] Line 257, D:\Game\CSSPB\cstrike\addons\sourcemod\scripting\zoom_cycle.sp::Event_WeaponZoom
L 04/23/2026 - 20:48:50: [SM] Exception reported: Property "m_zoomLevel" not found (entity 149/weapon_l115a1)
L 04/23/2026 - 20:48:50: [SM] Blaming: zoom_cycle.smx
L 04/23/2026 - 20:48:50: [SM] Call stack trace:
L 04/23/2026 - 20:48:50: [SM]   [0] SetEntProp
L 04/23/2026 - 20:48:50: [SM]   [1] Line 302, D:\Game\CSSPB\cstrike\addons\sourcemod\scripting\zoom_cycle.sp::HandleSingleZoom
L 04/23/2026 - 20:48:50: [SM]   [2] Line 257, D:\Game\CSSPB\cstrike\addons\sourcemod\scripting\zoom_cycle.sp::Event_WeaponZoom
L 04/23/2026 - 20:48:52: [SM] Exception reported: Property "m_zoomLevel" not found (entity 149/weapon_l115a1)
L 04/23/2026 - 20:48:52: [SM] Blaming: zoom_cycle.smx
L 04/23/2026 - 20:48:52: [SM] Call stack trace:
L 04/23/2026 - 20:48:52: [SM]   [0] SetEntProp
L 04/23/2026 - 20:48:52: [SM]   [1] Line 302, D:\Game\CSSPB\cstrike\addons\sourcemod\scripting\zoom_cycle.sp::HandleSingleZoom
L 04/23/2026 - 20:48:52: [SM]   [2] Line 257, D:\Game\CSSPB\cstrike\addons\sourcemod\scripting\zoom_cycle.sp::Event_WeaponZoom
L 04/23/2026 - 20:48:55: [SM] Exception reported: Property "m_zoomLevel" not found (entity 149/weapon_l115a1)
L 04/23/2026 - 20:48:55: [SM] Blaming: zoom_cycle.smx
L 04/23/2026 - 20:48:55: [SM] Call stack trace:
L 04/23/2026 - 20:48:55: [SM]   [0] SetEntProp
L 04/23/2026 - 20:48:55: [SM]   [1] Line 302, D:\Game\CSSPB\cstrike\addons\sourcemod\scripting\zoom_cycle.sp::HandleSingleZoom
L 04/23/2026 - 20:48:55: [SM]   [2] Line 257, D:\Game\CSSPB\cstrike\addons\sourcemod\scripting\zoom_cycle.sp::Event_WeaponZoom
L 04/23/2026 - 20:49:01: [SM] Exception reported: Property "m_zoomLevel" not found (entity 149/weapon_l115a1)
L 04/23/2026 - 20:49:01: [SM] Blaming: zoom_cycle.smx
L 04/23/2026 - 20:49:01: [SM] Call stack trace:
L 04/23/2026 - 20:49:01: [SM]   [0] SetEntProp
L 04/23/2026 - 20:49:01: [SM]   [1] Line 302, D:\Game\CSSPB\cstrike\addons\sourcemod\scripting\zoom_cycle.sp::HandleSingleZoom
L 04/23/2026 - 20:49:01: [SM]   [2] Line 257, D:\Game\CSSPB\cstrike\addons\sourcemod\scripting\zoom_cycle.sp::Event_WeaponZoom
L 04/23/2026 - 20:49:32: [SM] Exception reported: Property "m_zoomLevel" not found (entity 149/weapon_l115a1)
L 04/23/2026 - 20:49:32: [SM] Blaming: zoom_cycle.smx
L 04/23/2026 - 20:49:32: [SM] Call stack trace:
L 04/23/2026 - 20:49:32: [SM]   [0] SetEntProp
L 04/23/2026 - 20:49:32: [SM]   [1] Line 302, D:\Game\CSSPB\cstrike\addons\sourcemod\scripting\zoom_cycle.sp::HandleSingleZoom
L 04/23/2026 - 20:49:32: [SM]   [2] Line 257, D:\Game\CSSPB\cstrike\addons\sourcemod\scripting\zoom_cycle.sp::Event_WeaponZoom
L 04/23/2026 - 20:49:33: [SM] Exception reported: Property "m_zoomLevel" not found (entity 149/weapon_l115a1)
L 04/23/2026 - 20:49:33: [SM] Blaming: zoom_cycle.smx
L 04/23/2026 - 20:49:33: [SM] Call stack trace:
L 04/23/2026 - 20:49:33: [SM]   [0] SetEntProp
L 04/23/2026 - 20:49:33: [SM]   [1] Line 302, D:\Game\CSSPB\cstrike\addons\sourcemod\scripting\zoom_cycle.sp::HandleSingleZoom
L 04/23/2026 - 20:49:33: [SM]   [2] Line 257, D:\Game\CSSPB\cstrike\addons\sourcemod\scripting\zoom_cycle.sp::Event_WeaponZoom
L 04/23/2026 - 20:49:34: [SM] Exception reported: Property "m_zoomLevel" not found (entity 149/weapon_l115a1)
L 04/23/2026 - 20:49:34: [SM] Blaming: zoom_cycle.smx
L 04/23/2026 - 20:49:34: [SM] Call stack trace:
L 04/23/2026 - 20:49:34: [SM]   [0] SetEntProp
L 04/23/2026 - 20:49:34: [SM]   [1] Line 302, D:\Game\CSSPB\cstrike\addons\sourcemod\scripting\zoom_cycle.sp::HandleSingleZoom
L 04/23/2026 - 20:49:34: [SM]   [2] Line 257, D:\Game\CSSPB\cstrike\addons\sourcemod\scripting\zoom_cycle.sp::Event_WeaponZoom
L 04/23/2026 - 20:49:35: [SM] Exception reported: Property "m_zoomLevel" not found (entity 149/weapon_l115a1)
L 04/23/2026 - 20:49:35: [SM] Blaming: zoom_cycle.smx
L 04/23/2026 - 20:49:35: [SM] Call stack trace:
L 04/23/2026 - 20:49:35: [SM]   [0] SetEntProp
L 04/23/2026 - 20:49:35: [SM]   [1] Line 302, D:\Game\CSSPB\cstrike\addons\sourcemod\scripting\zoom_cycle.sp::HandleSingleZoom
L 04/23/2026 - 20:49:35: [SM]   [2] Line 257, D:\Game\CSSPB\cstrike\addons\sourcemod\scripting\zoom_cycle.sp::Event_WeaponZoom
L 04/23/2026 - 20:49:45: Error log file session closed.
L 04/23/2026 - 21:04:15: SourceMod error session started
L 04/23/2026 - 21:04:15: Info (map "dm_gallery") (file "D:\Game\CSSPB\cstrike\addons\sourcemod\logs\errors_20260423.log")
L 04/23/2026 - 21:04:15: [SM] Exception reported: Entity 1 is invalid
L 04/23/2026 - 21:04:15: [SM] Blaming: WeaponGiver.smx
L 04/23/2026 - 21:04:15: [SM] Call stack trace:
L 04/23/2026 - 21:04:15: [SM]   [0] SDKHook
L 04/23/2026 - 21:04:15: [SM]   [1] Line 563, D:\Game\CSSPB v2.0\cstrike\addons\sourcemod\scripting\WeaponGiver.sp::OnClientConnected
L 04/23/2026 - 21:05:02: [SM] Exception reported: Property "m_zoomLevel" not found (entity 124/weapon_m200)
L 04/23/2026 - 21:05:02: [SM] Blaming: zoom_cycle.smx
L 04/23/2026 - 21:05:02: [SM] Call stack trace:
L 04/23/2026 - 21:05:02: [SM]   [0] SetEntProp
L 04/23/2026 - 21:05:02: [SM]   [1] Line 302, D:\Game\CSSPB\cstrike\addons\sourcemod\scripting\zoom_cycle.sp::HandleSingleZoom
L 04/23/2026 - 21:05:02: [SM]   [2] Line 257, D:\Game\CSSPB\cstrike\addons\sourcemod\scripting\zoom_cycle.sp::Event_WeaponZoom
L 04/23/2026 - 21:05:02: [SM] Exception reported: Property "m_zoomLevel" not found (entity 124/weapon_m200)
L 04/23/2026 - 21:05:02: [SM] Blaming: zoom_cycle.smx
L 04/23/2026 - 21:05:02: [SM] Call stack trace:
L 04/23/2026 - 21:05:02: [SM]   [0] SetEntProp
L 04/23/2026 - 21:05:02: [SM]   [1] Line 302, D:\Game\CSSPB\cstrike\addons\sourcemod\scripting\zoom_cycle.sp::HandleSingleZoom
L 04/23/2026 - 21:05:02: [SM]   [2] Line 257, D:\Game\CSSPB\cstrike\addons\sourcemod\scripting\zoom_cycle.sp::Event_WeaponZoom
L 04/23/2026 - 21:05:03: [SM] Exception reported: Property "m_zoomLevel" not found (entity 124/weapon_m200)
L 04/23/2026 - 21:05:03: [SM] Blaming: zoom_cycle.smx
L 04/23/2026 - 21:05:03: [SM] Call stack trace:
L 04/23/2026 - 21:05:03: [SM]   [0] SetEntProp
L 04/23/2026 - 21:05:03: [SM]   [1] Line 302, D:\Game\CSSPB\cstrike\addons\sourcemod\scripting\zoom_cycle.sp::HandleSingleZoom
L 04/23/2026 - 21:05:03: [SM]   [2] Line 257, D:\Game\CSSPB\cstrike\addons\sourcemod\scripting\zoom_cycle.sp::Event_WeaponZoom
L 04/23/2026 - 21:05:05: [SM] Exception reported: Property "m_zoomLevel" not found (entity 124/weapon_m200)
L 04/23/2026 - 21:05:05: [SM] Blaming: zoom_cycle.smx
L 04/23/2026 - 21:05:05: [SM] Call stack trace:
L 04/23/2026 - 21:05:05: [SM]   [0] SetEntProp
L 04/23/2026 - 21:05:05: [SM]   [1] Line 302, D:\Game\CSSPB\cstrike\addons\sourcemod\scripting\zoom_cycle.sp::HandleSingleZoom
L 04/23/2026 - 21:05:05: [SM]   [2] Line 257, D:\Game\CSSPB\cstrike\addons\sourcemod\scripting\zoom_cycle.sp::Event_WeaponZoom
L 04/23/2026 - 21:05:06: [SM] Exception reported: Property "m_zoomLevel" not found (entity 124/weapon_m200)
L 04/23/2026 - 21:05:06: [SM] Blaming: zoom_cycle.smx
L 04/23/2026 - 21:05:06: [SM] Call stack trace:
L 04/23/2026 - 21:05:06: [SM]   [0] SetEntProp
L 04/23/2026 - 21:05:06: [SM]   [1] Line 302, D:\Game\CSSPB\cstrike\addons\sourcemod\scripting\zoom_cycle.sp::HandleSingleZoom
L 04/23/2026 - 21:05:06: [SM]   [2] Line 257, D:\Game\CSSPB\cstrike\addons\sourcemod\scripting\zoom_cycle.sp::Event_WeaponZoom
L 04/23/2026 - 21:05:25: [SM] Exception reported: Property "m_zoomLevel" not found (entity 153/weapon_m200)
L 04/23/2026 - 21:05:25: [SM] Blaming: zoom_cycle.smx
L 04/23/2026 - 21:05:25: [SM] Call stack trace:
L 04/23/2026 - 21:05:25: [SM]   [0] SetEntProp
L 04/23/2026 - 21:05:25: [SM]   [1] Line 302, D:\Game\CSSPB\cstrike\addons\sourcemod\scripting\zoom_cycle.sp::HandleSingleZoom
L 04/23/2026 - 21:05:25: [SM]   [2] Line 257, D:\Game\CSSPB\cstrike\addons\sourcemod\scripting\zoom_cycle.sp::Event_WeaponZoom
L 04/23/2026 - 21:05:27: [SM] Exception reported: Property "m_zoomLevel" not found (entity 153/weapon_m200)
L 04/23/2026 - 21:05:27: [SM] Blaming: zoom_cycle.smx
L 04/23/2026 - 21:05:27: [SM] Call stack trace:
L 04/23/2026 - 21:05:27: [SM]   [0] SetEntProp
L 04/23/2026 - 21:05:27: [SM]   [1] Line 302, D:\Game\CSSPB\cstrike\addons\sourcemod\scripting\zoom_cycle.sp::HandleSingleZoom
L 04/23/2026 - 21:05:27: [SM]   [2] Line 257, D:\Game\CSSPB\cstrike\addons\sourcemod\scripting\zoom_cycle.sp::Event_WeaponZoom
L 04/23/2026 - 21:05:35: [SM] Exception reported: Property "m_zoomLevel" not found (entity 153/weapon_m200)
L 04/23/2026 - 21:05:35: [SM] Blaming: zoom_cycle.smx
L 04/23/2026 - 21:05:35: [SM] Call stack trace:
L 04/23/2026 - 21:05:35: [SM]   [0] SetEntProp
L 04/23/2026 - 21:05:35: [SM]   [1] Line 302, D:\Game\CSSPB\cstrike\addons\sourcemod\scripting\zoom_cycle.sp::HandleSingleZoom
L 04/23/2026 - 21:05:35: [SM]   [2] Line 257, D:\Game\CSSPB\cstrike\addons\sourcemod\scripting\zoom_cycle.sp::Event_WeaponZoom
L 04/23/2026 - 21:07:36: Error log file session closed.
L 04/23/2026 - 21:08:44: SourceMod error session started
L 04/23/2026 - 21:08:44: Info (map "dm_gallery") (file "D:\Game\CSSPB\cstrike\addons\sourcemod\logs\errors_20260423.log")
L 04/23/2026 - 21:08:44: [SM] Exception reported: Entity 1 is invalid
L 04/23/2026 - 21:08:44: [SM] Blaming: WeaponGiver.smx
L 04/23/2026 - 21:08:44: [SM] Call stack trace:
L 04/23/2026 - 21:08:44: [SM]   [0] SDKHook
L 04/23/2026 - 21:08:44: [SM]   [1] Line 563, D:\Game\CSSPB v2.0\cstrike\addons\sourcemod\scripting\WeaponGiver.sp::OnClientConnected
L 04/23/2026 - 21:11:20: Error log file session closed.
L 04/23/2026 - 21:22:53: SourceMod error session started
L 04/23/2026 - 21:22:53: Info (map "dm_gallery") (file "D:\Game\CSSPB\cstrike\addons\sourcemod\logs\errors_20260423.log")
L 04/23/2026 - 21:22:53: [SM] Exception reported: Entity 1 is invalid
L 04/23/2026 - 21:22:53: [SM] Blaming: WeaponGiver.smx
L 04/23/2026 - 21:22:53: [SM] Call stack trace:
L 04/23/2026 - 21:22:53: [SM]   [0] SDKHook
L 04/23/2026 - 21:22:53: [SM]   [1] Line 563, D:\Game\CSSPB v2.0\cstrike\addons\sourcemod\scripting\WeaponGiver.sp::OnClientConnected
L 04/23/2026 - 21:25:49: Error log file session closed.
L 04/23/2026 - 21:26:18: SourceMod error session started
L 04/23/2026 - 21:26:18: Info (map "dm_gallery") (file "D:\Game\CSSPB\cstrike\addons\sourcemod\logs\errors_20260423.log")
L 04/23/2026 - 21:26:18: [SM] Exception reported: Entity 1 is invalid
L 04/23/2026 - 21:26:18: [SM] Blaming: WeaponGiver.smx
L 04/23/2026 - 21:26:18: [SM] Call stack trace:
L 04/23/2026 - 21:26:18: [SM]   [0] SDKHook
L 04/23/2026 - 21:26:18: [SM]   [1] Line 563, D:\Game\CSSPB v2.0\cstrike\addons\sourcemod\scripting\WeaponGiver.sp::OnClientConnected
L 04/23/2026 - 21:27:33: Error log file session closed.
L 04/23/2026 - 21:27:57: SourceMod error session started
L 04/23/2026 - 21:27:57: Info (map "dm_gallery") (file "D:\Game\CSSPB\cstrike\addons\sourcemod\logs\errors_20260423.log")
L 04/23/2026 - 21:27:57: [SM] Exception reported: Entity 1 is invalid
L 04/23/2026 - 21:27:57: [SM] Blaming: WeaponGiver.smx
L 04/23/2026 - 21:27:57: [SM] Call stack trace:
L 04/23/2026 - 21:27:57: [SM]   [0] SDKHook
L 04/23/2026 - 21:27:57: [SM]   [1] Line 563, D:\Game\CSSPB v2.0\cstrike\addons\sourcemod\scripting\WeaponGiver.sp::OnClientConnected
L 04/23/2026 - 21:30:47: Error log file session closed.
L 04/23/2026 - 21:33:06: SourceMod error session started
L 04/23/2026 - 21:33:06: Info (map "dm_gallery") (file "D:\Game\CSSPB\cstrike\addons\sourcemod\logs\errors_20260423.log")
L 04/23/2026 - 21:33:06: [SM] Exception reported: Entity 1 is invalid
L 04/23/2026 - 21:33:06: [SM] Blaming: WeaponGiver.smx
L 04/23/2026 - 21:33:06: [SM] Call stack trace:
L 04/23/2026 - 21:33:06: [SM]   [0] SDKHook
L 04/23/2026 - 21:33:06: [SM]   [1] Line 563, D:\Game\CSSPB v2.0\cstrike\addons\sourcemod\scripting\WeaponGiver.sp::OnClientConnected
L 04/23/2026 - 21:35:23: Error log file session closed.
L 04/23/2026 - 21:35:57: SourceMod error session started
L 04/23/2026 - 21:35:57: Info (map "dm_gallery") (file "D:\Game\CSSPB\cstrike\addons\sourcemod\logs\errors_20260423.log")
L 04/23/2026 - 21:35:57: [SM] Exception reported: Entity 1 is invalid
L 04/23/2026 - 21:35:57: [SM] Blaming: WeaponGiver.smx
L 04/23/2026 - 21:35:57: [SM] Call stack trace:
L 04/23/2026 - 21:35:57: [SM]   [0] SDKHook
L 04/23/2026 - 21:35:57: [SM]   [1] Line 563, D:\Game\CSSPB v2.0\cstrike\addons\sourcemod\scripting\WeaponGiver.sp::OnClientConnected
L 04/23/2026 - 21:36:34: Error log file session closed.
L 04/23/2026 - 21:41:35: SourceMod error session started
L 04/23/2026 - 21:41:35: Info (map "dm_gallery") (file "D:\Game\CSSPB\cstrike\addons\sourcemod\logs\errors_20260423.log")
L 04/23/2026 - 21:41:35: [SM] Exception reported: Entity 1 is invalid
L 04/23/2026 - 21:41:35: [SM] Blaming: WeaponGiver.smx
L 04/23/2026 - 21:41:35: [SM] Call stack trace:
L 04/23/2026 - 21:41:35: [SM]   [0] SDKHook
L 04/23/2026 - 21:41:35: [SM]   [1] Line 563, D:\Game\CSSPB v2.0\cstrike\addons\sourcemod\scripting\WeaponGiver.sp::OnClientConnected
L 04/23/2026 - 21:44:19: Error log file session closed.
L 04/23/2026 - 21:44:51: SourceMod error session started
L 04/23/2026 - 21:44:51: Info (map "dm_gallery") (file "D:\Game\CSSPB\cstrike\addons\sourcemod\logs\errors_20260423.log")
L 04/23/2026 - 21:44:51: [SM] Exception reported: Entity 1 is invalid
L 04/23/2026 - 21:44:51: [SM] Blaming: WeaponGiver.smx
L 04/23/2026 - 21:44:51: [SM] Call stack trace:
L 04/23/2026 - 21:44:51: [SM]   [0] SDKHook
L 04/23/2026 - 21:44:51: [SM]   [1] Line 563, D:\Game\CSSPB v2.0\cstrike\addons\sourcemod\scripting\WeaponGiver.sp::OnClientConnected
L 04/23/2026 - 21:46:12: Error log file session closed.
