L 04/22/2026 - 07:13:30: SourceMod log file session started (file "D:\Game\CSSPB\cstrike\addons\sourcemod\logs\L20260422.log") (Version "1.11.0.6970")
L 04/22/2026 - 07:13:30: [weapon_b_mode.smx] Loaded weapon mode: krisssvd -> v_dualkrisssvd.mdl (Zoom: 0, OwnAmmo: 1, SeqAlt: 2, SeqOrig: 2, Sound: weapons/dualkriss/dualkriss-1.wav)
L 04/22/2026 - 07:13:30: [weapon_b_mode.smx] Loaded 1 weapon modes
L 04/22/2026 - 07:13:36: [weapon_b_mode.smx] Loaded weapon mode: krisssvd -> v_dualkrisssvd.mdl (Zoom: 0, OwnAmmo: 1, SeqAlt: 2, SeqOrig: 2, Sound: weapons/dualkriss/dualkriss-1.wav)
L 04/22/2026 - 07:13:36: [weapon_b_mode.smx] Loaded 1 weapon modes
L 04/22/2026 - 07:13:36: [weapon_b_mode.smx] Precached model: models/weapons/v_dualkrisssvd.mdl
L 04/22/2026 - 07:13:36: [weapon_b_mode.smx] Precached sound: weapons/dualkriss/dualkriss-1.wav
L 04/22/2026 - 07:16:52: Log file closed.
L 04/22/2026 - 15:42:32: SourceMod log file session started (file "D:\Game\CSSPB\cstrike\addons\sourcemod\logs\L20260422.log") (Version "1.11.0.6970")
L 04/22/2026 - 15:42:32: [weapon_b_mode.smx] Loaded weapon mode: krisssvd -> v_dualkrisssvd.mdl (Zoom: 0, OwnAmmo: 1, SeqAlt: 2, SeqOrig: 2, Sound: weapons/dualkriss/dualkriss-1.wav)
L 04/22/2026 - 15:42:32: [weapon_b_mode.smx] Loaded 1 weapon modes
L 04/22/2026 - 15:42:40: [weapon_b_mode.smx] Loaded weapon mode: krisssvd -> v_dualkrisssvd.mdl (Zoom: 0, OwnAmmo: 1, SeqAlt: 2, SeqOrig: 2, Sound: weapons/dualkriss/dualkriss-1.wav)
L 04/22/2026 - 15:42:40: [weapon_b_mode.smx] Loaded 1 weapon modes
L 04/22/2026 - 15:42:40: [weapon_b_mode.smx] Precached model: models/weapons/v_dualkrisssvd.mdl
L 04/22/2026 - 15:42:40: [weapon_b_mode.smx] Precached sound: weapons/dualkriss/dualkriss-1.wav
L 04/22/2026 - 15:46:02: Log file closed.
L 04/22/2026 - 21:51:07: SourceMod log file session started (file "D:\Game\CSSPB\cstrike\addons\sourcemod\logs\L20260422.log") (Version "1.11.0.6970")
L 04/22/2026 - 21:51:07: [weapon_b_mode.smx] Loaded weapon mode: krisssvd -> v_dualkrisssvd.mdl (Zoom: 0, OwnAmmo: 1, SeqAlt: 2, SeqOrig: 2, Sound: weapons/dualkriss/dualkriss-1.wav)
L 04/22/2026 - 21:51:07: [weapon_b_mode.smx] Loaded 1 weapon modes
L 04/22/2026 - 21:51:13: [weapon_b_mode.smx] Loaded weapon mode: krisssvd -> v_dualkrisssvd.mdl (Zoom: 0, OwnAmmo: 1, SeqAlt: 2, SeqOrig: 2, Sound: weapons/dualkriss/dualkriss-1.wav)
L 04/22/2026 - 21:51:13: [weapon_b_mode.smx] Loaded 1 weapon modes
L 04/22/2026 - 21:51:13: [weapon_b_mode.smx] Precached model: models/weapons/v_dualkrisssvd.mdl
L 04/22/2026 - 21:51:13: [weapon_b_mode.smx] Precached sound: weapons/dualkriss/dualkriss-1.wav
L 04/22/2026 - 21:54:36: Log file closed.
L 04/22/2026 - 23:10:17: SourceMod log file session started (file "D:\Game\CSSPB\cstrike\addons\sourcemod\logs\L20260422.log") (Version "1.11.0.6970")
L 04/22/2026 - 23:10:17: [weapon_b_mode.smx] Loaded weapon mode: krisssvd -> v_dualkrisssvd.mdl (Zoom: 0, OwnAmmo: 1, SeqAlt: 2, SeqOrig: 2, Sound: weapons/dualkriss/dualkriss-1.wav)
L 04/22/2026 - 23:10:17: [weapon_b_mode.smx] Loaded 1 weapon modes
L 04/22/2026 - 23:10:20: [weapon_b_mode.smx] Loaded weapon mode: krisssvd -> v_dualkrisssvd.mdl (Zoom: 0, OwnAmmo: 1, SeqAlt: 2, SeqOrig: 2, Sound: weapons/dualkriss/dualkriss-1.wav)
L 04/22/2026 - 23:10:20: [weapon_b_mode.smx] Loaded 1 weapon modes
L 04/22/2026 - 23:10:20: [weapon_b_mode.smx] Precached model: models/weapons/v_dualkrisssvd.mdl
L 04/22/2026 - 23:10:20: [weapon_b_mode.smx] Precached sound: weapons/dualkriss/dualkriss-1.wav
L 04/22/2026 - 23:11:38: Log file closed.
L 04/22/2026 - 23:25:33: SourceMod log file session started (file "D:\Game\CSSPB\cstrike\addons\sourcemod\logs\L20260422.log") (Version "1.11.0.6970")
L 04/22/2026 - 23:25:33: [weapon_b_mode.smx] Loaded weapon mode: krisssvd -> v_dualkrisssvd.mdl (Zoom: 0, OwnAmmo: 1, SeqAlt: 2, SeqOrig: 2, Sound: weapons/dualkriss/dualkriss-1.wav)
L 04/22/2026 - 23:25:33: [weapon_b_mode.smx] Loaded 1 weapon modes
L 04/22/2026 - 23:25:34: [weapon_b_mode.smx] Loaded weapon mode: krisssvd -> v_dualkrisssvd.mdl (Zoom: 0, OwnAmmo: 1, SeqAlt: 2, SeqOrig: 2, Sound: weapons/dualkriss/dualkriss-1.wav)
L 04/22/2026 - 23:25:34: [weapon_b_mode.smx] Loaded 1 weapon modes
L 04/22/2026 - 23:25:35: [weapon_b_mode.smx] Precached model: models/weapons/v_dualkrisssvd.mdl
L 04/22/2026 - 23:25:35: [weapon_b_mode.smx] Precached sound: weapons/dualkriss/dualkriss-1.wav
L 04/22/2026 - 23:27:02: Log file closed.
L 04/22/2026 - 23:27:29: SourceMod log file session started (file "D:\Game\CSSPB\cstrike\addons\sourcemod\logs\L20260422.log") (Version "1.11.0.6970")
L 04/22/2026 - 23:27:29: [weapon_b_mode.smx] Loaded weapon mode: krisssvd -> v_dualkrisssvd.mdl (Zoom: 0, OwnAmmo: 1, SeqAlt: 2, SeqOrig: 2, Sound: weapons/dualkriss/dualkriss-1.wav)
L 04/22/2026 - 23:27:29: [weapon_b_mode.smx] Loaded 1 weapon modes
L 04/22/2026 - 23:27:30: [weapon_b_mode.smx] Loaded weapon mode: krisssvd -> v_dualkrisssvd.mdl (Zoom: 0, OwnAmmo: 1, SeqAlt: 2, SeqOrig: 2, Sound: weapons/dualkriss/dualkriss-1.wav)
L 04/22/2026 - 23:27:30: [weapon_b_mode.smx] Loaded 1 weapon modes
L 04/22/2026 - 23:27:30: [weapon_b_mode.smx] Precached model: models/weapons/v_dualkrisssvd.mdl
L 04/22/2026 - 23:27:30: [weapon_b_mode.smx] Precached sound: weapons/dualkriss/dualkriss-1.wav
L 04/22/2026 - 23:30:36: Log file closed.
L 04/22/2026 - 23:41:10: SourceMod log file session started (file "D:\Game\CSSPB\cstrike\addons\sourcemod\logs\L20260422.log") (Version "1.11.0.6970")
L 04/22/2026 - 23:41:10: [weapon_b_mode.smx] Loaded weapon mode: krisssvd -> v_dualkrisssvd.mdl (Zoom: 0, OwnAmmo: 1, SeqAlt: 2, SeqOrig: 2, Sound: weapons/dualkriss/dualkriss-1.wav)
L 04/22/2026 - 23:41:10: [weapon_b_mode.smx] Loaded 1 weapon modes
L 04/22/2026 - 23:41:12: [weapon_b_mode.smx] Loaded weapon mode: krisssvd -> v_dualkrisssvd.mdl (Zoom: 0, OwnAmmo: 1, SeqAlt: 2, SeqOrig: 2, Sound: weapons/dualkriss/dualkriss-1.wav)
L 04/22/2026 - 23:41:12: [weapon_b_mode.smx] Loaded 1 weapon modes
L 04/22/2026 - 23:41:12: [weapon_b_mode.smx] Precached model: models/weapons/v_dualkrisssvd.mdl
L 04/22/2026 - 23:41:12: [weapon_b_mode.smx] Precached sound: weapons/dualkriss/dualkriss-1.wav
L 04/22/2026 - 23:42:07: Log file closed.
L 04/22/2026 - 23:42:44: SourceMod log file session started (file "D:\Game\CSSPB\cstrike\addons\sourcemod\logs\L20260422.log") (Version "1.11.0.6970")
L 04/22/2026 - 23:42:44: [weapon_b_mode.smx] Loaded weapon mode: krisssvd -> v_dualkrisssvd.mdl (Zoom: 0, OwnAmmo: 1, SeqAlt: 2, SeqOrig: 2, Sound: weapons/dualkriss/dualkriss-1.wav)
L 04/22/2026 - 23:42:44: [weapon_b_mode.smx] Loaded 1 weapon modes
L 04/22/2026 - 23:42:45: [weapon_b_mode.smx] Loaded weapon mode: krisssvd -> v_dualkrisssvd.mdl (Zoom: 0, OwnAmmo: 1, SeqAlt: 2, SeqOrig: 2, Sound: weapons/dualkriss/dualkriss-1.wav)
L 04/22/2026 - 23:42:45: [weapon_b_mode.smx] Loaded 1 weapon modes
L 04/22/2026 - 23:42:45: [weapon_b_mode.smx] Precached model: models/weapons/v_dualkrisssvd.mdl
L 04/22/2026 - 23:42:45: [weapon_b_mode.smx] Precached sound: weapons/dualkriss/dualkriss-1.wav
L 04/22/2026 - 23:47:17: Log file closed.
L 04/22/2026 - 23:47:50: SourceMod log file session started (file "D:\Game\CSSPB\cstrike\addons\sourcemod\logs\L20260422.log") (Version "1.11.0.6970")
L 04/22/2026 - 23:47:50: [weapon_b_mode.smx] Loaded weapon mode: krisssvd -> v_dualkrisssvd.mdl (Zoom: 0, OwnAmmo: 1, SeqAlt: 2, SeqOrig: 2, Sound: weapons/dualkriss/dualkriss-1.wav)
L 04/22/2026 - 23:47:50: [weapon_b_mode.smx] Loaded 1 weapon modes
L 04/22/2026 - 23:47:51: [weapon_b_mode.smx] Loaded weapon mode: krisssvd -> v_dualkrisssvd.mdl (Zoom: 0, OwnAmmo: 1, SeqAlt: 2, SeqOrig: 2, Sound: weapons/dualkriss/dualkriss-1.wav)
L 04/22/2026 - 23:47:51: [weapon_b_mode.smx] Loaded 1 weapon modes
L 04/22/2026 - 23:47:51: [weapon_b_mode.smx] Precached model: models/weapons/v_dualkrisssvd.mdl
L 04/22/2026 - 23:47:51: [weapon_b_mode.smx] Precached sound: weapons/dualkriss/dualkriss-1.wav
L 04/22/2026 - 23:50:21: Log file closed.
L 04/22/2026 - 23:50:45: SourceMod log file session started (file "D:\Game\CSSPB\cstrike\addons\sourcemod\logs\L20260422.log") (Version "1.11.0.6970")
L 04/22/2026 - 23:50:45: [weapon_b_mode.smx] Loaded weapon mode: krisssvd -> v_dualkrisssvd.mdl (Zoom: 0, OwnAmmo: 1, SeqAlt: 2, SeqOrig: 2, Sound: weapons/dualkriss/dualkriss-1.wav)
L 04/22/2026 - 23:50:45: [weapon_b_mode.smx] Loaded 1 weapon modes
L 04/22/2026 - 23:50:47: [weapon_b_mode.smx] Loaded weapon mode: krisssvd -> v_dualkrisssvd.mdl (Zoom: 0, OwnAmmo: 1, SeqAlt: 2, SeqOrig: 2, Sound: weapons/dualkriss/dualkriss-1.wav)
L 04/22/2026 - 23:50:47: [weapon_b_mode.smx] Loaded 1 weapon modes
L 04/22/2026 - 23:50:47: [weapon_b_mode.smx] Precached model: models/weapons/v_dualkrisssvd.mdl
L 04/22/2026 - 23:50:47: [weapon_b_mode.smx] Precached sound: weapons/dualkriss/dualkriss-1.wav
L 04/22/2026 - 23:51:35: Log file closed.
L 04/22/2026 - 23:52:14: SourceMod log file session started (file "D:\Game\CSSPB\cstrike\addons\sourcemod\logs\L20260422.log") (Version "1.11.0.6970")
L 04/22/2026 - 23:52:14: [weapon_b_mode.smx] Loaded weapon mode: krisssvd -> v_dualkrisssvd.mdl (Zoom: 0, OwnAmmo: 1, SeqAlt: 2, SeqOrig: 2, Sound: weapons/dualkriss/dualkriss-1.wav)
L 04/22/2026 - 23:52:14: [weapon_b_mode.smx] Loaded 1 weapon modes
L 04/22/2026 - 23:52:16: [weapon_b_mode.smx] Loaded weapon mode: krisssvd -> v_dualkrisssvd.mdl (Zoom: 0, OwnAmmo: 1, SeqAlt: 2, SeqOrig: 2, Sound: weapons/dualkriss/dualkriss-1.wav)
L 04/22/2026 - 23:52:16: [weapon_b_mode.smx] Loaded 1 weapon modes
L 04/22/2026 - 23:52:16: [weapon_b_mode.smx] Precached model: models/weapons/v_dualkrisssvd.mdl
L 04/22/2026 - 23:52:16: [weapon_b_mode.smx] Precached sound: weapons/dualkriss/dualkriss-1.wav
L 04/22/2026 - 23:52:38: Log file closed.
L 04/22/2026 - 23:53:09: SourceMod log file session started (file "D:\Game\CSSPB\cstrike\addons\sourcemod\logs\L20260422.log") (Version "1.11.0.6970")
L 04/22/2026 - 23:53:09: [weapon_b_mode.smx] Loaded weapon mode: krisssvd -> v_dualkrisssvd.mdl (Zoom: 0, OwnAmmo: 1, SeqAlt: 2, SeqOrig: 2, Sound: weapons/dualkriss/dualkriss-1.wav)
L 04/22/2026 - 23:53:09: [weapon_b_mode.smx] Loaded 1 weapon modes
L 04/22/2026 - 23:53:10: [weapon_b_mode.smx] Loaded weapon mode: krisssvd -> v_dualkrisssvd.mdl (Zoom: 0, OwnAmmo: 1, SeqAlt: 2, SeqOrig: 2, Sound: weapons/dualkriss/dualkriss-1.wav)
L 04/22/2026 - 23:53:10: [weapon_b_mode.smx] Loaded 1 weapon modes
L 04/22/2026 - 23:53:10: [weapon_b_mode.smx] Precached model: models/weapons/v_dualkrisssvd.mdl
L 04/22/2026 - 23:53:10: [weapon_b_mode.smx] Precached sound: weapons/dualkriss/dualkriss-1.wav
L 04/22/2026 - 23:58:08: Log file closed.
L 04/22/2026 - 23:58:33: SourceMod log file session started (file "D:\Game\CSSPB\cstrike\addons\sourcemod\logs\L20260422.log") (Version "1.11.0.6970")
L 04/22/2026 - 23:58:33: [weapon_b_mode.smx] Loaded weapon mode: krisssvd -> v_dualkrisssvd.mdl (Zoom: 0, OwnAmmo: 1, SeqAlt: 2, SeqOrig: 2, Sound: weapons/dualkriss/dualkriss-1.wav)
L 04/22/2026 - 23:58:33: [weapon_b_mode.smx] Loaded 1 weapon modes
L 04/22/2026 - 23:58:34: [weapon_b_mode.smx] Loaded weapon mode: krisssvd -> v_dualkrisssvd.mdl (Zoom: 0, OwnAmmo: 1, SeqAlt: 2, SeqOrig: 2, Sound: weapons/dualkriss/dualkriss-1.wav)
L 04/22/2026 - 23:58:34: [weapon_b_mode.smx] Loaded 1 weapon modes
L 04/22/2026 - 23:58:34: [weapon_b_mode.smx] Precached model: models/weapons/v_dualkrisssvd.mdl
L 04/22/2026 - 23:58:34: [weapon_b_mode.smx] Precached sound: weapons/dualkriss/dualkriss-1.wav
L 04/23/2026 - 00:03:03: Log file closed.
