L 04/27/2026 - 00:05:32: SourceMod log file session started (file "D:\Game\CSSPB\cstrike\addons\sourcemod\logs\L20260427.log") (Version "1.11.0.6970")
L 04/27/2026 - 00:05:32: [weapon_b_mode.smx] Loaded weapon mode: krisssvd -> v_dualkrisssvd.mdl (Zoom: 0, OwnAmmo: 1, SeqAlt: 2, SeqOrig: 2, Sound: weapons/dualkriss/dualkriss-1.wav)
L 04/27/2026 - 00:05:32: [weapon_b_mode.smx] Loaded 1 weapon modes
L 04/27/2026 - 00:05:33: [weapon_b_mode.smx] Loaded weapon mode: krisssvd -> v_dualkrisssvd.mdl (Zoom: 0, OwnAmmo: 1, SeqAlt: 2, SeqOrig: 2, Sound: weapons/dualkriss/dualkriss-1.wav)
L 04/27/2026 - 00:05:33: [weapon_b_mode.smx] Loaded 1 weapon modes
L 04/27/2026 - 00:05:33: [weapon_b_mode.smx] Precached model: models/weapons/v_dualkrisssvd.mdl
L 04/27/2026 - 00:05:33: [weapon_b_mode.smx] Precached sound: weapons/dualkriss/dualkriss-1.wav
L 04/27/2026 - 00:14:51: Log file closed.
L 04/27/2026 - 00:15:18: SourceMod log file session started (file "D:\Game\CSSPB\cstrike\addons\sourcemod\logs\L20260427.log") (Version "1.11.0.6970")
L 04/27/2026 - 00:15:18: [weapon_b_mode.smx] Loaded weapon mode: krisssvd -> v_dualkrisssvd.mdl (Zoom: 0, OwnAmmo: 1, SeqAlt: 2, SeqOrig: 2, Sound: weapons/dualkriss/dualkriss-1.wav)
L 04/27/2026 - 00:15:18: [weapon_b_mode.smx] Loaded 1 weapon modes
L 04/27/2026 - 00:15:19: [weapon_b_mode.smx] Loaded weapon mode: krisssvd -> v_dualkrisssvd.mdl (Zoom: 0, OwnAmmo: 1, SeqAlt: 2, SeqOrig: 2, Sound: weapons/dualkriss/dualkriss-1.wav)
L 04/27/2026 - 00:15:19: [weapon_b_mode.smx] Loaded 1 weapon modes
L 04/27/2026 - 00:15:19: [weapon_b_mode.smx] Precached model: models/weapons/v_dualkrisssvd.mdl
L 04/27/2026 - 00:15:19: [weapon_b_mode.smx] Precached sound: weapons/dualkriss/dualkriss-1.wav
L 04/27/2026 - 00:22:01: Log file closed.
L 04/27/2026 - 00:22:29: SourceMod log file session started (file "D:\Game\CSSPB\cstrike\addons\sourcemod\logs\L20260427.log") (Version "1.11.0.6970")
L 04/27/2026 - 00:22:29: [weapon_b_mode.smx] Loaded weapon mode: krisssvd -> v_dualkrisssvd.mdl (Zoom: 0, OwnAmmo: 1, SeqAlt: 2, SeqOrig: 2, Sound: weapons/dualkriss/dualkriss-1.wav)
L 04/27/2026 - 00:22:29: [weapon_b_mode.smx] Loaded 1 weapon modes
L 04/27/2026 - 00:22:31: [weapon_b_mode.smx] Loaded weapon mode: krisssvd -> v_dualkrisssvd.mdl (Zoom: 0, OwnAmmo: 1, SeqAlt: 2, SeqOrig: 2, Sound: weapons/dualkriss/dualkriss-1.wav)
L 04/27/2026 - 00:22:31: [weapon_b_mode.smx] Loaded 1 weapon modes
L 04/27/2026 - 00:22:31: [weapon_b_mode.smx] Precached model: models/weapons/v_dualkrisssvd.mdl
L 04/27/2026 - 00:22:31: [weapon_b_mode.smx] Precached sound: weapons/dualkriss/dualkriss-1.wav
L 04/27/2026 - 00:25:07: Log file closed.
L 04/27/2026 - 00:25:31: SourceMod log file session started (file "D:\Game\CSSPB\cstrike\addons\sourcemod\logs\L20260427.log") (Version "1.11.0.6970")
L 04/27/2026 - 00:25:31: [weapon_b_mode.smx] Loaded weapon mode: krisssvd -> v_dualkrisssvd.mdl (Zoom: 0, OwnAmmo: 1, SeqAlt: 2, SeqOrig: 2, Sound: weapons/dualkriss/dualkriss-1.wav)
L 04/27/2026 - 00:25:31: [weapon_b_mode.smx] Loaded 1 weapon modes
L 04/27/2026 - 00:25:32: [weapon_b_mode.smx] Loaded weapon mode: krisssvd -> v_dualkrisssvd.mdl (Zoom: 0, OwnAmmo: 1, SeqAlt: 2, SeqOrig: 2, Sound: weapons/dualkriss/dualkriss-1.wav)
L 04/27/2026 - 00:25:32: [weapon_b_mode.smx] Loaded 1 weapon modes
L 04/27/2026 - 00:25:32: [weapon_b_mode.smx] Precached model: models/weapons/v_dualkrisssvd.mdl
L 04/27/2026 - 00:25:32: [weapon_b_mode.smx] Precached sound: weapons/dualkriss/dualkriss-1.wav
L 04/27/2026 - 00:25:43: Log file closed.
L 04/27/2026 - 00:26:07: SourceMod log file session started (file "D:\Game\CSSPB\cstrike\addons\sourcemod\logs\L20260427.log") (Version "1.11.0.6970")
L 04/27/2026 - 00:26:07: [weapon_b_mode.smx] Loaded weapon mode: krisssvd -> v_dualkrisssvd.mdl (Zoom: 0, OwnAmmo: 1, SeqAlt: 2, SeqOrig: 2, Sound: weapons/dualkriss/dualkriss-1.wav)
L 04/27/2026 - 00:26:07: [weapon_b_mode.smx] Loaded 1 weapon modes
L 04/27/2026 - 00:26:08: [weapon_b_mode.smx] Loaded weapon mode: krisssvd -> v_dualkrisssvd.mdl (Zoom: 0, OwnAmmo: 1, SeqAlt: 2, SeqOrig: 2, Sound: weapons/dualkriss/dualkriss-1.wav)
L 04/27/2026 - 00:26:08: [weapon_b_mode.smx] Loaded 1 weapon modes
L 04/27/2026 - 00:26:08: [weapon_b_mode.smx] Precached model: models/weapons/v_dualkrisssvd.mdl
L 04/27/2026 - 00:26:08: [weapon_b_mode.smx] Precached sound: weapons/dualkriss/dualkriss-1.wav
L 04/27/2026 - 00:28:38: Log file closed.
L 04/27/2026 - 00:42:17: SourceMod log file session started (file "D:\Game\CSSPB\cstrike\addons\sourcemod\logs\L20260427.log") (Version "1.11.0.6970")
L 04/27/2026 - 00:42:17: [weapon_b_mode.smx] Loaded weapon mode: krisssvd -> v_dualkrisssvd.mdl (Zoom: 0, OwnAmmo: 1, SeqAlt: 2, SeqOrig: 2, Sound: weapons/dualkriss/dualkriss-1.wav)
L 04/27/2026 - 00:42:17: [weapon_b_mode.smx] Loaded 1 weapon modes
L 04/27/2026 - 00:42:22: [weapon_b_mode.smx] Loaded weapon mode: krisssvd -> v_dualkrisssvd.mdl (Zoom: 0, OwnAmmo: 1, SeqAlt: 2, SeqOrig: 2, Sound: weapons/dualkriss/dualkriss-1.wav)
L 04/27/2026 - 00:42:22: [weapon_b_mode.smx] Loaded 1 weapon modes
L 04/27/2026 - 00:42:22: [weapon_b_mode.smx] Precached model: models/weapons/v_dualkrisssvd.mdl
L 04/27/2026 - 00:42:22: [weapon_b_mode.smx] Precached sound: weapons/dualkriss/dualkriss-1.wav
L 04/27/2026 - 00:44:52: Log file closed.
L 04/27/2026 - 00:49:57: SourceMod log file session started (file "D:\Game\CSSPB\cstrike\addons\sourcemod\logs\L20260427.log") (Version "1.11.0.6970")
L 04/27/2026 - 00:49:57: [weapon_b_mode.smx] Loaded weapon mode: krisssvd -> v_dualkrisssvd.mdl (Zoom: 0, OwnAmmo: 1, SeqAlt: 2, SeqOrig: 2, Sound: weapons/dualkriss/dualkriss-1.wav)
L 04/27/2026 - 00:49:57: [weapon_b_mode.smx] Loaded 1 weapon modes
L 04/27/2026 - 00:50:00: [weapon_b_mode.smx] Loaded weapon mode: krisssvd -> v_dualkrisssvd.mdl (Zoom: 0, OwnAmmo: 1, SeqAlt: 2, SeqOrig: 2, Sound: weapons/dualkriss/dualkriss-1.wav)
L 04/27/2026 - 00:50:00: [weapon_b_mode.smx] Loaded 1 weapon modes
L 04/27/2026 - 00:50:00: [weapon_b_mode.smx] Precached model: models/weapons/v_dualkrisssvd.mdl
L 04/27/2026 - 00:50:00: [weapon_b_mode.smx] Precached sound: weapons/dualkriss/dualkriss-1.wav
L 04/27/2026 - 00:52:51: Log file closed.
L 04/27/2026 - 00:54:08: SourceMod log file session started (file "D:\Game\CSSPB\cstrike\addons\sourcemod\logs\L20260427.log") (Version "1.11.0.6970")
L 04/27/2026 - 00:54:08: [weapon_b_mode.smx] Loaded weapon mode: krisssvd -> v_dualkrisssvd.mdl (Zoom: 0, OwnAmmo: 1, SeqAlt: 2, SeqOrig: 2, Sound: weapons/dualkriss/dualkriss-1.wav)
L 04/27/2026 - 00:54:08: [weapon_b_mode.smx] Loaded 1 weapon modes
L 04/27/2026 - 00:54:12: [weapon_b_mode.smx] Loaded weapon mode: krisssvd -> v_dualkrisssvd.mdl (Zoom: 0, OwnAmmo: 1, SeqAlt: 2, SeqOrig: 2, Sound: weapons/dualkriss/dualkriss-1.wav)
L 04/27/2026 - 00:54:12: [weapon_b_mode.smx] Loaded 1 weapon modes
L 04/27/2026 - 00:54:12: [weapon_b_mode.smx] Precached model: models/weapons/v_dualkrisssvd.mdl
L 04/27/2026 - 00:54:12: [weapon_b_mode.smx] Precached sound: weapons/dualkriss/dualkriss-1.wav
L 04/27/2026 - 00:55:52: Log file closed.
L 04/27/2026 - 00:58:48: SourceMod log file session started (file "D:\Game\CSSPB\cstrike\addons\sourcemod\logs\L20260427.log") (Version "1.11.0.6970")
L 04/27/2026 - 00:58:48: [weapon_b_mode.smx] Loaded weapon mode: krisssvd -> v_dualkrisssvd.mdl (Zoom: 0, OwnAmmo: 1, SeqAlt: 2, SeqOrig: 2, Sound: weapons/dualkriss/dualkriss-1.wav)
L 04/27/2026 - 00:58:48: [weapon_b_mode.smx] Loaded 1 weapon modes
L 04/27/2026 - 00:58:50: [weapon_b_mode.smx] Loaded weapon mode: krisssvd -> v_dualkrisssvd.mdl (Zoom: 0, OwnAmmo: 1, SeqAlt: 2, SeqOrig: 2, Sound: weapons/dualkriss/dualkriss-1.wav)
L 04/27/2026 - 00:58:50: [weapon_b_mode.smx] Loaded 1 weapon modes
L 04/27/2026 - 00:58:50: [weapon_b_mode.smx] Precached model: models/weapons/v_dualkrisssvd.mdl
L 04/27/2026 - 00:58:50: [weapon_b_mode.smx] Precached sound: weapons/dualkriss/dualkriss-1.wav
L 04/27/2026 - 01:02:26: Log file closed.
L 04/27/2026 - 01:04:47: SourceMod log file session started (file "D:\Game\CSSPB\cstrike\addons\sourcemod\logs\L20260427.log") (Version "1.11.0.6970")
L 04/27/2026 - 01:04:47: [weapon_b_mode.smx] Loaded weapon mode: krisssvd -> v_dualkrisssvd.mdl (Zoom: 0, OwnAmmo: 1, SeqAlt: 2, SeqOrig: 2, Sound: weapons/dualkriss/dualkriss-1.wav)
L 04/27/2026 - 01:04:47: [weapon_b_mode.smx] Loaded 1 weapon modes
L 04/27/2026 - 01:04:50: [weapon_b_mode.smx] Loaded weapon mode: krisssvd -> v_dualkrisssvd.mdl (Zoom: 0, OwnAmmo: 1, SeqAlt: 2, SeqOrig: 2, Sound: weapons/dualkriss/dualkriss-1.wav)
L 04/27/2026 - 01:04:50: [weapon_b_mode.smx] Loaded 1 weapon modes
L 04/27/2026 - 01:04:50: [weapon_b_mode.smx] Precached model: models/weapons/v_dualkrisssvd.mdl
L 04/27/2026 - 01:04:50: [weapon_b_mode.smx] Precached sound: weapons/dualkriss/dualkriss-1.wav
L 04/27/2026 - 01:07:48: Log file closed.
L 04/27/2026 - 06:14:48: SourceMod log file session started (file "D:\Game\CSSPB\cstrike\addons\sourcemod\logs\L20260427.log") (Version "1.11.0.6970")
L 04/27/2026 - 06:14:48: [weapon_b_mode.smx] Loaded weapon mode: krisssvd -> v_dualkrisssvd.mdl (Zoom: 0, OwnAmmo: 1, SeqAlt: 2, SeqOrig: 2, Sound: weapons/dualkriss/dualkriss-1.wav)
L 04/27/2026 - 06:14:49: [weapon_b_mode.smx] Loaded 1 weapon modes
L 04/27/2026 - 06:14:56: [weapon_b_mode.smx] Loaded weapon mode: krisssvd -> v_dualkrisssvd.mdl (Zoom: 0, OwnAmmo: 1, SeqAlt: 2, SeqOrig: 2, Sound: weapons/dualkriss/dualkriss-1.wav)
L 04/27/2026 - 06:14:56: [weapon_b_mode.smx] Loaded 1 weapon modes
L 04/27/2026 - 06:14:56: [weapon_b_mode.smx] Precached model: models/weapons/v_dualkrisssvd.mdl
L 04/27/2026 - 06:14:56: [weapon_b_mode.smx] Precached sound: weapons/dualkriss/dualkriss-1.wav
L 04/27/2026 - 06:18:05: Log file closed.
L 04/27/2026 - 06:28:12: SourceMod log file session started (file "D:\Game\CSSPB\cstrike\addons\sourcemod\logs\L20260427.log") (Version "1.11.0.6970")
L 04/27/2026 - 06:28:12: [weapon_b_mode.smx] Loaded weapon mode: krisssvd -> v_dualkrisssvd.mdl (Zoom: 0, OwnAmmo: 1, SeqAlt: 2, SeqOrig: 2, Sound: weapons/dualkriss/dualkriss-1.wav)
L 04/27/2026 - 06:28:12: [weapon_b_mode.smx] Loaded 1 weapon modes
L 04/27/2026 - 06:28:14: [weapon_b_mode.smx] Loaded weapon mode: krisssvd -> v_dualkrisssvd.mdl (Zoom: 0, OwnAmmo: 1, SeqAlt: 2, SeqOrig: 2, Sound: weapons/dualkriss/dualkriss-1.wav)
L 04/27/2026 - 06:28:14: [weapon_b_mode.smx] Loaded 1 weapon modes
L 04/27/2026 - 06:28:14: [weapon_b_mode.smx] Precached model: models/weapons/v_dualkrisssvd.mdl
L 04/27/2026 - 06:28:14: [weapon_b_mode.smx] Precached sound: weapons/dualkriss/dualkriss-1.wav
L 04/27/2026 - 06:30:54: Log file closed.
L 04/27/2026 - 06:31:57: SourceMod log file session started (file "D:\Game\CSSPB\cstrike\addons\sourcemod\logs\L20260427.log") (Version "1.11.0.6970")
L 04/27/2026 - 06:31:57: [weapon_b_mode.smx] Loaded weapon mode: krisssvd -> v_dualkrisssvd.mdl (Zoom: 0, OwnAmmo: 1, SeqAlt: 2, SeqOrig: 2, Sound: weapons/dualkriss/dualkriss-1.wav)
L 04/27/2026 - 06:31:57: [weapon_b_mode.smx] Loaded 1 weapon modes
L 04/27/2026 - 06:31:59: [weapon_b_mode.smx] Loaded weapon mode: krisssvd -> v_dualkrisssvd.mdl (Zoom: 0, OwnAmmo: 1, SeqAlt: 2, SeqOrig: 2, Sound: weapons/dualkriss/dualkriss-1.wav)
L 04/27/2026 - 06:31:59: [weapon_b_mode.smx] Loaded 1 weapon modes
L 04/27/2026 - 06:31:59: [weapon_b_mode.smx] Precached model: models/weapons/v_dualkrisssvd.mdl
L 04/27/2026 - 06:31:59: [weapon_b_mode.smx] Precached sound: weapons/dualkriss/dualkriss-1.wav
L 04/27/2026 - 06:34:44: Log file closed.
L 04/27/2026 - 13:34:48: SourceMod log file session started (file "D:\Game\CSSPB\cstrike\addons\sourcemod\logs\L20260427.log") (Version "1.11.0.6970")
L 04/27/2026 - 13:34:48: [weapon_b_mode.smx] Loaded weapon mode: krisssvd -> v_dualkrisssvd.mdl (Zoom: 0, OwnAmmo: 1, SeqAlt: 2, SeqOrig: 2, Sound: weapons/dualkriss/dualkriss-1.wav)
L 04/27/2026 - 13:34:48: [weapon_b_mode.smx] Loaded 1 weapon modes
L 04/27/2026 - 13:34:56: [weapon_b_mode.smx] Loaded weapon mode: krisssvd -> v_dualkrisssvd.mdl (Zoom: 0, OwnAmmo: 1, SeqAlt: 2, SeqOrig: 2, Sound: weapons/dualkriss/dualkriss-1.wav)
L 04/27/2026 - 13:34:56: [weapon_b_mode.smx] Loaded 1 weapon modes
L 04/27/2026 - 13:34:56: [weapon_b_mode.smx] Precached model: models/weapons/v_dualkrisssvd.mdl
L 04/27/2026 - 13:34:56: [weapon_b_mode.smx] Precached sound: weapons/dualkriss/dualkriss-1.wav
L 04/27/2026 - 13:35:23: Log file closed.
L 04/27/2026 - 13:44:19: SourceMod log file session started (file "D:\Game\CSSPB\cstrike\addons\sourcemod\logs\L20260427.log") (Version "1.11.0.6970")
L 04/27/2026 - 13:44:19: [weapon_b_mode.smx] Loaded weapon mode: krisssvd -> v_dualkrisssvd.mdl (Zoom: 0, OwnAmmo: 1, SeqAlt: 2, SeqOrig: 2, Sound: weapons/dualkriss/dualkriss-1.wav)
L 04/27/2026 - 13:44:19: [weapon_b_mode.smx] Loaded 1 weapon modes
L 04/27/2026 - 13:44:21: [weapon_b_mode.smx] Loaded weapon mode: krisssvd -> v_dualkrisssvd.mdl (Zoom: 0, OwnAmmo: 1, SeqAlt: 2, SeqOrig: 2, Sound: weapons/dualkriss/dualkriss-1.wav)
L 04/27/2026 - 13:44:21: [weapon_b_mode.smx] Loaded 1 weapon modes
L 04/27/2026 - 13:44:21: [weapon_b_mode.smx] Precached model: models/weapons/v_dualkrisssvd.mdl
L 04/27/2026 - 13:44:21: [weapon_b_mode.smx] Precached sound: weapons/dualkriss/dualkriss-1.wav
L 04/27/2026 - 13:48:04: Log file closed.
