L 09/27/2026 - 22:28:04: SourceMod log file session started (file "d:\game\csspb\cstrike\addons\sourcemod\logs\L20260927.log") (Version "1.11.0.6970")
L 09/27/2026 - 22:28:04: [weapon_b_mode.smx] Loaded weapon mode: krisssvd -> v_dualkrisssvd.mdl (Zoom: 0, OwnAmmo: 1, SeqAlt: 2, SeqOrig: 2, Sound: weapons/dualkriss/dualkriss-1.wav)
L 09/27/2026 - 22:28:04: [weapon_b_mode.smx] Loaded 1 weapon modes
L 09/27/2026 - 22:28:10: [weapon_b_mode.smx] Loaded weapon mode: krisssvd -> v_dualkrisssvd.mdl (Zoom: 0, OwnAmmo: 1, SeqAlt: 2, SeqOrig: 2, Sound: weapons/dualkriss/dualkriss-1.wav)
L 09/27/2026 - 22:28:10: [weapon_b_mode.smx] Loaded 1 weapon modes
L 09/27/2026 - 22:28:10: [weapon_b_mode.smx] Precached model: models/weapons/v_dualkrisssvd.mdl
L 09/27/2026 - 22:28:10: [weapon_b_mode.smx] Precached sound: weapons/dualkriss/dualkriss-1.wav
L 09/27/2026 - 22:28:11: [UPDATER] Successfully updated gamedata file "cssdm.games.txt"
L 09/27/2026 - 22:28:11: [UPDATER] SourceMod has been updated, please reload it or restart your server.
L 09/27/2026 - 22:28:21: Log file closed.
L 09/27/2026 - 22:28:54: SourceMod log file session started (file "d:\game\csspb\cstrike\addons\sourcemod\logs\L20260927.log") (Version "1.11.0.6970")
L 09/27/2026 - 22:28:54: [weapon_b_mode.smx] Loaded weapon mode: krisssvd -> v_dualkrisssvd.mdl (Zoom: 0, OwnAmmo: 1, SeqAlt: 2, SeqOrig: 2, Sound: weapons/dualkriss/dualkriss-1.wav)
L 09/27/2026 - 22:28:54: [weapon_b_mode.smx] Loaded 1 weapon modes
L 09/27/2026 - 22:28:55: [weapon_b_mode.smx] Loaded weapon mode: krisssvd -> v_dualkrisssvd.mdl (Zoom: 0, OwnAmmo: 1, SeqAlt: 2, SeqOrig: 2, Sound: weapons/dualkriss/dualkriss-1.wav)
L 09/27/2026 - 22:28:55: [weapon_b_mode.smx] Loaded 1 weapon modes
L 09/27/2026 - 22:28:55: [weapon_b_mode.smx] Precached model: models/weapons/v_dualkrisssvd.mdl
L 09/27/2026 - 22:28:55: [weapon_b_mode.smx] Precached sound: weapons/dualkriss/dualkriss-1.wav
L 09/27/2026 - 22:31:20: Log file closed.
L 09/27/2026 - 22:31:46: SourceMod log file session started (file "d:\game\csspb\cstrike\addons\sourcemod\logs\L20260927.log") (Version "1.11.0.6970")
L 09/27/2026 - 22:31:46: [weapon_b_mode.smx] Loaded weapon mode: krisssvd -> v_dualkrisssvd.mdl (Zoom: 0, OwnAmmo: 1, SeqAlt: 2, SeqOrig: 2, Sound: weapons/dualkriss/dualkriss-1.wav)
L 09/27/2026 - 22:31:46: [weapon_b_mode.smx] Loaded 1 weapon modes
L 09/27/2026 - 22:31:48: [weapon_b_mode.smx] Loaded weapon mode: krisssvd -> v_dualkrisssvd.mdl (Zoom: 0, OwnAmmo: 1, SeqAlt: 2, SeqOrig: 2, Sound: weapons/dualkriss/dualkriss-1.wav)
L 09/27/2026 - 22:31:48: [weapon_b_mode.smx] Loaded 1 weapon modes
L 09/27/2026 - 22:31:48: [weapon_b_mode.smx] Precached model: models/weapons/v_dualkrisssvd.mdl
L 09/27/2026 - 22:31:48: [weapon_b_mode.smx] Precached sound: weapons/dualkriss/dualkriss-1.wav
L 09/27/2026 - 22:34:15: Log file closed.
L 09/27/2026 - 22:36:06: SourceMod log file session started (file "d:\game\csspb\cstrike\addons\sourcemod\logs\L20260927.log") (Version "1.11.0.6970")
L 09/27/2026 - 22:36:06: [weapon_b_mode.smx] Loaded weapon mode: krisssvd -> v_dualkrisssvd.mdl (Zoom: 0, OwnAmmo: 1, SeqAlt: 2, SeqOrig: 2, Sound: weapons/dualkriss/dualkriss-1.wav)
L 09/27/2026 - 22:36:06: [weapon_b_mode.smx] Loaded 1 weapon modes
L 09/27/2026 - 22:36:08: [weapon_b_mode.smx] Loaded weapon mode: krisssvd -> v_dualkrisssvd.mdl (Zoom: 0, OwnAmmo: 1, SeqAlt: 2, SeqOrig: 2, Sound: weapons/dualkriss/dualkriss-1.wav)
L 09/27/2026 - 22:36:08: [weapon_b_mode.smx] Loaded 1 weapon modes
L 09/27/2026 - 22:36:08: [weapon_b_mode.smx] Precached model: models/weapons/v_dualkrisssvd.mdl
L 09/27/2026 - 22:36:08: [weapon_b_mode.smx] Precached sound: weapons/dualkriss/dualkriss-1.wav
L 09/27/2026 - 22:36:38: Log file closed.
L 09/27/2026 - 22:43:17: SourceMod log file session started (file "d:\game\csspb\cstrike\addons\sourcemod\logs\L20260927.log") (Version "1.11.0.6970")
L 09/27/2026 - 22:43:17: [weapon_b_mode.smx] Loaded weapon mode: krisssvd -> v_dualkrisssvd.mdl (Zoom: 0, OwnAmmo: 1, SeqAlt: 2, SeqOrig: 2, Sound: weapons/dualkriss/dualkriss-1.wav)
L 09/27/2026 - 22:43:17: [weapon_b_mode.smx] Loaded 1 weapon modes
L 09/27/2026 - 22:43:19: [weapon_b_mode.smx] Loaded weapon mode: krisssvd -> v_dualkrisssvd.mdl (Zoom: 0, OwnAmmo: 1, SeqAlt: 2, SeqOrig: 2, Sound: weapons/dualkriss/dualkriss-1.wav)
L 09/27/2026 - 22:43:19: [weapon_b_mode.smx] Loaded 1 weapon modes
L 09/27/2026 - 22:43:19: [weapon_b_mode.smx] Precached model: models/weapons/v_dualkrisssvd.mdl
L 09/27/2026 - 22:43:19: [weapon_b_mode.smx] Precached sound: weapons/dualkriss/dualkriss-1.wav
L 09/27/2026 - 22:43:49: Log file closed.
L 09/27/2026 - 22:48:24: SourceMod log file session started (file "d:\game\csspb\cstrike\addons\sourcemod\logs\L20260927.log") (Version "1.11.0.6970")
L 09/27/2026 - 22:48:24: [weapon_b_mode.smx] Loaded weapon mode: krisssvd -> v_dualkrisssvd.mdl (Zoom: 0, OwnAmmo: 1, SeqAlt: 2, SeqOrig: 2, Sound: weapons/dualkriss/dualkriss-1.wav)
L 09/27/2026 - 22:48:24: [weapon_b_mode.smx] Loaded 1 weapon modes
L 09/27/2026 - 22:48:26: [weapon_b_mode.smx] Loaded weapon mode: krisssvd -> v_dualkrisssvd.mdl (Zoom: 0, OwnAmmo: 1, SeqAlt: 2, SeqOrig: 2, Sound: weapons/dualkriss/dualkriss-1.wav)
L 09/27/2026 - 22:48:26: [weapon_b_mode.smx] Loaded 1 weapon modes
L 09/27/2026 - 22:48:26: [weapon_b_mode.smx] Precached model: models/weapons/v_dualkrisssvd.mdl
L 09/27/2026 - 22:48:26: [weapon_b_mode.smx] Precached sound: weapons/dualkriss/dualkriss-1.wav
L 09/27/2026 - 22:50:12: Log file closed.
L 09/27/2026 - 22:51:37: SourceMod log file session started (file "d:\game\csspb\cstrike\addons\sourcemod\logs\L20260927.log") (Version "1.11.0.6970")
L 09/27/2026 - 22:51:37: [weapon_b_mode.smx] Loaded weapon mode: krisssvd -> v_dualkrisssvd.mdl (Zoom: 0, OwnAmmo: 1, SeqAlt: 2, SeqOrig: 2, Sound: weapons/dualkriss/dualkriss-1.wav)
L 09/27/2026 - 22:51:37: [weapon_b_mode.smx] Loaded 1 weapon modes
L 09/27/2026 - 22:51:38: [weapon_b_mode.smx] Loaded weapon mode: krisssvd -> v_dualkrisssvd.mdl (Zoom: 0, OwnAmmo: 1, SeqAlt: 2, SeqOrig: 2, Sound: weapons/dualkriss/dualkriss-1.wav)
L 09/27/2026 - 22:51:38: [weapon_b_mode.smx] Loaded 1 weapon modes
L 09/27/2026 - 22:51:38: [weapon_b_mode.smx] Precached model: models/weapons/v_dualkrisssvd.mdl
L 09/27/2026 - 22:51:38: [weapon_b_mode.smx] Precached sound: weapons/dualkriss/dualkriss-1.wav
L 09/27/2026 - 22:52:38: Log file closed.
L 09/27/2026 - 23:00:00: SourceMod log file session started (file "d:\game\csspb\cstrike\addons\sourcemod\logs\L20260927.log") (Version "1.11.0.6970")
L 09/27/2026 - 23:00:00: [weapon_b_mode.smx] Loaded weapon mode: krisssvd -> v_dualkrisssvd.mdl (Zoom: 0, OwnAmmo: 1, SeqAlt: 2, SeqOrig: 2, Sound: weapons/dualkriss/dualkriss-1.wav)
L 09/27/2026 - 23:00:00: [weapon_b_mode.smx] Loaded 1 weapon modes
L 09/27/2026 - 23:00:02: [weapon_b_mode.smx] Loaded weapon mode: krisssvd -> v_dualkrisssvd.mdl (Zoom: 0, OwnAmmo: 1, SeqAlt: 2, SeqOrig: 2, Sound: weapons/dualkriss/dualkriss-1.wav)
L 09/27/2026 - 23:00:02: [weapon_b_mode.smx] Loaded 1 weapon modes
L 09/27/2026 - 23:00:02: [weapon_b_mode.smx] Precached model: models/weapons/v_dualkrisssvd.mdl
L 09/27/2026 - 23:00:02: [weapon_b_mode.smx] Precached sound: weapons/dualkriss/dualkriss-1.wav
L 09/27/2026 - 23:01:44: Log file closed.
L 09/27/2026 - 23:05:59: SourceMod log file session started (file "d:\game\csspb\cstrike\addons\sourcemod\logs\L20260927.log") (Version "1.11.0.6970")
L 09/27/2026 - 23:05:59: [weapon_b_mode.smx] Loaded weapon mode: krisssvd -> v_dualkrisssvd.mdl (Zoom: 0, OwnAmmo: 1, SeqAlt: 2, SeqOrig: 2, Sound: weapons/dualkriss/dualkriss-1.wav)
L 09/27/2026 - 23:05:59: [weapon_b_mode.smx] Loaded 1 weapon modes
L 09/27/2026 - 23:06:00: [weapon_b_mode.smx] Loaded weapon mode: krisssvd -> v_dualkrisssvd.mdl (Zoom: 0, OwnAmmo: 1, SeqAlt: 2, SeqOrig: 2, Sound: weapons/dualkriss/dualkriss-1.wav)
L 09/27/2026 - 23:06:00: [weapon_b_mode.smx] Loaded 1 weapon modes
L 09/27/2026 - 23:06:00: [weapon_b_mode.smx] Precached model: models/weapons/v_dualkrisssvd.mdl
L 09/27/2026 - 23:06:00: [weapon_b_mode.smx] Precached sound: weapons/dualkriss/dualkriss-1.wav
L 09/27/2026 - 23:06:00: [UPDATER] Successfully updated gamedata file "cssdm.games.txt"
L 09/27/2026 - 23:06:00: [UPDATER] SourceMod has been updated, please reload it or restart your server.
L 09/27/2026 - 23:10:38: Log file closed.
L 09/27/2026 - 23:11:08: SourceMod log file session started (file "d:\game\csspb\cstrike\addons\sourcemod\logs\L20260927.log") (Version "1.11.0.6970")
L 09/27/2026 - 23:11:08: [weapon_b_mode.smx] Loaded weapon mode: krisssvd -> v_dualkrisssvd.mdl (Zoom: 0, OwnAmmo: 1, SeqAlt: 2, SeqOrig: 2, Sound: weapons/dualkriss/dualkriss-1.wav)
L 09/27/2026 - 23:11:08: [weapon_b_mode.smx] Loaded 1 weapon modes
L 09/27/2026 - 23:11:10: [weapon_b_mode.smx] Loaded weapon mode: krisssvd -> v_dualkrisssvd.mdl (Zoom: 0, OwnAmmo: 1, SeqAlt: 2, SeqOrig: 2, Sound: weapons/dualkriss/dualkriss-1.wav)
L 09/27/2026 - 23:11:10: [weapon_b_mode.smx] Loaded 1 weapon modes
L 09/27/2026 - 23:11:10: [weapon_b_mode.smx] Precached model: models/weapons/v_dualkrisssvd.mdl
L 09/27/2026 - 23:11:10: [weapon_b_mode.smx] Precached sound: weapons/dualkriss/dualkriss-1.wav
L 09/27/2026 - 23:11:10: [UPDATER] Successfully updated gamedata file "cssdm.games.txt"
L 09/27/2026 - 23:11:10: [UPDATER] SourceMod has been updated, please reload it or restart your server.
L 09/27/2026 - 23:12:56: Log file closed.
L 09/27/2026 - 23:13:22: SourceMod log file session started (file "d:\game\csspb\cstrike\addons\sourcemod\logs\L20260927.log") (Version "1.11.0.6970")
L 09/27/2026 - 23:13:22: [weapon_b_mode.smx] Loaded weapon mode: krisssvd -> v_dualkrisssvd.mdl (Zoom: 0, OwnAmmo: 1, SeqAlt: 2, SeqOrig: 2, Sound: weapons/dualkriss/dualkriss-1.wav)
L 09/27/2026 - 23:13:22: [weapon_b_mode.smx] Loaded 1 weapon modes
L 09/27/2026 - 23:13:23: [weapon_b_mode.smx] Loaded weapon mode: krisssvd -> v_dualkrisssvd.mdl (Zoom: 0, OwnAmmo: 1, SeqAlt: 2, SeqOrig: 2, Sound: weapons/dualkriss/dualkriss-1.wav)
L 09/27/2026 - 23:13:23: [weapon_b_mode.smx] Loaded 1 weapon modes
L 09/27/2026 - 23:13:23: [weapon_b_mode.smx] Precached model: models/weapons/v_dualkrisssvd.mdl
L 09/27/2026 - 23:13:23: [weapon_b_mode.smx] Precached sound: weapons/dualkriss/dualkriss-1.wav
L 09/27/2026 - 23:16:04: Log file closed.
L 09/27/2026 - 23:16:27: SourceMod log file session started (file "d:\game\csspb\cstrike\addons\sourcemod\logs\L20260927.log") (Version "1.11.0.6970")
L 09/27/2026 - 23:16:27: [weapon_b_mode.smx] Loaded weapon mode: krisssvd -> v_dualkrisssvd.mdl (Zoom: 0, OwnAmmo: 1, SeqAlt: 2, SeqOrig: 2, Sound: weapons/dualkriss/dualkriss-1.wav)
L 09/27/2026 - 23:16:27: [weapon_b_mode.smx] Loaded 1 weapon modes
L 09/27/2026 - 23:16:29: [weapon_b_mode.smx] Loaded weapon mode: krisssvd -> v_dualkrisssvd.mdl (Zoom: 0, OwnAmmo: 1, SeqAlt: 2, SeqOrig: 2, Sound: weapons/dualkriss/dualkriss-1.wav)
L 09/27/2026 - 23:16:29: [weapon_b_mode.smx] Loaded 1 weapon modes
L 09/27/2026 - 23:16:29: [weapon_b_mode.smx] Precached model: models/weapons/v_dualkrisssvd.mdl
L 09/27/2026 - 23:16:29: [weapon_b_mode.smx] Precached sound: weapons/dualkriss/dualkriss-1.wav
L 09/27/2026 - 23:17:38: Log file closed.
L 09/27/2026 - 23:24:50: SourceMod log file session started (file "d:\game\csspb\cstrike\addons\sourcemod\logs\L20260927.log") (Version "1.11.0.6970")
L 09/27/2026 - 23:24:50: [weapon_b_mode.smx] Loaded weapon mode: krisssvd -> v_dualkrisssvd.mdl (Zoom: 0, OwnAmmo: 1, SeqAlt: 2, SeqOrig: 2, Sound: weapons/dualkriss/dualkriss-1.wav)
L 09/27/2026 - 23:24:50: [weapon_b_mode.smx] Loaded 1 weapon modes
L 09/27/2026 - 23:24:51: [weapon_b_mode.smx] Loaded weapon mode: krisssvd -> v_dualkrisssvd.mdl (Zoom: 0, OwnAmmo: 1, SeqAlt: 2, SeqOrig: 2, Sound: weapons/dualkriss/dualkriss-1.wav)
L 09/27/2026 - 23:24:51: [weapon_b_mode.smx] Loaded 1 weapon modes
L 09/27/2026 - 23:24:51: [weapon_b_mode.smx] Precached model: models/weapons/v_dualkrisssvd.mdl
L 09/27/2026 - 23:24:51: [weapon_b_mode.smx] Precached sound: weapons/dualkriss/dualkriss-1.wav
L 09/27/2026 - 23:27:58: Log file closed.
L 09/27/2026 - 23:28:20: SourceMod log file session started (file "d:\game\csspb\cstrike\addons\sourcemod\logs\L20260927.log") (Version "1.11.0.6970")
L 09/27/2026 - 23:28:20: [weapon_b_mode.smx] Loaded weapon mode: krisssvd -> v_dualkrisssvd.mdl (Zoom: 0, OwnAmmo: 1, SeqAlt: 2, SeqOrig: 2, Sound: weapons/dualkriss/dualkriss-1.wav)
L 09/27/2026 - 23:28:20: [weapon_b_mode.smx] Loaded 1 weapon modes
L 09/27/2026 - 23:28:21: [weapon_b_mode.smx] Loaded weapon mode: krisssvd -> v_dualkrisssvd.mdl (Zoom: 0, OwnAmmo: 1, SeqAlt: 2, SeqOrig: 2, Sound: weapons/dualkriss/dualkriss-1.wav)
L 09/27/2026 - 23:28:21: [weapon_b_mode.smx] Loaded 1 weapon modes
L 09/27/2026 - 23:28:21: [weapon_b_mode.smx] Precached model: models/weapons/v_dualkrisssvd.mdl
L 09/27/2026 - 23:28:21: [weapon_b_mode.smx] Precached sound: weapons/dualkriss/dualkriss-1.wav
L 09/27/2026 - 23:29:58: Log file closed.
L 09/27/2026 - 23:30:40: SourceMod log file session started (file "d:\game\csspb\cstrike\addons\sourcemod\logs\L20260927.log") (Version "1.11.0.6970")
L 09/27/2026 - 23:30:40: [weapon_b_mode.smx] Loaded weapon mode: krisssvd -> v_dualkrisssvd.mdl (Zoom: 0, OwnAmmo: 1, SeqAlt: 2, SeqOrig: 2, Sound: weapons/dualkriss/dualkriss-1.wav)
L 09/27/2026 - 23:30:40: [weapon_b_mode.smx] Loaded 1 weapon modes
L 09/27/2026 - 23:30:42: [weapon_b_mode.smx] Loaded weapon mode: krisssvd -> v_dualkrisssvd.mdl (Zoom: 0, OwnAmmo: 1, SeqAlt: 2, SeqOrig: 2, Sound: weapons/dualkriss/dualkriss-1.wav)
L 09/27/2026 - 23:30:42: [weapon_b_mode.smx] Loaded 1 weapon modes
L 09/27/2026 - 23:30:42: [weapon_b_mode.smx] Precached model: models/weapons/v_dualkrisssvd.mdl
L 09/27/2026 - 23:30:42: [weapon_b_mode.smx] Precached sound: weapons/dualkriss/dualkriss-1.wav
L 09/27/2026 - 23:33:27: Log file closed.
L 09/27/2026 - 23:35:48: SourceMod log file session started (file "d:\game\csspb\cstrike\addons\sourcemod\logs\L20260927.log") (Version "1.11.0.6970")
L 09/27/2026 - 23:35:48: [weapon_b_mode.smx] Loaded weapon mode: krisssvd -> v_dualkrisssvd.mdl (Zoom: 0, OwnAmmo: 1, SeqAlt: 2, SeqOrig: 2, Sound: weapons/dualkriss/dualkriss-1.wav)
L 09/27/2026 - 23:35:48: [weapon_b_mode.smx] Loaded 1 weapon modes
L 09/27/2026 - 23:35:49: [weapon_b_mode.smx] Loaded weapon mode: krisssvd -> v_dualkrisssvd.mdl (Zoom: 0, OwnAmmo: 1, SeqAlt: 2, SeqOrig: 2, Sound: weapons/dualkriss/dualkriss-1.wav)
L 09/27/2026 - 23:35:49: [weapon_b_mode.smx] Loaded 1 weapon modes
L 09/27/2026 - 23:35:49: [weapon_b_mode.smx] Precached model: models/weapons/v_dualkrisssvd.mdl
L 09/27/2026 - 23:35:49: [weapon_b_mode.smx] Precached sound: weapons/dualkriss/dualkriss-1.wav
L 09/27/2026 - 23:38:57: Log file closed.
L 09/27/2026 - 23:39:21: SourceMod log file session started (file "d:\game\csspb\cstrike\addons\sourcemod\logs\L20260927.log") (Version "1.11.0.6970")
L 09/27/2026 - 23:39:21: [weapon_b_mode.smx] Loaded weapon mode: krisssvd -> v_dualkrisssvd.mdl (Zoom: 0, OwnAmmo: 1, SeqAlt: 2, SeqOrig: 2, Sound: weapons/dualkriss/dualkriss-1.wav)
L 09/27/2026 - 23:39:21: [weapon_b_mode.smx] Loaded 1 weapon modes
L 09/27/2026 - 23:39:22: [weapon_b_mode.smx] Loaded weapon mode: krisssvd -> v_dualkrisssvd.mdl (Zoom: 0, OwnAmmo: 1, SeqAlt: 2, SeqOrig: 2, Sound: weapons/dualkriss/dualkriss-1.wav)
L 09/27/2026 - 23:39:22: [weapon_b_mode.smx] Loaded 1 weapon modes
L 09/27/2026 - 23:39:22: [weapon_b_mode.smx] Precached model: models/weapons/v_dualkrisssvd.mdl
L 09/27/2026 - 23:39:22: [weapon_b_mode.smx] Precached sound: weapons/dualkriss/dualkriss-1.wav
L 09/27/2026 - 23:42:46: Log file closed.
