L 05/01/2026 - 08:32:19: SourceMod log file session started (file "d:\game\csspb\cstrike\addons\sourcemod\logs\L20260501.log") (Version "1.11.0.6970")
L 05/01/2026 - 08:32:19: [weapon_b_mode.smx] Loaded weapon mode: krisssvd -> v_dualkrisssvd.mdl (Zoom: 0, OwnAmmo: 1, SeqAlt: 2, SeqOrig: 2, Sound: weapons/dualkriss/dualkriss-1.wav)
L 05/01/2026 - 08:32:19: [weapon_b_mode.smx] Loaded 1 weapon modes
L 05/01/2026 - 08:32:25: [weapon_b_mode.smx] Loaded weapon mode: krisssvd -> v_dualkrisssvd.mdl (Zoom: 0, OwnAmmo: 1, SeqAlt: 2, SeqOrig: 2, Sound: weapons/dualkriss/dualkriss-1.wav)
L 05/01/2026 - 08:32:25: [weapon_b_mode.smx] Loaded 1 weapon modes
L 05/01/2026 - 08:32:25: [weapon_b_mode.smx] Precached model: models/weapons/v_dualkrisssvd.mdl
L 05/01/2026 - 08:32:25: [weapon_b_mode.smx] Precached sound: weapons/dualkriss/dualkriss-1.wav
L 05/01/2026 - 08:35:28: Log file closed.
L 05/01/2026 - 22:30:36: SourceMod log file session started (file "d:\game\csspb\cstrike\addons\sourcemod\logs\L20260501.log") (Version "1.11.0.6970")
L 05/01/2026 - 22:30:36: [weapon_b_mode.smx] Loaded weapon mode: krisssvd -> v_dualkrisssvd.mdl (Zoom: 0, OwnAmmo: 1, SeqAlt: 2, SeqOrig: 2, Sound: weapons/dualkriss/dualkriss-1.wav)
L 05/01/2026 - 22:30:36: [weapon_b_mode.smx] Loaded 1 weapon modes
L 05/01/2026 - 22:30:43: [weapon_b_mode.smx] Loaded weapon mode: krisssvd -> v_dualkrisssvd.mdl (Zoom: 0, OwnAmmo: 1, SeqAlt: 2, SeqOrig: 2, Sound: weapons/dualkriss/dualkriss-1.wav)
L 05/01/2026 - 22:30:43: [weapon_b_mode.smx] Loaded 1 weapon modes
L 05/01/2026 - 22:30:43: [weapon_b_mode.smx] Precached model: models/weapons/v_dualkrisssvd.mdl
L 05/01/2026 - 22:30:43: [weapon_b_mode.smx] Precached sound: weapons/dualkriss/dualkriss-1.wav
L 05/01/2026 - 22:33:34: Log file closed.
L 05/01/2026 - 22:34:01: SourceMod log file session started (file "d:\game\csspb\cstrike\addons\sourcemod\logs\L20260501.log") (Version "1.11.0.6970")
L 05/01/2026 - 22:34:01: [weapon_b_mode.smx] Loaded weapon mode: krisssvd -> v_dualkrisssvd.mdl (Zoom: 0, OwnAmmo: 1, SeqAlt: 2, SeqOrig: 2, Sound: weapons/dualkriss/dualkriss-1.wav)
L 05/01/2026 - 22:34:01: [weapon_b_mode.smx] Loaded 1 weapon modes
L 05/01/2026 - 22:34:02: [weapon_b_mode.smx] Loaded weapon mode: krisssvd -> v_dualkrisssvd.mdl (Zoom: 0, OwnAmmo: 1, SeqAlt: 2, SeqOrig: 2, Sound: weapons/dualkriss/dualkriss-1.wav)
L 05/01/2026 - 22:34:02: [weapon_b_mode.smx] Loaded 1 weapon modes
L 05/01/2026 - 22:34:02: [weapon_b_mode.smx] Precached model: models/weapons/v_dualkrisssvd.mdl
L 05/01/2026 - 22:34:02: [weapon_b_mode.smx] Precached sound: weapons/dualkriss/dualkriss-1.wav
L 05/01/2026 - 22:36:38: Log file closed.
L 05/01/2026 - 22:37:13: SourceMod log file session started (file "d:\game\csspb\cstrike\addons\sourcemod\logs\L20260501.log") (Version "1.11.0.6970")
L 05/01/2026 - 22:37:13: [weapon_b_mode.smx] Loaded weapon mode: krisssvd -> v_dualkrisssvd.mdl (Zoom: 0, OwnAmmo: 1, SeqAlt: 2, SeqOrig: 2, Sound: weapons/dualkriss/dualkriss-1.wav)
L 05/01/2026 - 22:37:13: [weapon_b_mode.smx] Loaded 1 weapon modes
L 05/01/2026 - 22:37:14: [weapon_b_mode.smx] Loaded weapon mode: krisssvd -> v_dualkrisssvd.mdl (Zoom: 0, OwnAmmo: 1, SeqAlt: 2, SeqOrig: 2, Sound: weapons/dualkriss/dualkriss-1.wav)
L 05/01/2026 - 22:37:14: [weapon_b_mode.smx] Loaded 1 weapon modes
L 05/01/2026 - 22:37:14: [weapon_b_mode.smx] Precached model: models/weapons/v_dualkrisssvd.mdl
L 05/01/2026 - 22:37:14: [weapon_b_mode.smx] Precached sound: weapons/dualkriss/dualkriss-1.wav
L 05/01/2026 - 22:39:34: Log file closed.
