L 04/26/2026 - 22:48:31: SourceMod log file session started (file "D:\Game\CSSPB\cstrike\addons\sourcemod\logs\L20260426.log") (Version "1.11.0.6970")
L 04/26/2026 - 22:48:31: [weapon_b_mode.smx] Loaded weapon mode: krisssvd -> v_dualkrisssvd.mdl (Zoom: 0, OwnAmmo: 1, SeqAlt: 2, SeqOrig: 2, Sound: weapons/dualkriss/dualkriss-1.wav)
L 04/26/2026 - 22:48:31: [weapon_b_mode.smx] Loaded 1 weapon modes
L 04/26/2026 - 22:48:38: [weapon_b_mode.smx] Loaded weapon mode: krisssvd -> v_dualkrisssvd.mdl (Zoom: 0, OwnAmmo: 1, SeqAlt: 2, SeqOrig: 2, Sound: weapons/dualkriss/dualkriss-1.wav)
L 04/26/2026 - 22:48:38: [weapon_b_mode.smx] Loaded 1 weapon modes
L 04/26/2026 - 22:48:38: [weapon_b_mode.smx] Precached model: models/weapons/v_dualkrisssvd.mdl
L 04/26/2026 - 22:48:38: [weapon_b_mode.smx] Precached sound: weapons/dualkriss/dualkriss-1.wav
L 04/26/2026 - 22:49:29: Log file closed.
L 04/26/2026 - 22:50:18: SourceMod log file session started (file "D:\Game\CSSPB\cstrike\addons\sourcemod\logs\L20260426.log") (Version "1.11.0.6970")
L 04/26/2026 - 22:50:18: [weapon_b_mode.smx] Loaded weapon mode: krisssvd -> v_dualkrisssvd.mdl (Zoom: 0, OwnAmmo: 1, SeqAlt: 2, SeqOrig: 2, Sound: weapons/dualkriss/dualkriss-1.wav)
L 04/26/2026 - 22:50:18: [weapon_b_mode.smx] Loaded 1 weapon modes
L 04/26/2026 - 22:50:19: [weapon_b_mode.smx] Loaded weapon mode: krisssvd -> v_dualkrisssvd.mdl (Zoom: 0, OwnAmmo: 1, SeqAlt: 2, SeqOrig: 2, Sound: weapons/dualkriss/dualkriss-1.wav)
L 04/26/2026 - 22:50:19: [weapon_b_mode.smx] Loaded 1 weapon modes
L 04/26/2026 - 22:50:19: [weapon_b_mode.smx] Precached model: models/weapons/v_dualkrisssvd.mdl
L 04/26/2026 - 22:50:20: [weapon_b_mode.smx] Precached sound: weapons/dualkriss/dualkriss-1.wav
L 04/26/2026 - 22:53:05: Log file closed.
L 04/26/2026 - 22:55:27: SourceMod log file session started (file "D:\Game\CSSPB\cstrike\addons\sourcemod\logs\L20260426.log") (Version "1.11.0.6970")
L 04/26/2026 - 22:55:27: [weapon_b_mode.smx] Loaded weapon mode: krisssvd -> v_dualkrisssvd.mdl (Zoom: 0, OwnAmmo: 1, SeqAlt: 2, SeqOrig: 2, Sound: weapons/dualkriss/dualkriss-1.wav)
L 04/26/2026 - 22:55:27: [weapon_b_mode.smx] Loaded 1 weapon modes
L 04/26/2026 - 22:55:28: [weapon_b_mode.smx] Loaded weapon mode: krisssvd -> v_dualkrisssvd.mdl (Zoom: 0, OwnAmmo: 1, SeqAlt: 2, SeqOrig: 2, Sound: weapons/dualkriss/dualkriss-1.wav)
L 04/26/2026 - 22:55:28: [weapon_b_mode.smx] Loaded 1 weapon modes
L 04/26/2026 - 22:55:28: [weapon_b_mode.smx] Precached model: models/weapons/v_dualkrisssvd.mdl
L 04/26/2026 - 22:55:28: [weapon_b_mode.smx] Precached sound: weapons/dualkriss/dualkriss-1.wav
L 04/26/2026 - 22:58:13: Log file closed.
L 04/26/2026 - 23:19:16: SourceMod log file session started (file "D:\Game\CSSPB\cstrike\addons\sourcemod\logs\L20260426.log") (Version "1.11.0.6970")
L 04/26/2026 - 23:19:16: [weapon_b_mode.smx] Loaded weapon mode: krisssvd -> v_dualkrisssvd.mdl (Zoom: 0, OwnAmmo: 1, SeqAlt: 2, SeqOrig: 2, Sound: weapons/dualkriss/dualkriss-1.wav)
L 04/26/2026 - 23:19:16: [weapon_b_mode.smx] Loaded 1 weapon modes
L 04/26/2026 - 23:19:18: [weapon_b_mode.smx] Loaded weapon mode: krisssvd -> v_dualkrisssvd.mdl (Zoom: 0, OwnAmmo: 1, SeqAlt: 2, SeqOrig: 2, Sound: weapons/dualkriss/dualkriss-1.wav)
L 04/26/2026 - 23:19:18: [weapon_b_mode.smx] Loaded 1 weapon modes
L 04/26/2026 - 23:19:18: [weapon_b_mode.smx] Precached model: models/weapons/v_dualkrisssvd.mdl
L 04/26/2026 - 23:19:18: [weapon_b_mode.smx] Precached sound: weapons/dualkriss/dualkriss-1.wav
L 04/26/2026 - 23:21:02: Log file closed.
L 04/26/2026 - 23:33:23: SourceMod log file session started (file "D:\Game\CSSPB\cstrike\addons\sourcemod\logs\L20260426.log") (Version "1.11.0.6970")
L 04/26/2026 - 23:33:23: [weapon_b_mode.smx] Loaded weapon mode: krisssvd -> v_dualkrisssvd.mdl (Zoom: 0, OwnAmmo: 1, SeqAlt: 2, SeqOrig: 2, Sound: weapons/dualkriss/dualkriss-1.wav)
L 04/26/2026 - 23:33:23: [weapon_b_mode.smx] Loaded 1 weapon modes
L 04/26/2026 - 23:33:25: [weapon_b_mode.smx] Loaded weapon mode: krisssvd -> v_dualkrisssvd.mdl (Zoom: 0, OwnAmmo: 1, SeqAlt: 2, SeqOrig: 2, Sound: weapons/dualkriss/dualkriss-1.wav)
L 04/26/2026 - 23:33:25: [weapon_b_mode.smx] Loaded 1 weapon modes
L 04/26/2026 - 23:33:25: [weapon_b_mode.smx] Precached model: models/weapons/v_dualkrisssvd.mdl
L 04/26/2026 - 23:33:25: [weapon_b_mode.smx] Precached sound: weapons/dualkriss/dualkriss-1.wav
L 04/26/2026 - 23:34:52: Log file closed.
L 04/26/2026 - 23:36:53: SourceMod log file session started (file "D:\Game\CSSPB\cstrike\addons\sourcemod\logs\L20260426.log") (Version "1.11.0.6970")
L 04/26/2026 - 23:36:53: [weapon_b_mode.smx] Loaded weapon mode: krisssvd -> v_dualkrisssvd.mdl (Zoom: 0, OwnAmmo: 1, SeqAlt: 2, SeqOrig: 2, Sound: weapons/dualkriss/dualkriss-1.wav)
L 04/26/2026 - 23:36:53: [weapon_b_mode.smx] Loaded 1 weapon modes
L 04/26/2026 - 23:36:54: [weapon_b_mode.smx] Loaded weapon mode: krisssvd -> v_dualkrisssvd.mdl (Zoom: 0, OwnAmmo: 1, SeqAlt: 2, SeqOrig: 2, Sound: weapons/dualkriss/dualkriss-1.wav)
L 04/26/2026 - 23:36:54: [weapon_b_mode.smx] Loaded 1 weapon modes
L 04/26/2026 - 23:36:54: [weapon_b_mode.smx] Precached model: models/weapons/v_dualkrisssvd.mdl
L 04/26/2026 - 23:36:54: [weapon_b_mode.smx] Precached sound: weapons/dualkriss/dualkriss-1.wav
L 04/26/2026 - 23:37:27: Log file closed.
L 04/26/2026 - 23:51:25: SourceMod log file session started (file "D:\Game\CSSPB\cstrike\addons\sourcemod\logs\L20260426.log") (Version "1.11.0.6970")
L 04/26/2026 - 23:51:25: [weapon_b_mode.smx] Loaded weapon mode: krisssvd -> v_dualkrisssvd.mdl (Zoom: 0, OwnAmmo: 1, SeqAlt: 2, SeqOrig: 2, Sound: weapons/dualkriss/dualkriss-1.wav)
L 04/26/2026 - 23:51:25: [weapon_b_mode.smx] Loaded 1 weapon modes
L 04/26/2026 - 23:51:27: [weapon_b_mode.smx] Loaded weapon mode: krisssvd -> v_dualkrisssvd.mdl (Zoom: 0, OwnAmmo: 1, SeqAlt: 2, SeqOrig: 2, Sound: weapons/dualkriss/dualkriss-1.wav)
L 04/26/2026 - 23:51:27: [weapon_b_mode.smx] Loaded 1 weapon modes
L 04/26/2026 - 23:51:27: [weapon_b_mode.smx] Precached model: models/weapons/v_dualkrisssvd.mdl
L 04/26/2026 - 23:51:27: [weapon_b_mode.smx] Precached sound: weapons/dualkriss/dualkriss-1.wav
L 04/26/2026 - 23:54:24: Log file closed.
L 04/26/2026 - 23:54:55: SourceMod log file session started (file "D:\Game\CSSPB\cstrike\addons\sourcemod\logs\L20260426.log") (Version "1.11.0.6970")
L 04/26/2026 - 23:54:55: [weapon_b_mode.smx] Loaded weapon mode: krisssvd -> v_dualkrisssvd.mdl (Zoom: 0, OwnAmmo: 1, SeqAlt: 2, SeqOrig: 2, Sound: weapons/dualkriss/dualkriss-1.wav)
L 04/26/2026 - 23:54:55: [weapon_b_mode.smx] Loaded 1 weapon modes
L 04/26/2026 - 23:54:57: [weapon_b_mode.smx] Loaded weapon mode: krisssvd -> v_dualkrisssvd.mdl (Zoom: 0, OwnAmmo: 1, SeqAlt: 2, SeqOrig: 2, Sound: weapons/dualkriss/dualkriss-1.wav)
L 04/26/2026 - 23:54:57: [weapon_b_mode.smx] Loaded 1 weapon modes
L 04/26/2026 - 23:54:57: [weapon_b_mode.smx] Precached model: models/weapons/v_dualkrisssvd.mdl
L 04/26/2026 - 23:54:57: [weapon_b_mode.smx] Precached sound: weapons/dualkriss/dualkriss-1.wav
L 04/26/2026 - 23:57:22: Log file closed.
