L 04/21/2026 - 09:15:21: SourceMod log file session started (file "D:\Game\CSSPB\CSSPB\cstrike\addons\sourcemod\logs\L20260421.log") (Version "1.11.0.6970")
L 04/21/2026 - 09:15:21: [weapon_b_mode.smx] Loaded weapon mode: krisssvd -> v_dualkrisssvd.mdl (Zoom: 0, OwnAmmo: 1, SeqAlt: 2, SeqOrig: 2, Sound: weapons/dualkriss/dualkriss-1.wav)
L 04/21/2026 - 09:15:21: [weapon_b_mode.smx] Loaded 1 weapon modes
L 04/21/2026 - 09:15:25: [weapon_b_mode.smx] Loaded weapon mode: krisssvd -> v_dualkrisssvd.mdl (Zoom: 0, OwnAmmo: 1, SeqAlt: 2, SeqOrig: 2, Sound: weapons/dualkriss/dualkriss-1.wav)
L 04/21/2026 - 09:15:25: [weapon_b_mode.smx] Loaded 1 weapon modes
L 04/21/2026 - 09:15:25: [weapon_b_mode.smx] Precached model: models/weapons/v_dualkrisssvd.mdl
L 04/21/2026 - 09:15:25: [weapon_b_mode.smx] Precached sound: weapons/dualkriss/dualkriss-1.wav
L 04/21/2026 - 09:18:32: Log file closed.
L 04/21/2026 - 09:30:22: SourceMod log file session started (file "D:\Game\CSSPB\cstrike\addons\sourcemod\logs\L20260421.log") (Version "1.11.0.6970")
L 04/21/2026 - 09:30:22: [weapon_b_mode.smx] Loaded weapon mode: krisssvd -> v_dualkrisssvd.mdl (Zoom: 0, OwnAmmo: 1, SeqAlt: 2, SeqOrig: 2, Sound: weapons/dualkriss/dualkriss-1.wav)
L 04/21/2026 - 09:30:22: [weapon_b_mode.smx] Loaded 1 weapon modes
L 04/21/2026 - 09:30:23: [weapon_b_mode.smx] Loaded weapon mode: krisssvd -> v_dualkrisssvd.mdl (Zoom: 0, OwnAmmo: 1, SeqAlt: 2, SeqOrig: 2, Sound: weapons/dualkriss/dualkriss-1.wav)
L 04/21/2026 - 09:30:23: [weapon_b_mode.smx] Loaded 1 weapon modes
L 04/21/2026 - 09:30:23: [weapon_b_mode.smx] Precached model: models/weapons/v_dualkrisssvd.mdl
L 04/21/2026 - 09:30:23: [weapon_b_mode.smx] Precached sound: weapons/dualkriss/dualkriss-1.wav
L 04/21/2026 - 09:32:30: Log file closed.
L 04/21/2026 - 09:33:03: SourceMod log file session started (file "D:\Game\CSSPB\cstrike\addons\sourcemod\logs\L20260421.log") (Version "1.11.0.6970")
L 04/21/2026 - 09:33:03: [weapon_b_mode.smx] Loaded weapon mode: krisssvd -> v_dualkrisssvd.mdl (Zoom: 0, OwnAmmo: 1, SeqAlt: 2, SeqOrig: 2, Sound: weapons/dualkriss/dualkriss-1.wav)
L 04/21/2026 - 09:33:03: [weapon_b_mode.smx] Loaded 1 weapon modes
L 04/21/2026 - 09:33:05: [weapon_b_mode.smx] Loaded weapon mode: krisssvd -> v_dualkrisssvd.mdl (Zoom: 0, OwnAmmo: 1, SeqAlt: 2, SeqOrig: 2, Sound: weapons/dualkriss/dualkriss-1.wav)
L 04/21/2026 - 09:33:05: [weapon_b_mode.smx] Loaded 1 weapon modes
L 04/21/2026 - 09:33:05: [weapon_b_mode.smx] Precached model: models/weapons/v_dualkrisssvd.mdl
L 04/21/2026 - 09:33:05: [weapon_b_mode.smx] Precached sound: weapons/dualkriss/dualkriss-1.wav
L 04/21/2026 - 09:34:26: Log file closed.
L 04/21/2026 - 21:08:40: SourceMod log file session started (file "D:\Game\CSSPB\cstrike\addons\sourcemod\logs\L20260421.log") (Version "1.11.0.6970")
L 04/21/2026 - 21:08:40: [weapon_b_mode.smx] Loaded weapon mode: krisssvd -> v_dualkrisssvd.mdl (Zoom: 0, OwnAmmo: 1, SeqAlt: 2, SeqOrig: 2, Sound: weapons/dualkriss/dualkriss-1.wav)
L 04/21/2026 - 21:08:40: [weapon_b_mode.smx] Loaded 1 weapon modes
L 04/21/2026 - 21:08:45: [weapon_b_mode.smx] Loaded weapon mode: krisssvd -> v_dualkrisssvd.mdl (Zoom: 0, OwnAmmo: 1, SeqAlt: 2, SeqOrig: 2, Sound: weapons/dualkriss/dualkriss-1.wav)
L 04/21/2026 - 21:08:45: [weapon_b_mode.smx] Loaded 1 weapon modes
L 04/21/2026 - 21:08:45: [weapon_b_mode.smx] Precached model: models/weapons/v_dualkrisssvd.mdl
L 04/21/2026 - 21:08:45: [weapon_b_mode.smx] Precached sound: weapons/dualkriss/dualkriss-1.wav
L 04/21/2026 - 21:11:53: Log file closed.
L 04/21/2026 - 21:12:21: SourceMod log file session started (file "D:\Game\CSSPB\cstrike\addons\sourcemod\logs\L20260421.log") (Version "1.11.0.6970")
L 04/21/2026 - 21:12:21: [weapon_b_mode.smx] Loaded weapon mode: krisssvd -> v_dualkrisssvd.mdl (Zoom: 0, OwnAmmo: 1, SeqAlt: 2, SeqOrig: 2, Sound: weapons/dualkriss/dualkriss-1.wav)
L 04/21/2026 - 21:12:21: [weapon_b_mode.smx] Loaded 1 weapon modes
L 04/21/2026 - 21:12:23: [weapon_b_mode.smx] Loaded weapon mode: krisssvd -> v_dualkrisssvd.mdl (Zoom: 0, OwnAmmo: 1, SeqAlt: 2, SeqOrig: 2, Sound: weapons/dualkriss/dualkriss-1.wav)
L 04/21/2026 - 21:12:23: [weapon_b_mode.smx] Loaded 1 weapon modes
L 04/21/2026 - 21:12:23: [weapon_b_mode.smx] Precached model: models/weapons/v_dualkrisssvd.mdl
L 04/21/2026 - 21:12:23: [weapon_b_mode.smx] Precached sound: weapons/dualkriss/dualkriss-1.wav
L 04/21/2026 - 21:13:44: Log file closed.
L 04/21/2026 - 21:14:17: SourceMod log file session started (file "D:\Game\CSSPB\cstrike\addons\sourcemod\logs\L20260421.log") (Version "1.11.0.6970")
L 04/21/2026 - 21:14:17: [weapon_b_mode.smx] Loaded weapon mode: krisssvd -> v_dualkrisssvd.mdl (Zoom: 0, OwnAmmo: 1, SeqAlt: 2, SeqOrig: 2, Sound: weapons/dualkriss/dualkriss-1.wav)
L 04/21/2026 - 21:14:17: [weapon_b_mode.smx] Loaded 1 weapon modes
L 04/21/2026 - 21:14:18: [weapon_b_mode.smx] Loaded weapon mode: krisssvd -> v_dualkrisssvd.mdl (Zoom: 0, OwnAmmo: 1, SeqAlt: 2, SeqOrig: 2, Sound: weapons/dualkriss/dualkriss-1.wav)
L 04/21/2026 - 21:14:18: [weapon_b_mode.smx] Loaded 1 weapon modes
L 04/21/2026 - 21:14:18: [weapon_b_mode.smx] Precached model: models/weapons/v_dualkrisssvd.mdl
L 04/21/2026 - 21:14:18: [weapon_b_mode.smx] Precached sound: weapons/dualkriss/dualkriss-1.wav
L 04/21/2026 - 21:17:22: Log file closed.
