L 04/25/2026 - 11:50:30: SourceMod log file session started (file "D:\Game\CSSPB\cstrike\addons\sourcemod\logs\L20260425.log") (Version "1.11.0.6970")
L 04/25/2026 - 11:50:30: [weapon_b_mode.smx] Loaded weapon mode: krisssvd -> v_dualkrisssvd.mdl (Zoom: 0, OwnAmmo: 1, SeqAlt: 2, SeqOrig: 2, Sound: weapons/dualkriss/dualkriss-1.wav)
L 04/25/2026 - 11:50:30: [weapon_b_mode.smx] Loaded 1 weapon modes
L 04/25/2026 - 11:50:37: [weapon_b_mode.smx] Loaded weapon mode: krisssvd -> v_dualkrisssvd.mdl (Zoom: 0, OwnAmmo: 1, SeqAlt: 2, SeqOrig: 2, Sound: weapons/dualkriss/dualkriss-1.wav)
L 04/25/2026 - 11:50:37: [weapon_b_mode.smx] Loaded 1 weapon modes
L 04/25/2026 - 11:50:37: [weapon_b_mode.smx] Precached model: models/weapons/v_dualkrisssvd.mdl
L 04/25/2026 - 11:50:37: [weapon_b_mode.smx] Precached sound: weapons/dualkriss/dualkriss-1.wav
L 04/25/2026 - 11:53:51: Log file closed.
L 04/25/2026 - 11:54:19: SourceMod log file session started (file "D:\Game\CSSPB\cstrike\addons\sourcemod\logs\L20260425.log") (Version "1.11.0.6970")
L 04/25/2026 - 11:54:19: [weapon_b_mode.smx] Loaded weapon mode: krisssvd -> v_dualkrisssvd.mdl (Zoom: 0, OwnAmmo: 1, SeqAlt: 2, SeqOrig: 2, Sound: weapons/dualkriss/dualkriss-1.wav)
L 04/25/2026 - 11:54:19: [weapon_b_mode.smx] Loaded 1 weapon modes
L 04/25/2026 - 11:54:21: [weapon_b_mode.smx] Loaded weapon mode: krisssvd -> v_dualkrisssvd.mdl (Zoom: 0, OwnAmmo: 1, SeqAlt: 2, SeqOrig: 2, Sound: weapons/dualkriss/dualkriss-1.wav)
L 04/25/2026 - 11:54:21: [weapon_b_mode.smx] Loaded 1 weapon modes
L 04/25/2026 - 11:54:21: [weapon_b_mode.smx] Precached model: models/weapons/v_dualkrisssvd.mdl
L 04/25/2026 - 11:54:21: [weapon_b_mode.smx] Precached sound: weapons/dualkriss/dualkriss-1.wav
L 04/25/2026 - 11:56:35: Log file closed.
L 04/25/2026 - 11:57:49: SourceMod log file session started (file "D:\Game\CSSPB\cstrike\addons\sourcemod\logs\L20260425.log") (Version "1.11.0.6970")
L 04/25/2026 - 11:57:49: [weapon_b_mode.smx] Loaded weapon mode: krisssvd -> v_dualkrisssvd.mdl (Zoom: 0, OwnAmmo: 1, SeqAlt: 2, SeqOrig: 2, Sound: weapons/dualkriss/dualkriss-1.wav)
L 04/25/2026 - 11:57:49: [weapon_b_mode.smx] Loaded 1 weapon modes
L 04/25/2026 - 11:57:50: [weapon_b_mode.smx] Loaded weapon mode: krisssvd -> v_dualkrisssvd.mdl (Zoom: 0, OwnAmmo: 1, SeqAlt: 2, SeqOrig: 2, Sound: weapons/dualkriss/dualkriss-1.wav)
L 04/25/2026 - 11:57:50: [weapon_b_mode.smx] Loaded 1 weapon modes
L 04/25/2026 - 11:57:50: [weapon_b_mode.smx] Precached model: models/weapons/v_dualkrisssvd.mdl
L 04/25/2026 - 11:57:50: [weapon_b_mode.smx] Precached sound: weapons/dualkriss/dualkriss-1.wav
L 04/25/2026 - 12:00:21: Log file closed.
L 04/25/2026 - 19:54:07: SourceMod log file session started (file "D:\Game\CSSPB\cstrike\addons\sourcemod\logs\L20260425.log") (Version "1.11.0.6970")
L 04/25/2026 - 19:54:07: [weapon_b_mode.smx] Loaded weapon mode: krisssvd -> v_dualkrisssvd.mdl (Zoom: 0, OwnAmmo: 1, SeqAlt: 2, SeqOrig: 2, Sound: weapons/dualkriss/dualkriss-1.wav)
L 04/25/2026 - 19:54:07: [weapon_b_mode.smx] Loaded 1 weapon modes
L 04/25/2026 - 19:54:15: [weapon_b_mode.smx] Loaded weapon mode: krisssvd -> v_dualkrisssvd.mdl (Zoom: 0, OwnAmmo: 1, SeqAlt: 2, SeqOrig: 2, Sound: weapons/dualkriss/dualkriss-1.wav)
L 04/25/2026 - 19:54:15: [weapon_b_mode.smx] Loaded 1 weapon modes
L 04/25/2026 - 19:54:15: [weapon_b_mode.smx] Precached model: models/weapons/v_dualkrisssvd.mdl
L 04/25/2026 - 19:54:15: [weapon_b_mode.smx] Precached sound: weapons/dualkriss/dualkriss-1.wav
L 04/25/2026 - 19:57:48: Log file closed.
L 04/25/2026 - 20:06:25: SourceMod log file session started (file "D:\Game\CSSPB\cstrike\addons\sourcemod\logs\L20260425.log") (Version "1.11.0.6970")
L 04/25/2026 - 20:06:25: [weapon_b_mode.smx] Loaded weapon mode: krisssvd -> v_dualkrisssvd.mdl (Zoom: 0, OwnAmmo: 1, SeqAlt: 2, SeqOrig: 2, Sound: weapons/dualkriss/dualkriss-1.wav)
L 04/25/2026 - 20:06:25: [weapon_b_mode.smx] Loaded 1 weapon modes
L 04/25/2026 - 20:06:27: [weapon_b_mode.smx] Loaded weapon mode: krisssvd -> v_dualkrisssvd.mdl (Zoom: 0, OwnAmmo: 1, SeqAlt: 2, SeqOrig: 2, Sound: weapons/dualkriss/dualkriss-1.wav)
L 04/25/2026 - 20:06:27: [weapon_b_mode.smx] Loaded 1 weapon modes
L 04/25/2026 - 20:06:27: [weapon_b_mode.smx] Precached model: models/weapons/v_dualkrisssvd.mdl
L 04/25/2026 - 20:06:27: [weapon_b_mode.smx] Precached sound: weapons/dualkriss/dualkriss-1.wav
L 04/25/2026 - 20:13:42: Log file closed.
