L 04/24/2026 - 06:45:07: SourceMod log file session started (file "D:\Game\CSSPB\cstrike\addons\sourcemod\logs\L20260424.log") (Version "1.11.0.6970")
L 04/24/2026 - 06:45:07: [weapon_b_mode.smx] Loaded weapon mode: krisssvd -> v_dualkrisssvd.mdl (Zoom: 0, OwnAmmo: 1, SeqAlt: 2, SeqOrig: 2, Sound: weapons/dualkriss/dualkriss-1.wav)
L 04/24/2026 - 06:45:07: [weapon_b_mode.smx] Loaded 1 weapon modes
L 04/24/2026 - 06:45:14: [weapon_b_mode.smx] Loaded weapon mode: krisssvd -> v_dualkrisssvd.mdl (Zoom: 0, OwnAmmo: 1, SeqAlt: 2, SeqOrig: 2, Sound: weapons/dualkriss/dualkriss-1.wav)
L 04/24/2026 - 06:45:14: [weapon_b_mode.smx] Loaded 1 weapon modes
L 04/24/2026 - 06:45:14: [weapon_b_mode.smx] Precached model: models/weapons/v_dualkrisssvd.mdl
L 04/24/2026 - 06:45:14: [weapon_b_mode.smx] Precached sound: weapons/dualkriss/dualkriss-1.wav
L 04/24/2026 - 06:48:46: Log file closed.
L 04/24/2026 - 06:54:51: SourceMod log file session started (file "D:\Game\CSSPB\cstrike\addons\sourcemod\logs\L20260424.log") (Version "1.11.0.6970")
L 04/24/2026 - 06:54:51: [weapon_b_mode.smx] Loaded weapon mode: krisssvd -> v_dualkrisssvd.mdl (Zoom: 0, OwnAmmo: 1, SeqAlt: 2, SeqOrig: 2, Sound: weapons/dualkriss/dualkriss-1.wav)
L 04/24/2026 - 06:54:51: [weapon_b_mode.smx] Loaded 1 weapon modes
L 04/24/2026 - 06:54:56: [weapon_b_mode.smx] Loaded weapon mode: krisssvd -> v_dualkrisssvd.mdl (Zoom: 0, OwnAmmo: 1, SeqAlt: 2, SeqOrig: 2, Sound: weapons/dualkriss/dualkriss-1.wav)
L 04/24/2026 - 06:54:56: [weapon_b_mode.smx] Loaded 1 weapon modes
L 04/24/2026 - 06:54:56: [weapon_b_mode.smx] Precached model: models/weapons/v_dualkrisssvd.mdl
L 04/24/2026 - 06:54:56: [weapon_b_mode.smx] Precached sound: weapons/dualkriss/dualkriss-1.wav
L 04/24/2026 - 06:57:22: Log file closed.
L 04/24/2026 - 06:57:44: SourceMod log file session started (file "D:\Game\CSSPB\cstrike\addons\sourcemod\logs\L20260424.log") (Version "1.11.0.6970")
L 04/24/2026 - 06:57:44: [weapon_b_mode.smx] Loaded weapon mode: krisssvd -> v_dualkrisssvd.mdl (Zoom: 0, OwnAmmo: 1, SeqAlt: 2, SeqOrig: 2, Sound: weapons/dualkriss/dualkriss-1.wav)
L 04/24/2026 - 06:57:44: [weapon_b_mode.smx] Loaded 1 weapon modes
L 04/24/2026 - 06:57:45: [weapon_b_mode.smx] Loaded weapon mode: krisssvd -> v_dualkrisssvd.mdl (Zoom: 0, OwnAmmo: 1, SeqAlt: 2, SeqOrig: 2, Sound: weapons/dualkriss/dualkriss-1.wav)
L 04/24/2026 - 06:57:45: [weapon_b_mode.smx] Loaded 1 weapon modes
L 04/24/2026 - 06:57:45: [weapon_b_mode.smx] Precached model: models/weapons/v_dualkrisssvd.mdl
L 04/24/2026 - 06:57:45: [weapon_b_mode.smx] Precached sound: weapons/dualkriss/dualkriss-1.wav
L 04/24/2026 - 06:57:56: Log file closed.
L 04/24/2026 - 06:58:20: SourceMod log file session started (file "D:\Game\CSSPB\cstrike\addons\sourcemod\logs\L20260424.log") (Version "1.11.0.6970")
L 04/24/2026 - 06:58:20: [weapon_b_mode.smx] Loaded weapon mode: krisssvd -> v_dualkrisssvd.mdl (Zoom: 0, OwnAmmo: 1, SeqAlt: 2, SeqOrig: 2, Sound: weapons/dualkriss/dualkriss-1.wav)
L 04/24/2026 - 06:58:20: [weapon_b_mode.smx] Loaded 1 weapon modes
L 04/24/2026 - 06:58:21: [weapon_b_mode.smx] Loaded weapon mode: krisssvd -> v_dualkrisssvd.mdl (Zoom: 0, OwnAmmo: 1, SeqAlt: 2, SeqOrig: 2, Sound: weapons/dualkriss/dualkriss-1.wav)
L 04/24/2026 - 06:58:21: [weapon_b_mode.smx] Loaded 1 weapon modes
L 04/24/2026 - 06:58:21: [weapon_b_mode.smx] Precached model: models/weapons/v_dualkrisssvd.mdl
L 04/24/2026 - 06:58:21: [weapon_b_mode.smx] Precached sound: weapons/dualkriss/dualkriss-1.wav
L 04/24/2026 - 06:58:45: Log file closed.
L 04/24/2026 - 06:59:09: SourceMod log file session started (file "D:\Game\CSSPB\cstrike\addons\sourcemod\logs\L20260424.log") (Version "1.11.0.6970")
L 04/24/2026 - 06:59:09: [weapon_b_mode.smx] Loaded weapon mode: krisssvd -> v_dualkrisssvd.mdl (Zoom: 0, OwnAmmo: 1, SeqAlt: 2, SeqOrig: 2, Sound: weapons/dualkriss/dualkriss-1.wav)
L 04/24/2026 - 06:59:09: [weapon_b_mode.smx] Loaded 1 weapon modes
L 04/24/2026 - 06:59:10: [weapon_b_mode.smx] Loaded weapon mode: krisssvd -> v_dualkrisssvd.mdl (Zoom: 0, OwnAmmo: 1, SeqAlt: 2, SeqOrig: 2, Sound: weapons/dualkriss/dualkriss-1.wav)
L 04/24/2026 - 06:59:10: [weapon_b_mode.smx] Loaded 1 weapon modes
L 04/24/2026 - 06:59:10: [weapon_b_mode.smx] Precached model: models/weapons/v_dualkrisssvd.mdl
L 04/24/2026 - 06:59:10: [weapon_b_mode.smx] Precached sound: weapons/dualkriss/dualkriss-1.wav
L 04/24/2026 - 06:59:39: Log file closed.
L 04/24/2026 - 07:02:56: SourceMod log file session started (file "D:\Game\CSSPB\cstrike\addons\sourcemod\logs\L20260424.log") (Version "1.11.0.6970")
L 04/24/2026 - 07:02:56: [weapon_b_mode.smx] Loaded weapon mode: krisssvd -> v_dualkrisssvd.mdl (Zoom: 0, OwnAmmo: 1, SeqAlt: 2, SeqOrig: 2, Sound: weapons/dualkriss/dualkriss-1.wav)
L 04/24/2026 - 07:02:56: [weapon_b_mode.smx] Loaded 1 weapon modes
L 04/24/2026 - 07:02:58: [weapon_b_mode.smx] Loaded weapon mode: krisssvd -> v_dualkrisssvd.mdl (Zoom: 0, OwnAmmo: 1, SeqAlt: 2, SeqOrig: 2, Sound: weapons/dualkriss/dualkriss-1.wav)
L 04/24/2026 - 07:02:58: [weapon_b_mode.smx] Loaded 1 weapon modes
L 04/24/2026 - 07:02:58: [weapon_b_mode.smx] Precached model: models/weapons/v_dualkrisssvd.mdl
L 04/24/2026 - 07:02:58: [weapon_b_mode.smx] Precached sound: weapons/dualkriss/dualkriss-1.wav
L 04/24/2026 - 07:03:06: Log file closed.
L 04/24/2026 - 07:03:44: SourceMod log file session started (file "D:\Game\CSSPB\cstrike\addons\sourcemod\logs\L20260424.log") (Version "1.11.0.6970")
L 04/24/2026 - 07:03:44: [weapon_b_mode.smx] Loaded weapon mode: krisssvd -> v_dualkrisssvd.mdl (Zoom: 0, OwnAmmo: 1, SeqAlt: 2, SeqOrig: 2, Sound: weapons/dualkriss/dualkriss-1.wav)
L 04/24/2026 - 07:03:44: [weapon_b_mode.smx] Loaded 1 weapon modes
L 04/24/2026 - 07:03:45: [weapon_b_mode.smx] Loaded weapon mode: krisssvd -> v_dualkrisssvd.mdl (Zoom: 0, OwnAmmo: 1, SeqAlt: 2, SeqOrig: 2, Sound: weapons/dualkriss/dualkriss-1.wav)
L 04/24/2026 - 07:03:45: [weapon_b_mode.smx] Loaded 1 weapon modes
L 04/24/2026 - 07:03:45: [weapon_b_mode.smx] Precached model: models/weapons/v_dualkrisssvd.mdl
L 04/24/2026 - 07:03:45: [weapon_b_mode.smx] Precached sound: weapons/dualkriss/dualkriss-1.wav
L 04/24/2026 - 07:04:01: Log file closed.
L 04/24/2026 - 07:10:30: SourceMod log file session started (file "D:\Game\CSSPB\cstrike\addons\sourcemod\logs\L20260424.log") (Version "1.11.0.6970")
L 04/24/2026 - 07:10:30: [weapon_b_mode.smx] Loaded weapon mode: krisssvd -> v_dualkrisssvd.mdl (Zoom: 0, OwnAmmo: 1, SeqAlt: 2, SeqOrig: 2, Sound: weapons/dualkriss/dualkriss-1.wav)
L 04/24/2026 - 07:10:30: [weapon_b_mode.smx] Loaded 1 weapon modes
L 04/24/2026 - 07:10:36: [weapon_b_mode.smx] Loaded weapon mode: krisssvd -> v_dualkrisssvd.mdl (Zoom: 0, OwnAmmo: 1, SeqAlt: 2, SeqOrig: 2, Sound: weapons/dualkriss/dualkriss-1.wav)
L 04/24/2026 - 07:10:36: [weapon_b_mode.smx] Loaded 1 weapon modes
L 04/24/2026 - 07:10:36: [weapon_b_mode.smx] Precached model: models/weapons/v_dualkrisssvd.mdl
L 04/24/2026 - 07:10:36: [weapon_b_mode.smx] Precached sound: weapons/dualkriss/dualkriss-1.wav
L 04/24/2026 - 07:10:54: Log file closed.
L 04/24/2026 - 07:11:41: SourceMod log file session started (file "D:\Game\CSSPB\cstrike\addons\sourcemod\logs\L20260424.log") (Version "1.11.0.6970")
L 04/24/2026 - 07:11:41: [weapon_b_mode.smx] Loaded weapon mode: krisssvd -> v_dualkrisssvd.mdl (Zoom: 0, OwnAmmo: 1, SeqAlt: 2, SeqOrig: 2, Sound: weapons/dualkriss/dualkriss-1.wav)
L 04/24/2026 - 07:11:41: [weapon_b_mode.smx] Loaded 1 weapon modes
L 04/24/2026 - 07:11:43: [weapon_b_mode.smx] Loaded weapon mode: krisssvd -> v_dualkrisssvd.mdl (Zoom: 0, OwnAmmo: 1, SeqAlt: 2, SeqOrig: 2, Sound: weapons/dualkriss/dualkriss-1.wav)
L 04/24/2026 - 07:11:43: [weapon_b_mode.smx] Loaded 1 weapon modes
L 04/24/2026 - 07:11:43: [weapon_b_mode.smx] Precached model: models/weapons/v_dualkrisssvd.mdl
L 04/24/2026 - 07:11:43: [weapon_b_mode.smx] Precached sound: weapons/dualkriss/dualkriss-1.wav
L 04/24/2026 - 07:13:28: Log file closed.
L 04/24/2026 - 07:19:15: SourceMod log file session started (file "D:\Game\CSSPB\cstrike\addons\sourcemod\logs\L20260424.log") (Version "1.11.0.6970")
L 04/24/2026 - 07:19:15: [weapon_b_mode.smx] Loaded weapon mode: krisssvd -> v_dualkrisssvd.mdl (Zoom: 0, OwnAmmo: 1, SeqAlt: 2, SeqOrig: 2, Sound: weapons/dualkriss/dualkriss-1.wav)
L 04/24/2026 - 07:19:15: [weapon_b_mode.smx] Loaded 1 weapon modes
L 04/24/2026 - 07:19:20: [weapon_b_mode.smx] Loaded weapon mode: krisssvd -> v_dualkrisssvd.mdl (Zoom: 0, OwnAmmo: 1, SeqAlt: 2, SeqOrig: 2, Sound: weapons/dualkriss/dualkriss-1.wav)
L 04/24/2026 - 07:19:20: [weapon_b_mode.smx] Loaded 1 weapon modes
L 04/24/2026 - 07:19:20: [weapon_b_mode.smx] Precached model: models/weapons/v_dualkrisssvd.mdl
L 04/24/2026 - 07:19:20: [weapon_b_mode.smx] Precached sound: weapons/dualkriss/dualkriss-1.wav
L 04/24/2026 - 07:22:24: Log file closed.
L 04/24/2026 - 07:23:13: SourceMod log file session started (file "D:\Game\CSSPB\cstrike\addons\sourcemod\logs\L20260424.log") (Version "1.11.0.6970")
L 04/24/2026 - 07:23:13: [weapon_b_mode.smx] Loaded weapon mode: krisssvd -> v_dualkrisssvd.mdl (Zoom: 0, OwnAmmo: 1, SeqAlt: 2, SeqOrig: 2, Sound: weapons/dualkriss/dualkriss-1.wav)
L 04/24/2026 - 07:23:13: [weapon_b_mode.smx] Loaded 1 weapon modes
L 04/24/2026 - 07:23:16: [weapon_b_mode.smx] Loaded weapon mode: krisssvd -> v_dualkrisssvd.mdl (Zoom: 0, OwnAmmo: 1, SeqAlt: 2, SeqOrig: 2, Sound: weapons/dualkriss/dualkriss-1.wav)
L 04/24/2026 - 07:23:16: [weapon_b_mode.smx] Loaded 1 weapon modes
L 04/24/2026 - 07:23:16: [weapon_b_mode.smx] Precached model: models/weapons/v_dualkrisssvd.mdl
L 04/24/2026 - 07:23:16: [weapon_b_mode.smx] Precached sound: weapons/dualkriss/dualkriss-1.wav
L 04/24/2026 - 07:24:09: Log file closed.
L 04/24/2026 - 07:24:39: SourceMod log file session started (file "D:\Game\CSSPB\cstrike\addons\sourcemod\logs\L20260424.log") (Version "1.11.0.6970")
L 04/24/2026 - 07:24:39: [weapon_b_mode.smx] Loaded weapon mode: krisssvd -> v_dualkrisssvd.mdl (Zoom: 0, OwnAmmo: 1, SeqAlt: 2, SeqOrig: 2, Sound: weapons/dualkriss/dualkriss-1.wav)
L 04/24/2026 - 07:24:39: [weapon_b_mode.smx] Loaded 1 weapon modes
L 04/24/2026 - 07:24:44: [weapon_b_mode.smx] Loaded weapon mode: krisssvd -> v_dualkrisssvd.mdl (Zoom: 0, OwnAmmo: 1, SeqAlt: 2, SeqOrig: 2, Sound: weapons/dualkriss/dualkriss-1.wav)
L 04/24/2026 - 07:24:44: [weapon_b_mode.smx] Loaded 1 weapon modes
L 04/24/2026 - 07:24:44: [weapon_b_mode.smx] Precached model: models/weapons/v_dualkrisssvd.mdl
L 04/24/2026 - 07:24:44: [weapon_b_mode.smx] Precached sound: weapons/dualkriss/dualkriss-1.wav
L 04/24/2026 - 07:25:49: Log file closed.
L 04/24/2026 - 07:28:17: SourceMod log file session started (file "D:\Game\CSSPB\cstrike\addons\sourcemod\logs\L20260424.log") (Version "1.11.0.6970")
L 04/24/2026 - 07:28:17: [weapon_b_mode.smx] Loaded weapon mode: krisssvd -> v_dualkrisssvd.mdl (Zoom: 0, OwnAmmo: 1, SeqAlt: 2, SeqOrig: 2, Sound: weapons/dualkriss/dualkriss-1.wav)
L 04/24/2026 - 07:28:18: [weapon_b_mode.smx] Loaded 1 weapon modes
L 04/24/2026 - 07:28:23: [weapon_b_mode.smx] Loaded weapon mode: krisssvd -> v_dualkrisssvd.mdl (Zoom: 0, OwnAmmo: 1, SeqAlt: 2, SeqOrig: 2, Sound: weapons/dualkriss/dualkriss-1.wav)
L 04/24/2026 - 07:28:24: [weapon_b_mode.smx] Loaded 1 weapon modes
L 04/24/2026 - 07:28:24: [weapon_b_mode.smx] Precached model: models/weapons/v_dualkrisssvd.mdl
L 04/24/2026 - 07:28:24: [weapon_b_mode.smx] Precached sound: weapons/dualkriss/dualkriss-1.wav
L 04/24/2026 - 07:29:04: Log file closed.
L 04/24/2026 - 07:29:28: SourceMod log file session started (file "D:\Game\CSSPB\cstrike\addons\sourcemod\logs\L20260424.log") (Version "1.11.0.6970")
L 04/24/2026 - 07:29:28: [weapon_b_mode.smx] Loaded weapon mode: krisssvd -> v_dualkrisssvd.mdl (Zoom: 0, OwnAmmo: 1, SeqAlt: 2, SeqOrig: 2, Sound: weapons/dualkriss/dualkriss-1.wav)
L 04/24/2026 - 07:29:28: [weapon_b_mode.smx] Loaded 1 weapon modes
L 04/24/2026 - 07:29:31: [weapon_b_mode.smx] Loaded weapon mode: krisssvd -> v_dualkrisssvd.mdl (Zoom: 0, OwnAmmo: 1, SeqAlt: 2, SeqOrig: 2, Sound: weapons/dualkriss/dualkriss-1.wav)
L 04/24/2026 - 07:29:31: [weapon_b_mode.smx] Loaded 1 weapon modes
L 04/24/2026 - 07:29:31: [weapon_b_mode.smx] Precached model: models/weapons/v_dualkrisssvd.mdl
L 04/24/2026 - 07:29:31: [weapon_b_mode.smx] Precached sound: weapons/dualkriss/dualkriss-1.wav
L 04/24/2026 - 07:30:04: Log file closed.
L 04/24/2026 - 07:30:29: SourceMod log file session started (file "D:\Game\CSSPB\cstrike\addons\sourcemod\logs\L20260424.log") (Version "1.11.0.6970")
L 04/24/2026 - 07:30:29: [weapon_b_mode.smx] Loaded weapon mode: krisssvd -> v_dualkrisssvd.mdl (Zoom: 0, OwnAmmo: 1, SeqAlt: 2, SeqOrig: 2, Sound: weapons/dualkriss/dualkriss-1.wav)
L 04/24/2026 - 07:30:29: [weapon_b_mode.smx] Loaded 1 weapon modes
L 04/24/2026 - 07:30:32: [weapon_b_mode.smx] Loaded weapon mode: krisssvd -> v_dualkrisssvd.mdl (Zoom: 0, OwnAmmo: 1, SeqAlt: 2, SeqOrig: 2, Sound: weapons/dualkriss/dualkriss-1.wav)
L 04/24/2026 - 07:30:32: [weapon_b_mode.smx] Loaded 1 weapon modes
L 04/24/2026 - 07:30:32: [weapon_b_mode.smx] Precached model: models/weapons/v_dualkrisssvd.mdl
L 04/24/2026 - 07:30:32: [weapon_b_mode.smx] Precached sound: weapons/dualkriss/dualkriss-1.wav
L 04/24/2026 - 07:31:47: Log file closed.
L 04/24/2026 - 07:32:25: SourceMod log file session started (file "D:\Game\CSSPB\cstrike\addons\sourcemod\logs\L20260424.log") (Version "1.11.0.6970")
L 04/24/2026 - 07:32:25: [weapon_b_mode.smx] Loaded weapon mode: krisssvd -> v_dualkrisssvd.mdl (Zoom: 0, OwnAmmo: 1, SeqAlt: 2, SeqOrig: 2, Sound: weapons/dualkriss/dualkriss-1.wav)
L 04/24/2026 - 07:32:25: [weapon_b_mode.smx] Loaded 1 weapon modes
L 04/24/2026 - 07:32:29: [weapon_b_mode.smx] Loaded weapon mode: krisssvd -> v_dualkrisssvd.mdl (Zoom: 0, OwnAmmo: 1, SeqAlt: 2, SeqOrig: 2, Sound: weapons/dualkriss/dualkriss-1.wav)
L 04/24/2026 - 07:32:29: [weapon_b_mode.smx] Loaded 1 weapon modes
L 04/24/2026 - 07:32:29: [weapon_b_mode.smx] Precached model: models/weapons/v_dualkrisssvd.mdl
L 04/24/2026 - 07:32:29: [weapon_b_mode.smx] Precached sound: weapons/dualkriss/dualkriss-1.wav
L 04/24/2026 - 07:35:42: Log file closed.
L 04/24/2026 - 07:43:08: SourceMod log file session started (file "D:\Game\CSSPB\cstrike\addons\sourcemod\logs\L20260424.log") (Version "1.11.0.6970")
L 04/24/2026 - 07:43:08: [weapon_b_mode.smx] Loaded weapon mode: krisssvd -> v_dualkrisssvd.mdl (Zoom: 0, OwnAmmo: 1, SeqAlt: 2, SeqOrig: 2, Sound: weapons/dualkriss/dualkriss-1.wav)
L 04/24/2026 - 07:43:08: [weapon_b_mode.smx] Loaded 1 weapon modes
L 04/24/2026 - 07:43:14: [weapon_b_mode.smx] Loaded weapon mode: krisssvd -> v_dualkrisssvd.mdl (Zoom: 0, OwnAmmo: 1, SeqAlt: 2, SeqOrig: 2, Sound: weapons/dualkriss/dualkriss-1.wav)
L 04/24/2026 - 07:43:14: [weapon_b_mode.smx] Loaded 1 weapon modes
L 04/24/2026 - 07:43:14: [weapon_b_mode.smx] Precached model: models/weapons/v_dualkrisssvd.mdl
L 04/24/2026 - 07:43:14: [weapon_b_mode.smx] Precached sound: weapons/dualkriss/dualkriss-1.wav
L 04/24/2026 - 07:44:15: Log file closed.
L 04/24/2026 - 07:47:48: SourceMod log file session started (file "D:\Game\CSSPB\cstrike\addons\sourcemod\logs\L20260424.log") (Version "1.11.0.6970")
L 04/24/2026 - 07:47:48: [weapon_b_mode.smx] Loaded weapon mode: krisssvd -> v_dualkrisssvd.mdl (Zoom: 0, OwnAmmo: 1, SeqAlt: 2, SeqOrig: 2, Sound: weapons/dualkriss/dualkriss-1.wav)
L 04/24/2026 - 07:47:48: [weapon_b_mode.smx] Loaded 1 weapon modes
L 04/24/2026 - 07:47:54: [weapon_b_mode.smx] Loaded weapon mode: krisssvd -> v_dualkrisssvd.mdl (Zoom: 0, OwnAmmo: 1, SeqAlt: 2, SeqOrig: 2, Sound: weapons/dualkriss/dualkriss-1.wav)
L 04/24/2026 - 07:47:54: [weapon_b_mode.smx] Loaded 1 weapon modes
L 04/24/2026 - 07:47:54: [weapon_b_mode.smx] Precached model: models/weapons/v_dualkrisssvd.mdl
L 04/24/2026 - 07:47:54: [weapon_b_mode.smx] Precached sound: weapons/dualkriss/dualkriss-1.wav
L 04/24/2026 - 07:51:51: Log file closed.
L 04/24/2026 - 07:52:27: SourceMod log file session started (file "D:\Game\CSSPB\cstrike\addons\sourcemod\logs\L20260424.log") (Version "1.11.0.6970")
L 04/24/2026 - 07:52:27: [weapon_b_mode.smx] Loaded weapon mode: krisssvd -> v_dualkrisssvd.mdl (Zoom: 0, OwnAmmo: 1, SeqAlt: 2, SeqOrig: 2, Sound: weapons/dualkriss/dualkriss-1.wav)
L 04/24/2026 - 07:52:27: [weapon_b_mode.smx] Loaded 1 weapon modes
L 04/24/2026 - 07:52:30: [weapon_b_mode.smx] Loaded weapon mode: krisssvd -> v_dualkrisssvd.mdl (Zoom: 0, OwnAmmo: 1, SeqAlt: 2, SeqOrig: 2, Sound: weapons/dualkriss/dualkriss-1.wav)
L 04/24/2026 - 07:52:30: [weapon_b_mode.smx] Loaded 1 weapon modes
L 04/24/2026 - 07:52:30: [weapon_b_mode.smx] Precached model: models/weapons/v_dualkrisssvd.mdl
L 04/24/2026 - 07:52:30: [weapon_b_mode.smx] Precached sound: weapons/dualkriss/dualkriss-1.wav
L 04/24/2026 - 07:54:23: Log file closed.
L 04/24/2026 - 07:55:39: SourceMod log file session started (file "D:\Game\CSSPB\cstrike\addons\sourcemod\logs\L20260424.log") (Version "1.11.0.6970")
L 04/24/2026 - 07:55:39: [weapon_b_mode.smx] Loaded weapon mode: krisssvd -> v_dualkrisssvd.mdl (Zoom: 0, OwnAmmo: 1, SeqAlt: 2, SeqOrig: 2, Sound: weapons/dualkriss/dualkriss-1.wav)
L 04/24/2026 - 07:55:39: [weapon_b_mode.smx] Loaded 1 weapon modes
L 04/24/2026 - 07:55:43: [weapon_b_mode.smx] Loaded weapon mode: krisssvd -> v_dualkrisssvd.mdl (Zoom: 0, OwnAmmo: 1, SeqAlt: 2, SeqOrig: 2, Sound: weapons/dualkriss/dualkriss-1.wav)
L 04/24/2026 - 07:55:43: [weapon_b_mode.smx] Loaded 1 weapon modes
L 04/24/2026 - 07:55:43: [weapon_b_mode.smx] Precached model: models/weapons/v_dualkrisssvd.mdl
L 04/24/2026 - 07:55:43: [weapon_b_mode.smx] Precached sound: weapons/dualkriss/dualkriss-1.wav
L 04/24/2026 - 07:57:51: Log file closed.
